 redis Pulling 
 rabbitmq Pulling 
 opensearch Pulling 
 f9dd052e142d Pulling fs layer 
 e8c6d4883897 Pulling fs layer 
 648eb81b3252 Pulling fs layer 
 eb77aa907276 Pulling fs layer 
 4f4fb700ef54 Pulling fs layer 
 0ffa8f8aba1e Pulling fs layer 
 2e81b9cb93cd Pulling fs layer 
 eb77aa907276 Waiting 
 4f4fb700ef54 Waiting 
 0ffa8f8aba1e Waiting 
 2e81b9cb93cd Waiting 
 4831516dd0cb Pulling fs layer 
 47a60771af96 Pulling fs layer 
 7b28be0c8c4d Pulling fs layer 
 edcaff0d5e7e Pulling fs layer 
 22dca8215bc4 Pulling fs layer 
 bbf018d6d4b8 Pulling fs layer 
 4f4fb700ef54 Pulling fs layer 
 c5761dea9b0e Pulling fs layer 
 22dca8215bc4 Waiting 
 bbf018d6d4b8 Waiting 
 4f4fb700ef54 Waiting 
 c5761dea9b0e Waiting 
 47a60771af96 Waiting 
 7b28be0c8c4d Waiting 
 edcaff0d5e7e Waiting 
 4831516dd0cb Waiting 
 20043066d3d5 Pulling fs layer 
 3fadc669ef11 Pulling fs layer 
 7084ac8f4ab6 Pulling fs layer 
 beb0d870d438 Pulling fs layer 
 d63c4408fdb7 Pulling fs layer 
 efa05c660812 Pulling fs layer 
 f4e7f62f4b80 Pulling fs layer 
 5e1c03b67a78 Pulling fs layer 
 14e6209d5fa8 Pulling fs layer 
 d686b50ce172 Pulling fs layer 
 3fadc669ef11 Waiting 
 7084ac8f4ab6 Waiting 
 beb0d870d438 Waiting 
 d63c4408fdb7 Waiting 
 f4e7f62f4b80 Waiting 
 efa05c660812 Waiting 
 20043066d3d5 Waiting 
 5e1c03b67a78 Waiting 
 14e6209d5fa8 Waiting 
 d686b50ce172 Waiting 
 e8c6d4883897 Downloading [>                                                  ]  44.92kB/4.398MB
 648eb81b3252 Downloading [=======================>                           ]     720B/1.561kB
 648eb81b3252 Downloading [==================================================>]  1.561kB/1.561kB
 648eb81b3252 Verifying Checksum 
 648eb81b3252 Download complete 
 f9dd052e142d Downloading [>                                                  ]  528.2kB/52.33MB
 e8c6d4883897 Verifying Checksum 
 e8c6d4883897 Download complete 
 eb77aa907276 Downloading [>                                                  ]  540.7kB/907.7MB
 4f4fb700ef54 Downloading [==================================================>]      32B/32B
 4f4fb700ef54 Verifying Checksum 
 4f4fb700ef54 Download complete 
 f9dd052e142d Downloading [=====================>                             ]  22.18MB/52.33MB
 eb77aa907276 Downloading [=>                                                 ]  24.66MB/907.7MB
 f9dd052e142d Downloading [============================>                      ]  29.56MB/52.33MB
 0ffa8f8aba1e Downloading [==================================================>]     226B/226B
 0ffa8f8aba1e Download complete 
 eb77aa907276 Downloading [==>                                                ]  48.75MB/907.7MB
 f9dd052e142d Downloading [=============================================>     ]  48.09MB/52.33MB
 2e81b9cb93cd Downloading [===================>                               ]     708B/1.859kB
 2e81b9cb93cd Downloading [==================================================>]  1.859kB/1.859kB
 2e81b9cb93cd Verifying Checksum 
 2e81b9cb93cd Download complete 
 f9dd052e142d Verifying Checksum 
 f9dd052e142d Download complete 
 f9dd052e142d Extracting [>                                                  ]  524.3kB/52.33MB
 eb77aa907276 Downloading [===>                                               ]  71.81MB/907.7MB
 4831516dd0cb Downloading [>                                                  ]  287.9kB/28.23MB
 47a60771af96 Downloading [================================>                  ]     719B/1.105kB
 47a60771af96 Downloading [==================================================>]  1.105kB/1.105kB
 47a60771af96 Verifying Checksum 
 47a60771af96 Download complete 
 f9dd052e142d Extracting [=>                                                 ]  1.573MB/52.33MB
 7b28be0c8c4d Downloading [=======================================>           ]     688B/874B
 7b28be0c8c4d Downloading [==================================================>]     874B/874B
 7b28be0c8c4d Verifying Checksum 
 7b28be0c8c4d Download complete 
 eb77aa907276 Downloading [=====>                                             ]  96.43MB/907.7MB
 4831516dd0cb Downloading [============================>                      ]  15.92MB/28.23MB
 edcaff0d5e7e Downloading [>                                                  ]  15.74kB/1.438MB
 4831516dd0cb Verifying Checksum 
 4831516dd0cb Download complete 
 edcaff0d5e7e Verifying Checksum 
 edcaff0d5e7e Download complete 
 eb77aa907276 Downloading [======>                                            ]  117.3MB/907.7MB
 4831516dd0cb Extracting [>                                                  ]  294.9kB/28.23MB
 f9dd052e142d Extracting [====>                                              ]  4.719MB/52.33MB
 bbf018d6d4b8 Downloading [==================================================>]      97B/97B
 bbf018d6d4b8 Verifying Checksum 
 bbf018d6d4b8 Download complete 
 22dca8215bc4 Downloading [>                                                  ]  155.6kB/15.35MB
 eb77aa907276 Downloading [=======>                                           ]  143.5MB/907.7MB
 4831516dd0cb Extracting [=======>                                           ]  4.424MB/28.23MB
 4f4fb700ef54 Downloading [==================================================>]      32B/32B
 4f4fb700ef54 Verifying Checksum 
 4f4fb700ef54 Download complete 
 f9dd052e142d Extracting [=====>                                             ]  5.243MB/52.33MB
 22dca8215bc4 Verifying Checksum 
 22dca8215bc4 Download complete 
 eb77aa907276 Downloading [=========>                                         ]  170.3MB/907.7MB
 4831516dd0cb Extracting [=============>                                     ]  7.373MB/28.23MB
 c5761dea9b0e Downloading [==================================================>]     573B/573B
 c5761dea9b0e Verifying Checksum 
 c5761dea9b0e Download complete 
 f9dd052e142d Extracting [========>                                          ]  8.389MB/52.33MB
 20043066d3d5 Downloading [>                                                  ]  304.2kB/29.72MB
 eb77aa907276 Downloading [==========>                                        ]  190.7MB/907.7MB
 4831516dd0cb Extracting [================>                                  ]  9.437MB/28.23MB
 3fadc669ef11 Downloading [>                                                  ]  437.4kB/43.48MB
 20043066d3d5 Downloading [========================>                          ]  14.44MB/29.72MB
 f9dd052e142d Extracting [=============>                                     ]  13.63MB/52.33MB
 eb77aa907276 Downloading [===========>                                       ]  201.9MB/907.7MB
 3fadc669ef11 Downloading [=============================>                     ]  25.68MB/43.48MB
 4831516dd0cb Extracting [===================>                               ]  11.21MB/28.23MB
 20043066d3d5 Downloading [=====================================>             ]   22.4MB/29.72MB
 f9dd052e142d Extracting [=================>                                 ]  17.83MB/52.33MB
 3fadc669ef11 Verifying Checksum 
 3fadc669ef11 Download complete 
 eb77aa907276 Downloading [============>                                      ]  219.6MB/907.7MB
 4831516dd0cb Extracting [===========================>                       ]  15.34MB/28.23MB
 20043066d3d5 Downloading [=============================================>     ]   27.3MB/29.72MB
 f9dd052e142d Extracting [======================>                            ]  23.59MB/52.33MB
 7084ac8f4ab6 Downloading [>                                                  ]  75.62kB/7.468MB
 20043066d3d5 Verifying Checksum 
 20043066d3d5 Download complete 
 eb77aa907276 Downloading [=============>                                     ]  238.3MB/907.7MB
 7084ac8f4ab6 Downloading [==================================================>]  7.468MB/7.468MB
 7084ac8f4ab6 Verifying Checksum 
 7084ac8f4ab6 Download complete 
 4831516dd0cb Extracting [==================================>                ]  19.76MB/28.23MB
 20043066d3d5 Extracting [>                                                  ]  327.7kB/29.72MB
 beb0d870d438 Downloading [===>                                               ]     720B/9.462kB
 beb0d870d438 Downloading [==================================================>]  9.462kB/9.462kB
 beb0d870d438 Verifying Checksum 
 beb0d870d438 Download complete 
 eb77aa907276 Downloading [==============>                                    ]  266.1MB/907.7MB
 f9dd052e142d Extracting [=========================>                         ]  26.74MB/52.33MB
 d63c4408fdb7 Downloading [>                                                  ]  213.7kB/21.31MB
 4831516dd0cb Extracting [=========================================>         ]   23.3MB/28.23MB
 efa05c660812 Downloading [==================================================>]     189B/189B
 efa05c660812 Verifying Checksum 
 efa05c660812 Download complete 
 20043066d3d5 Extracting [=====>                                             ]  3.277MB/29.72MB
 eb77aa907276 Downloading [===============>                                   ]  287.6MB/907.7MB
 f9dd052e142d Extracting [==========================>                        ]  27.79MB/52.33MB
 d63c4408fdb7 Downloading [================================================>  ]  20.59MB/21.31MB
 d63c4408fdb7 Verifying Checksum 
 d63c4408fdb7 Download complete 
 f4e7f62f4b80 Downloading [==================================================>]     109B/109B
 f4e7f62f4b80 Verifying Checksum 
 f4e7f62f4b80 Download complete 
 20043066d3d5 Extracting [=========>                                         ]  5.898MB/29.72MB
 eb77aa907276 Downloading [================>                                  ]  306.4MB/907.7MB
 5e1c03b67a78 Downloading [==================================================>]     620B/620B
 5e1c03b67a78 Verifying Checksum 
 5e1c03b67a78 Download complete 
 f9dd052e142d Extracting [===========================>                       ]  28.84MB/52.33MB
 4831516dd0cb Extracting [==========================================>        ]  23.89MB/28.23MB
 eb77aa907276 Downloading [==================>                                ]  327.8MB/907.7MB
 20043066d3d5 Extracting [=============>                                     ]  8.192MB/29.72MB
 14e6209d5fa8 Downloading [===========================================>       ]     721B/833B
 14e6209d5fa8 Downloading [==================================================>]     833B/833B
 14e6209d5fa8 Verifying Checksum 
 14e6209d5fa8 Download complete 
 d686b50ce172 Downloading [>                                                  ]  126.4kB/12.47MB
 4831516dd0cb Extracting [===============================================>   ]  26.54MB/28.23MB
 eb77aa907276 Downloading [==================>                                ]  340.6MB/907.7MB
 20043066d3d5 Extracting [================>                                  ]   9.83MB/29.72MB
 f9dd052e142d Extracting [============================>                      ]  29.88MB/52.33MB
 d686b50ce172 Verifying Checksum 
 d686b50ce172 Download complete 
 20043066d3d5 Extracting [========================>                          ]  14.75MB/29.72MB
 eb77aa907276 Downloading [===================>                               ]  347.6MB/907.7MB
 f9dd052e142d Extracting [=============================>                     ]  30.41MB/52.33MB
 4831516dd0cb Extracting [================================================>  ]  27.13MB/28.23MB
 20043066d3d5 Extracting [==================================>                ]  20.64MB/29.72MB
 eb77aa907276 Downloading [===================>                               ]  359.9MB/907.7MB
 eb77aa907276 Downloading [=====================>                             ]  386.2MB/907.7MB
 20043066d3d5 Extracting [=========================================>         ]  24.58MB/29.72MB
 f9dd052e142d Extracting [===============================>                   ]  33.03MB/52.33MB
 eb77aa907276 Downloading [======================>                            ]  410.4MB/907.7MB
 f9dd052e142d Extracting [=================================>                 ]   34.6MB/52.33MB
 4831516dd0cb Extracting [================================================>  ]  27.43MB/28.23MB
 eb77aa907276 Downloading [=======================>                           ]  429.7MB/907.7MB
 20043066d3d5 Extracting [==========================================>        ]  25.56MB/29.72MB
 eb77aa907276 Downloading [========================>                          ]  445.8MB/907.7MB
 f9dd052e142d Extracting [===================================>               ]   36.7MB/52.33MB
 4831516dd0cb Extracting [==================================================>]  28.23MB/28.23MB
 20043066d3d5 Extracting [==============================================>    ]  27.85MB/29.72MB
 eb77aa907276 Downloading [=========================>                         ]    463MB/907.7MB
 4831516dd0cb Pull complete 
 47a60771af96 Extracting [==================================================>]  1.105kB/1.105kB
 47a60771af96 Extracting [==================================================>]  1.105kB/1.105kB
 f9dd052e142d Extracting [====================================>              ]  38.27MB/52.33MB
 20043066d3d5 Extracting [================================================>  ]  28.84MB/29.72MB
 eb77aa907276 Downloading [==========================>                        ]  486.5MB/907.7MB
 eb77aa907276 Downloading [===========================>                       ]  504.1MB/907.7MB
 eb77aa907276 Downloading [============================>                      ]    524MB/907.7MB
 eb77aa907276 Downloading [=============================>                     ]    531MB/907.7MB
 20043066d3d5 Extracting [=================================================> ]  29.16MB/29.72MB
 eb77aa907276 Downloading [=============================>                     ]  541.7MB/907.7MB
 f9dd052e142d Extracting [======================================>            ]  39.85MB/52.33MB
 eb77aa907276 Downloading [===============================>                   ]  566.9MB/907.7MB
 f9dd052e142d Extracting [=======================================>           ]  41.42MB/52.33MB
 eb77aa907276 Downloading [================================>                  ]  586.2MB/907.7MB
 20043066d3d5 Extracting [=================================================> ]  29.49MB/29.72MB
 eb77aa907276 Downloading [=================================>                 ]  605.5MB/907.7MB
 f9dd052e142d Extracting [==========================================>        ]  44.04MB/52.33MB
 20043066d3d5 Extracting [==================================================>]  29.72MB/29.72MB
 eb77aa907276 Downloading [==================================>                ]  632.2MB/907.7MB
 f9dd052e142d Extracting [============================================>      ]  46.14MB/52.33MB
 eb77aa907276 Downloading [===================================>               ]  648.8MB/907.7MB
 eb77aa907276 Downloading [====================================>              ]    666MB/907.7MB
 f9dd052e142d Extracting [==============================================>    ]  48.76MB/52.33MB
 20043066d3d5 Pull complete 
 eb77aa907276 Downloading [======================================>            ]    696MB/907.7MB
 eb77aa907276 Downloading [=======================================>           ]  713.6MB/907.7MB
 3fadc669ef11 Extracting [>                                                  ]  458.8kB/43.48MB
 eb77aa907276 Downloading [========================================>          ]  740.4MB/907.7MB
 3fadc669ef11 Extracting [======>                                            ]  5.964MB/43.48MB
 eb77aa907276 Downloading [=========================================>         ]  761.3MB/907.7MB
 3fadc669ef11 Extracting [===============>                                   ]   13.3MB/43.48MB
 f9dd052e142d Extracting [=================================================> ]  51.38MB/52.33MB
 eb77aa907276 Downloading [===========================================>       ]  782.6MB/907.7MB
 3fadc669ef11 Extracting [======================>                            ]  19.27MB/43.48MB
 eb77aa907276 Downloading [============================================>      ]  803.5MB/907.7MB
 3fadc669ef11 Extracting [========================>                          ]  21.56MB/43.48MB
 eb77aa907276 Downloading [=============================================>     ]    832MB/907.7MB
 3fadc669ef11 Extracting [=========================>                         ]  22.48MB/43.48MB
 f9dd052e142d Extracting [=================================================> ]   51.9MB/52.33MB
 f9dd052e142d Extracting [==================================================>]  52.33MB/52.33MB
 eb77aa907276 Downloading [==============================================>    ]    848MB/907.7MB
 3fadc669ef11 Extracting [================================>                  ]  28.44MB/43.48MB
 eb77aa907276 Downloading [===============================================>   ]  868.3MB/907.7MB
 f9dd052e142d Pull complete 
 3fadc669ef11 Extracting [=====================================>             ]  33.03MB/43.48MB
 eb77aa907276 Downloading [================================================>  ]    879MB/907.7MB
 e8c6d4883897 Extracting [>                                                  ]  65.54kB/4.398MB
 3fadc669ef11 Extracting [==========================================>        ]  37.16MB/43.48MB
 eb77aa907276 Downloading [=================================================> ]  898.8MB/907.7MB
 3fadc669ef11 Extracting [===========================================>       ]  38.08MB/43.48MB
 e8c6d4883897 Extracting [==>                                                ]  262.1kB/4.398MB
 eb77aa907276 Verifying Checksum 
 eb77aa907276 Download complete 
 3fadc669ef11 Extracting [==============================================>    ]  40.37MB/43.48MB
 3fadc669ef11 Extracting [==================================================>]  43.48MB/43.48MB
 e8c6d4883897 Extracting [========>                                          ]  720.9kB/4.398MB
 e8c6d4883897 Extracting [===================>                               ]  1.704MB/4.398MB
 e8c6d4883897 Extracting [====================>                              ]  1.769MB/4.398MB
 e8c6d4883897 Extracting [========================>                          ]  2.163MB/4.398MB
 e8c6d4883897 Extracting [=========================>                         ]  2.228MB/4.398MB
 e8c6d4883897 Extracting [==========================>                        ]  2.359MB/4.398MB
 e8c6d4883897 Extracting [===========================>                       ]  2.425MB/4.398MB
 e8c6d4883897 Extracting [============================>                      ]   2.49MB/4.398MB
 e8c6d4883897 Extracting [=============================>                     ]  2.621MB/4.398MB
 e8c6d4883897 Extracting [==============================>                    ]  2.687MB/4.398MB
 e8c6d4883897 Extracting [===============================>                   ]  2.753MB/4.398MB
 e8c6d4883897 Extracting [================================>                  ]  2.818MB/4.398MB
 47a60771af96 Pull complete 
 7b28be0c8c4d Extracting [==================================================>]     874B/874B
 7b28be0c8c4d Extracting [==================================================>]     874B/874B
 e8c6d4883897 Extracting [==================================>                ]  3.015MB/4.398MB
 7b28be0c8c4d Pull complete 
 edcaff0d5e7e Extracting [=>                                                 ]  32.77kB/1.438MB
 3fadc669ef11 Pull complete 
 7084ac8f4ab6 Extracting [>                                                  ]   98.3kB/7.468MB
 edcaff0d5e7e Extracting [==================================================>]  1.438MB/1.438MB
 edcaff0d5e7e Extracting [==================================================>]  1.438MB/1.438MB
 e8c6d4883897 Extracting [=====================================>             ]  3.342MB/4.398MB
 edcaff0d5e7e Pull complete 
 22dca8215bc4 Extracting [>                                                  ]  163.8kB/15.35MB
 7084ac8f4ab6 Extracting [===============>                                   ]  2.359MB/7.468MB
 e8c6d4883897 Extracting [==================================================>]  4.398MB/4.398MB
 22dca8215bc4 Extracting [===================>                               ]  6.062MB/15.35MB
 e8c6d4883897 Pull complete 
 648eb81b3252 Extracting [==================================================>]  1.561kB/1.561kB
 648eb81b3252 Extracting [==================================================>]  1.561kB/1.561kB
 648eb81b3252 Pull complete 
 7084ac8f4ab6 Extracting [=========================================>         ]  6.193MB/7.468MB
 7084ac8f4ab6 Extracting [==================================================>]  7.468MB/7.468MB
 7084ac8f4ab6 Pull complete 
 beb0d870d438 Extracting [==================================================>]  9.462kB/9.462kB
 22dca8215bc4 Extracting [=======================================>           ]  12.12MB/15.35MB
 beb0d870d438 Extracting [==================================================>]  9.462kB/9.462kB
 eb77aa907276 Extracting [>                                                  ]  557.1kB/907.7MB
 beb0d870d438 Pull complete 
 22dca8215bc4 Extracting [==================================================>]  15.35MB/15.35MB
 d63c4408fdb7 Extracting [>                                                  ]  229.4kB/21.31MB
 22dca8215bc4 Pull complete 
 bbf018d6d4b8 Extracting [==================================================>]      97B/97B
 bbf018d6d4b8 Extracting [==================================================>]      97B/97B
 bbf018d6d4b8 Pull complete 
 4f4fb700ef54 Extracting [==================================================>]      32B/32B
 4f4fb700ef54 Extracting [==================================================>]      32B/32B
 eb77aa907276 Extracting [>                                                  ]  14.48MB/907.7MB
 4f4fb700ef54 Pull complete 
 c5761dea9b0e Extracting [==================================================>]     573B/573B
 c5761dea9b0e Extracting [==================================================>]     573B/573B
 c5761dea9b0e Pull complete 
 redis Pulled 
 d63c4408fdb7 Extracting [=======>                                           ]  3.211MB/21.31MB
 eb77aa907276 Extracting [=>                                                 ]  32.31MB/907.7MB
 d63c4408fdb7 Extracting [===================>                               ]  8.258MB/21.31MB
 eb77aa907276 Extracting [==>                                                ]  51.25MB/907.7MB
 d63c4408fdb7 Extracting [==========================>                        ]  11.24MB/21.31MB
 eb77aa907276 Extracting [===>                                               ]  71.86MB/907.7MB
 d63c4408fdb7 Extracting [==================================>                ]  14.68MB/21.31MB
 eb77aa907276 Extracting [====>                                              ]  81.89MB/907.7MB
 d63c4408fdb7 Extracting [======================================>            ]  16.29MB/21.31MB
 eb77aa907276 Extracting [=====>                                             ]  93.03MB/907.7MB
 d63c4408fdb7 Extracting [==========================================>        ]  18.12MB/21.31MB
 eb77aa907276 Extracting [=====>                                             ]  100.3MB/907.7MB
 eb77aa907276 Extracting [=====>                                             ]  108.1MB/907.7MB
 eb77aa907276 Extracting [======>                                            ]    117MB/907.7MB
 d63c4408fdb7 Extracting [================================================>  ]  20.87MB/21.31MB
 d63c4408fdb7 Extracting [==================================================>]  21.31MB/21.31MB
 eb77aa907276 Extracting [======>                                            ]  124.8MB/907.7MB
 eb77aa907276 Extracting [=======>                                           ]  127.6MB/907.7MB
 eb77aa907276 Extracting [=======>                                           ]  135.4MB/907.7MB
 d63c4408fdb7 Pull complete 
 efa05c660812 Extracting [==================================================>]     189B/189B
 efa05c660812 Extracting [==================================================>]     189B/189B
 eb77aa907276 Extracting [=======>                                           ]    142MB/907.7MB
 efa05c660812 Pull complete 
 f4e7f62f4b80 Extracting [==================================================>]     109B/109B
 f4e7f62f4b80 Extracting [==================================================>]     109B/109B
 f4e7f62f4b80 Pull complete 
 5e1c03b67a78 Extracting [==================================================>]     620B/620B
 5e1c03b67a78 Extracting [==================================================>]     620B/620B
 eb77aa907276 Extracting [========>                                          ]  147.6MB/907.7MB
 5e1c03b67a78 Pull complete 
 14e6209d5fa8 Extracting [==================================================>]     833B/833B
 14e6209d5fa8 Extracting [==================================================>]     833B/833B
 14e6209d5fa8 Pull complete 
 d686b50ce172 Extracting [>                                                  ]  131.1kB/12.47MB
 eb77aa907276 Extracting [========>                                          ]  154.9MB/907.7MB
 d686b50ce172 Extracting [==================>                                ]  4.588MB/12.47MB
 eb77aa907276 Extracting [=========>                                         ]  163.8MB/907.7MB
 d686b50ce172 Extracting [=========================>                         ]  6.423MB/12.47MB
 eb77aa907276 Extracting [==========>                                        ]  183.3MB/907.7MB
 d686b50ce172 Extracting [===========================>                       ]  6.947MB/12.47MB
 eb77aa907276 Extracting [===========>                                       ]  201.7MB/907.7MB
 d686b50ce172 Extracting [=====================================>             ]  9.437MB/12.47MB
 eb77aa907276 Extracting [===========>                                       ]  213.9MB/907.7MB
 d686b50ce172 Extracting [============================================>      ]  11.01MB/12.47MB
 d686b50ce172 Extracting [==================================================>]  12.47MB/12.47MB
 eb77aa907276 Extracting [============>                                      ]  225.1MB/907.7MB
 eb77aa907276 Extracting [============>                                      ]  233.4MB/907.7MB
 d686b50ce172 Pull complete 
 rabbitmq Pulled 
 eb77aa907276 Extracting [=============>                                     ]  242.9MB/907.7MB
 eb77aa907276 Extracting [==============>                                    ]  260.1MB/907.7MB
 eb77aa907276 Extracting [===============>                                   ]  281.3MB/907.7MB
 eb77aa907276 Extracting [================>                                  ]  306.4MB/907.7MB
 eb77aa907276 Extracting [==================>                                ]    327MB/907.7MB
 eb77aa907276 Extracting [===================>                               ]  348.2MB/907.7MB
 eb77aa907276 Extracting [===================>                               ]  362.1MB/907.7MB
 eb77aa907276 Extracting [====================>                              ]  369.9MB/907.7MB
 eb77aa907276 Extracting [=====================>                             ]  383.3MB/907.7MB
 eb77aa907276 Extracting [======================>                            ]  403.9MB/907.7MB
 eb77aa907276 Extracting [=======================>                           ]  430.6MB/907.7MB
 eb77aa907276 Extracting [=========================>                         ]    459MB/907.7MB
 eb77aa907276 Extracting [==========================>                        ]  487.4MB/907.7MB
 eb77aa907276 Extracting [============================>                      ]  515.3MB/907.7MB
 eb77aa907276 Extracting [=============================>                     ]  543.1MB/907.7MB
 eb77aa907276 Extracting [===============================>                   ]  571.5MB/907.7MB
 eb77aa907276 Extracting [================================>                  ]  597.2MB/907.7MB
 eb77aa907276 Extracting [==================================>                ]  622.2MB/907.7MB
 eb77aa907276 Extracting [===================================>               ]  650.1MB/907.7MB
 eb77aa907276 Extracting [=====================================>             ]  678.5MB/907.7MB
 eb77aa907276 Extracting [======================================>            ]  706.9MB/907.7MB
 eb77aa907276 Extracting [========================================>          ]    732MB/907.7MB
 eb77aa907276 Extracting [=========================================>         ]  753.7MB/907.7MB
 eb77aa907276 Extracting [==========================================>        ]  774.9MB/907.7MB
 eb77aa907276 Extracting [===========================================>       ]  795.5MB/907.7MB
 eb77aa907276 Extracting [============================================>      ]  816.6MB/907.7MB
 eb77aa907276 Extracting [==============================================>    ]  837.3MB/907.7MB
 eb77aa907276 Extracting [===============================================>   ]  858.4MB/907.7MB
 eb77aa907276 Extracting [================================================>  ]  880.1MB/907.7MB
 eb77aa907276 Extracting [=================================================> ]    903MB/907.7MB
 eb77aa907276 Extracting [==================================================>]  907.7MB/907.7MB
 eb77aa907276 Pull complete 
 4f4fb700ef54 Extracting [==================================================>]      32B/32B
 4f4fb700ef54 Extracting [==================================================>]      32B/32B
 4f4fb700ef54 Pull complete 
 0ffa8f8aba1e Extracting [==================================================>]     226B/226B
 0ffa8f8aba1e Extracting [==================================================>]     226B/226B
 0ffa8f8aba1e Pull complete 
 2e81b9cb93cd Extracting [==================================================>]  1.859kB/1.859kB
 2e81b9cb93cd Extracting [==================================================>]  1.859kB/1.859kB
 2e81b9cb93cd Pull complete 
 opensearch Pulled 
 Network docker_services_cli_default  Creating
 Network docker_services_cli_default  Created
 Container docker_services_cli-rabbitmq-1  Creating
 Container docker_services_cli-opensearch-1  Creating
 Container docker_services_cli-redis-1  Creating
 Container docker_services_cli-opensearch-1  Created
 Container docker_services_cli-rabbitmq-1  Created
 Container docker_services_cli-redis-1  Created
 Container docker_services_cli-opensearch-1  Starting
 Container docker_services_cli-redis-1  Starting
 Container docker_services_cli-rabbitmq-1  Starting
 Container docker_services_cli-redis-1  Started
 Container docker_services_cli-rabbitmq-1  Started
 Container docker_services_cli-opensearch-1  Started
============================= test session starts ==============================
platform linux -- Python 3.14.2, pytest-8.4.2, pluggy-1.6.0
rootdir: /home/runner/work/test-zip-extract-repository/test-zip-extract-repository/workdir/tests/invenio-indexer/original
configfile: setup.cfg
testpaths: docs, tests, invenio_indexer
plugins: github-actions-annotate-failures-0.3.0, black-0.6.0, pycodestyle-2.5.0, flask-1.3.0, isort-4.0.0, cov-7.0.0, invenio-4.0.0, pydocstyle-2.4.0
collected 34 items

tests/test_api.py ..::warning file=/home/runner/work/test-zip-extract-repository/test-zip-extract-repository/workdir/tests/invenio-indexer/original/.venv/lib/python3.14/site-packages/invenio_records/api.py,line=334::nested transaction already deassociated from connection
::warning file=/home/runner/work/test-zip-extract-repository/test-zip-extract-repository/workdir/tests/invenio-indexer/original/.venv/lib/python3.14/site-packages/invenio_records/api.py,line=495::nested transaction already deassociated from connection
.::warning file=/home/runner/work/test-zip-extract-repository/test-zip-extract-repository/workdir/tests/invenio-indexer/original/.venv/lib/python3.14/site-packages/invenio_records/api.py,line=334::nested transaction already deassociated from connection
.::warning file=/home/runner/work/test-zip-extract-repository/test-zip-extract-repository/workdir/tests/invenio-indexer/original/.venv/lib/python3.14/site-packages/invenio_records/api.py,line=334::nested transaction already deassociated from connection
.::warning file=/home/runner/work/test-zip-extract-repository/test-zip-extract-repository/workdir/tests/invenio-indexer/original/.venv/lib/python3.14/site-packages/invenio_records/api.py,line=334::nested transaction already deassociated from connection
.::warning file=/home/runner/work/test-zip-extract-repository/test-zip-extract-repository/workdir/tests/invenio-indexer/original/.venv/lib/python3.14/site-packages/invenio_records/api.py,line=334::nested transaction already deassociated from connection
.....::warning file=/home/runner/work/test-zip-extract-repository/test-zip-extract-repository/workdir/tests/invenio-indexer/original/.venv/lib/python3.14/site-packages/invenio_records/api.py,line=334::nested transaction already deassociated from connection
...::warning file=/home/runner/work/test-zip-extract-repository/test-zip-extract-repository/workdir/tests/invenio-indexer/original/.venv/lib/python3.14/site-packages/invenio_records/api.py,line=334::nested transaction already deassociated from connection
.::warning file=/home/runner/work/test-zip-extract-repository/test-zip-extract-repository/workdir/tests/invenio-indexer/original/.venv/lib/python3.14/site-packages/invenio_records/api.py,line=334::nested transaction already deassociated from connection
.                                       [ 47%]
tests/test_cli.py ..::warning file=/home/runner/work/test-zip-extract-repository/test-zip-extract-repository/workdir/tests/invenio-indexer/original/.venv/lib/python3.14/site-packages/invenio_records/api.py,line=334::nested transaction already deassociated from connection
::warning file=/home/runner/work/test-zip-extract-repository/test-zip-extract-repository/workdir/tests/invenio-indexer/original/invenio_indexer/cli.py,line=118::Query.values() is deprecated and will be removed in a future release.  Please use Query.with_entities() (deprecated since: 1.4)
::warning file=/home/runner/work/test-zip-extract-repository/test-zip-extract-repository/workdir/tests/invenio-indexer/original/.venv/lib/python3.14/site-packages/invenio_records/api.py,line=495::nested transaction already deassociated from connection
::warning file=/home/runner/work/test-zip-extract-repository/test-zip-extract-repository/workdir/tests/invenio-indexer/original/invenio_indexer/cli.py,line=118::Query.values() is deprecated and will be removed in a future release.  Please use Query.with_entities() (deprecated since: 1.4)
.                                                    [ 55%]
tests/test_invenio_indexer.py ...::warning file=/home/runner/work/test-zip-extract-repository/test-zip-extract-repository/workdir/tests/invenio-indexer/original/.venv/lib/python3.14/site-packages/invenio_records/api.py,line=334::nested transaction already deassociated from connection
.::warning file=/home/runner/work/test-zip-extract-repository/test-zip-extract-repository/workdir/tests/invenio-indexer/original/.venv/lib/python3.14/site-packages/invenio_records/api.py,line=334::nested transaction already deassociated from connection
                                       [ 67%]
tests/test_registry.py .                                                 [ 70%]
tests/test_tasks.py ...                                                  [ 79%]
tests/test_utils.py ......                                               [ 97%]
invenio_indexer/__init__.py .::warning file=/home/runner/work/test-zip-extract-repository/test-zip-extract-repository/workdir/tests/invenio-indexer/original/.venv/lib/python3.14/site-packages/invenio_records/api.py,line=334::nested transaction already deassociated from connection
                                            [100%]

=============================== warnings summary ===============================
tests/test_api.py: 8 warnings
tests/test_cli.py: 1 warning
tests/test_invenio_indexer.py: 2 warnings
invenio_indexer/__init__.py: 1 warning
  /home/runner/work/test-zip-extract-repository/test-zip-extract-repository/workdir/tests/invenio-indexer/original/.venv/lib/python3.14/site-packages/invenio_records/api.py:334: SAWarning: nested transaction already deassociated from connection
    with db.session.begin_nested():

tests/test_api.py::test_delete_action
tests/test_cli.py::test_reindex
  /home/runner/work/test-zip-extract-repository/test-zip-extract-repository/workdir/tests/invenio-indexer/original/.venv/lib/python3.14/site-packages/invenio_records/api.py:495: SAWarning: nested transaction already deassociated from connection
    with db.session.begin_nested():

tests/test_cli.py::test_reindex
tests/test_cli.py::test_reindex
  /home/runner/work/test-zip-extract-repository/test-zip-extract-repository/workdir/tests/invenio-indexer/original/invenio_indexer/cli.py:118: SADeprecationWarning: Query.values() is deprecated and will be removed in a future release.  Please use Query.with_entities() (deprecated since: 1.4)
    .values(PersistentIdentifier.object_uuid)

-- Docs: https://docs.pytest.org/en/stable/how-to/capture-warnings.html
================================ tests coverage ================================
_______________ coverage: platform linux, python 3.14.2-final-0 ________________

Name                          Stmts   Miss  Cover   Missing
-----------------------------------------------------------
invenio_indexer/__init__.py       4      0   100%
invenio_indexer/api.py          178     22    88%   106, 116, 118-127, 159, 195-200, 238-247, 261-262, 398-399, 459
invenio_indexer/cli.py           82      3    96%   26, 35, 82
invenio_indexer/config.py        21      0   100%
invenio_indexer/ext.py           26      0   100%
invenio_indexer/proxies.py        7      0   100%
invenio_indexer/registry.py      16      0   100%
invenio_indexer/signals.py       16      0   100%
invenio_indexer/tasks.py         21      3    86%   29, 44, 59
invenio_indexer/utils.py         26      0   100%
-----------------------------------------------------------
TOTAL                           397     28    93%
======================= 34 passed, 16 warnings in 3.38s ========================
/home/runner/work/test-zip-extract-repository/test-zip-extract-repository/workdir/tests/invenio-indexer/original/.venv/lib/python3.14/site-packages/_pytest/unraisableexception.py:33: ResourceWarning: unclosed database in <sqlite3.Connection object at 0x7f19fe4fa3e0>
  gc.collect()
ResourceWarning: Enable tracemalloc to get the object allocation traceback
/home/runner/work/test-zip-extract-repository/test-zip-extract-repository/workdir/tests/invenio-indexer/original/.venv/lib/python3.14/site-packages/_pytest/unraisableexception.py:33: ResourceWarning: unclosed database in <sqlite3.Connection object at 0x7f19fe3431f0>
  gc.collect()
ResourceWarning: Enable tracemalloc to get the object allocation traceback
/home/runner/work/test-zip-extract-repository/test-zip-extract-repository/workdir/tests/invenio-indexer/original/.venv/lib/python3.14/site-packages/_pytest/unraisableexception.py:33: ResourceWarning: unclosed database in <sqlite3.Connection object at 0x7f19fe3c63e0>
  gc.collect()
ResourceWarning: Enable tracemalloc to get the object allocation traceback
/home/runner/work/test-zip-extract-repository/test-zip-extract-repository/workdir/tests/invenio-indexer/original/.venv/lib/python3.14/site-packages/_pytest/unraisableexception.py:33: ResourceWarning: unclosed database in <sqlite3.Connection object at 0x7f19fe4196c0>
  gc.collect()
ResourceWarning: Enable tracemalloc to get the object allocation traceback
/home/runner/work/test-zip-extract-repository/test-zip-extract-repository/workdir/tests/invenio-indexer/original/.venv/lib/python3.14/site-packages/_pytest/unraisableexception.py:33: ResourceWarning: unclosed database in <sqlite3.Connection object at 0x7f19fe41a3e0>
  gc.collect()
ResourceWarning: Enable tracemalloc to get the object allocation traceback
/home/runner/work/test-zip-extract-repository/test-zip-extract-repository/workdir/tests/invenio-indexer/original/.venv/lib/python3.14/site-packages/_pytest/unraisableexception.py:33: ResourceWarning: unclosed database in <sqlite3.Connection object at 0x7f19fe29b5b0>
  gc.collect()
ResourceWarning: Enable tracemalloc to get the object allocation traceback
/home/runner/work/test-zip-extract-repository/test-zip-extract-repository/workdir/tests/invenio-indexer/original/.venv/lib/python3.14/site-packages/_pytest/unraisableexception.py:33: ResourceWarning: unclosed database in <sqlite3.Connection object at 0x7f19fe300e50>
  gc.collect()
ResourceWarning: Enable tracemalloc to get the object allocation traceback
/home/runner/work/test-zip-extract-repository/test-zip-extract-repository/workdir/tests/invenio-indexer/original/.venv/lib/python3.14/site-packages/_pytest/unraisableexception.py:33: ResourceWarning: unclosed database in <sqlite3.Connection object at 0x7f19fe29a110>
  gc.collect()
ResourceWarning: Enable tracemalloc to get the object allocation traceback
/home/runner/work/test-zip-extract-repository/test-zip-extract-repository/workdir/tests/invenio-indexer/original/.venv/lib/python3.14/site-packages/_pytest/unraisableexception.py:33: ResourceWarning: unclosed database in <sqlite3.Connection object at 0x7f19fe419e40>
  gc.collect()
ResourceWarning: Enable tracemalloc to get the object allocation traceback
/home/runner/work/test-zip-extract-repository/test-zip-extract-repository/workdir/tests/invenio-indexer/original/.venv/lib/python3.14/site-packages/_pytest/unraisableexception.py:33: ResourceWarning: unclosed database in <sqlite3.Connection object at 0x7f19fe343e20>
  gc.collect()
ResourceWarning: Enable tracemalloc to get the object allocation traceback
/home/runner/work/test-zip-extract-repository/test-zip-extract-repository/workdir/tests/invenio-indexer/original/.venv/lib/python3.14/site-packages/_pytest/unraisableexception.py:33: ResourceWarning: unclosed database in <sqlite3.Connection object at 0x7f19fe4fa020>
  gc.collect()
ResourceWarning: Enable tracemalloc to get the object allocation traceback
/home/runner/work/test-zip-extract-repository/test-zip-extract-repository/workdir/tests/invenio-indexer/original/.venv/lib/python3.14/site-packages/_pytest/unraisableexception.py:33: ResourceWarning: unclosed database in <sqlite3.Connection object at 0x7f19ff708220>
  gc.collect()
ResourceWarning: Enable tracemalloc to get the object allocation traceback
/home/runner/work/test-zip-extract-repository/test-zip-extract-repository/workdir/tests/invenio-indexer/original/.venv/lib/python3.14/site-packages/_pytest/unraisableexception.py:33: ResourceWarning: unclosed database in <sqlite3.Connection object at 0x7f19fe303e20>
  gc.collect()
ResourceWarning: Enable tracemalloc to get the object allocation traceback
/home/runner/work/test-zip-extract-repository/test-zip-extract-repository/workdir/tests/invenio-indexer/original/.venv/lib/python3.14/site-packages/_pytest/unraisableexception.py:33: ResourceWarning: unclosed database in <sqlite3.Connection object at 0x7f19fe302f20>
  gc.collect()
ResourceWarning: Enable tracemalloc to get the object allocation traceback
/home/runner/work/test-zip-extract-repository/test-zip-extract-repository/workdir/tests/invenio-indexer/original/.venv/lib/python3.14/site-packages/_pytest/unraisableexception.py:33: ResourceWarning: unclosed database in <sqlite3.Connection object at 0x7f19fe16ed40>
  gc.collect()
ResourceWarning: Enable tracemalloc to get the object allocation traceback
/home/runner/work/test-zip-extract-repository/test-zip-extract-repository/workdir/tests/invenio-indexer/original/.venv/lib/python3.14/site-packages/_pytest/unraisableexception.py:33: ResourceWarning: unclosed database in <sqlite3.Connection object at 0x7f19fe3034c0>
  gc.collect()
ResourceWarning: Enable tracemalloc to get the object allocation traceback
/home/runner/work/test-zip-extract-repository/test-zip-extract-repository/workdir/tests/invenio-indexer/original/.venv/lib/python3.14/site-packages/_pytest/unraisableexception.py:33: ResourceWarning: unclosed database in <sqlite3.Connection object at 0x7f19fe343b50>
  gc.collect()
ResourceWarning: Enable tracemalloc to get the object allocation traceback
/home/runner/work/test-zip-extract-repository/test-zip-extract-repository/workdir/tests/invenio-indexer/original/.venv/lib/python3.14/site-packages/_pytest/unraisableexception.py:33: ResourceWarning: unclosed database in <sqlite3.Connection object at 0x7f19fe343a60>
  gc.collect()
ResourceWarning: Enable tracemalloc to get the object allocation traceback
/home/runner/work/test-zip-extract-repository/test-zip-extract-repository/workdir/tests/invenio-indexer/original/.venv/lib/python3.14/site-packages/_pytest/unraisableexception.py:33: ResourceWarning: unclosed database in <sqlite3.Connection object at 0x7f19fe16e200>
  gc.collect()
ResourceWarning: Enable tracemalloc to get the object allocation traceback
/home/runner/work/test-zip-extract-repository/test-zip-extract-repository/workdir/tests/invenio-indexer/original/.venv/lib/python3.14/site-packages/_pytest/unraisableexception.py:33: ResourceWarning: unclosed database in <sqlite3.Connection object at 0x7f19fe41a110>
  gc.collect()
ResourceWarning: Enable tracemalloc to get the object allocation traceback
/home/runner/work/test-zip-extract-repository/test-zip-extract-repository/workdir/tests/invenio-indexer/original/.venv/lib/python3.14/site-packages/_pytest/unraisableexception.py:33: ResourceWarning: unclosed database in <sqlite3.Connection object at 0x7f19fe29bc40>
  gc.collect()
ResourceWarning: Enable tracemalloc to get the object allocation traceback
/home/runner/work/test-zip-extract-repository/test-zip-extract-repository/workdir/tests/invenio-indexer/original/.venv/lib/python3.14/site-packages/_pytest/unraisableexception.py:33: ResourceWarning: unclosed database in <sqlite3.Connection object at 0x7f19fe1c7100>
  gc.collect()
ResourceWarning: Enable tracemalloc to get the object allocation traceback
/home/runner/work/test-zip-extract-repository/test-zip-extract-repository/workdir/tests/invenio-indexer/original/.venv/lib/python3.14/site-packages/_pytest/unraisableexception.py:33: ResourceWarning: unclosed database in <sqlite3.Connection object at 0x7f19fe130d60>
  gc.collect()
ResourceWarning: Enable tracemalloc to get the object allocation traceback
/home/runner/work/test-zip-extract-repository/test-zip-extract-repository/workdir/tests/invenio-indexer/original/.venv/lib/python3.14/site-packages/_pytest/unraisableexception.py:33: ResourceWarning: unclosed database in <sqlite3.Connection object at 0x7f19fe132980>
  gc.collect()
ResourceWarning: Enable tracemalloc to get the object allocation traceback
/home/runner/work/test-zip-extract-repository/test-zip-extract-repository/workdir/tests/invenio-indexer/original/.venv/lib/python3.14/site-packages/_pytest/unraisableexception.py:33: ResourceWarning: unclosed database in <sqlite3.Connection object at 0x7f19fdf74310>
  gc.collect()
ResourceWarning: Enable tracemalloc to get the object allocation traceback
/home/runner/work/test-zip-extract-repository/test-zip-extract-repository/workdir/tests/invenio-indexer/original/.venv/lib/python3.14/site-packages/_pytest/unraisableexception.py:33: ResourceWarning: unclosed database in <sqlite3.Connection object at 0x7f19fdf76200>
  gc.collect()
ResourceWarning: Enable tracemalloc to get the object allocation traceback
/home/runner/work/test-zip-extract-repository/test-zip-extract-repository/workdir/tests/invenio-indexer/original/.venv/lib/python3.14/site-packages/_pytest/unraisableexception.py:33: ResourceWarning: unclosed database in <sqlite3.Connection object at 0x7f19fdf77e20>
  gc.collect()
ResourceWarning: Enable tracemalloc to get the object allocation traceback
/home/runner/work/test-zip-extract-repository/test-zip-extract-repository/workdir/tests/invenio-indexer/original/.venv/lib/python3.14/site-packages/_pytest/unraisableexception.py:33: ResourceWarning: unclosed database in <sqlite3.Connection object at 0x7f19fdfb1a80>
  gc.collect()
ResourceWarning: Enable tracemalloc to get the object allocation traceback
 Container docker_services_cli-redis-1  Stopping
 Container docker_services_cli-rabbitmq-1  Stopping
 Container docker_services_cli-opensearch-1  Stopping
 Container docker_services_cli-redis-1  Stopped
 Container docker_services_cli-redis-1  Removing
 Container docker_services_cli-redis-1  Removed
 Container docker_services_cli-opensearch-1  Stopped
 Container docker_services_cli-opensearch-1  Removing
 Container docker_services_cli-opensearch-1  Removed
 Container docker_services_cli-rabbitmq-1  Stopped
 Container docker_services_cli-rabbitmq-1  Removing
 Container docker_services_cli-rabbitmq-1  Removed
 Network docker_services_cli_default  Removing
 Network docker_services_cli_default  Removed
