running extract_messages
extracting messages from invenio_pidstore/__init__.py (encoding="utf-8")
extracting messages from invenio_pidstore/admin.py (encoding="utf-8")
extracting messages from invenio_pidstore/cli.py (encoding="utf-8")
extracting messages from invenio_pidstore/config.py (encoding="utf-8")
extracting messages from invenio_pidstore/errors.py (encoding="utf-8")
extracting messages from invenio_pidstore/ext.py (encoding="utf-8")
extracting messages from invenio_pidstore/fetchers.py (encoding="utf-8")
extracting messages from invenio_pidstore/minters.py (encoding="utf-8")
extracting messages from invenio_pidstore/models.py (encoding="utf-8")
extracting messages from invenio_pidstore/proxies.py (encoding="utf-8")
extracting messages from invenio_pidstore/resolver.py (encoding="utf-8")
extracting messages from invenio_pidstore/alembic/734dbec0f3f8_change_datetime_types.py (encoding="utf-8")
extracting messages from invenio_pidstore/alembic/999c62899c20_create_pidstore_tables.py (encoding="utf-8")
extracting messages from invenio_pidstore/alembic/f615cee99600_create_pidstore_branch.py (encoding="utf-8")
extracting messages from invenio_pidstore/providers/__init__.py (encoding="utf-8")
extracting messages from invenio_pidstore/providers/base.py (encoding="utf-8")
extracting messages from invenio_pidstore/providers/datacite.py (encoding="utf-8")
extracting messages from invenio_pidstore/providers/recordid.py (encoding="utf-8")
extracting messages from invenio_pidstore/providers/recordid_v2.py (encoding="utf-8")
writing PO template file to /dev/null
 postgresql Pulling 
 redis Pulling 
 4831516dd0cb Pulling fs layer 
 47a60771af96 Pulling fs layer 
 7b28be0c8c4d Pulling fs layer 
 edcaff0d5e7e Pulling fs layer 
 22dca8215bc4 Pulling fs layer 
 bbf018d6d4b8 Pulling fs layer 
 4f4fb700ef54 Pulling fs layer 
 c5761dea9b0e Pulling fs layer 
 edcaff0d5e7e Waiting 
 22dca8215bc4 Waiting 
 4f4fb700ef54 Waiting 
 c5761dea9b0e Waiting 
 bbf018d6d4b8 Waiting 
 b0a0cf830b12 Pulling fs layer 
 dda3d8fbd5ed Pulling fs layer 
 283a477db7bb Pulling fs layer 
 91d2729fa4d5 Pulling fs layer 
 b0a0cf830b12 Waiting 
 dda3d8fbd5ed Waiting 
 9739ced65621 Pulling fs layer 
 ae3bb1b347a4 Pulling fs layer 
 283a477db7bb Waiting 
 f8406d9c00ea Pulling fs layer 
 91d2729fa4d5 Waiting 
 c199bff16b05 Pulling fs layer 
 9739ced65621 Waiting 
 ae3bb1b347a4 Waiting 
 e0d55fdb4d15 Pulling fs layer 
 c1cb13b19080 Pulling fs layer 
 873532e5f8c7 Pulling fs layer 
 f8406d9c00ea Waiting 
 050d9f8c3b1c Pulling fs layer 
 710e142705f8 Pulling fs layer 
 cb628c265f09 Pulling fs layer 
 050d9f8c3b1c Waiting 
 873532e5f8c7 Waiting 
 e0d55fdb4d15 Waiting 
 c1cb13b19080 Waiting 
 cb628c265f09 Waiting 
 710e142705f8 Waiting 
 c199bff16b05 Waiting 
 7b28be0c8c4d Downloading [=======================================>           ]     688B/874B
 7b28be0c8c4d Downloading [==================================================>]     874B/874B
 7b28be0c8c4d Verifying Checksum 
 7b28be0c8c4d Download complete 
 47a60771af96 Downloading [================================>                  ]     719B/1.105kB
 47a60771af96 Download complete 
 4831516dd0cb Downloading [>                                                  ]  285.1kB/28.23MB
 4831516dd0cb Downloading [===========================>                       ]  15.53MB/28.23MB
 edcaff0d5e7e Downloading [>                                                  ]  15.74kB/1.438MB
 4831516dd0cb Verifying Checksum 
 4831516dd0cb Download complete 
 22dca8215bc4 Downloading [>                                                  ]  156.2kB/15.35MB
 4831516dd0cb Extracting [>                                                  ]  294.9kB/28.23MB
 edcaff0d5e7e Verifying Checksum 
 edcaff0d5e7e Download complete 
 22dca8215bc4 Download complete 
 4831516dd0cb Extracting [========>                                          ]  4.719MB/28.23MB
 bbf018d6d4b8 Downloading [==================================================>]      97B/97B
 bbf018d6d4b8 Verifying Checksum 
 bbf018d6d4b8 Download complete 
 4f4fb700ef54 Downloading [==================================================>]      32B/32B
 4f4fb700ef54 Verifying Checksum 
 4f4fb700ef54 Download complete 
 4831516dd0cb Extracting [================>                                  ]  9.142MB/28.23MB
 c5761dea9b0e Downloading [==================================================>]     573B/573B
 c5761dea9b0e Verifying Checksum 
 c5761dea9b0e Download complete 
 4831516dd0cb Extracting [=====================>                             ]  12.09MB/28.23MB
 dda3d8fbd5ed Downloading [==============================>                    ]     719B/1.165kB
 dda3d8fbd5ed Downloading [==================================================>]  1.165kB/1.165kB
 dda3d8fbd5ed Verifying Checksum 
 dda3d8fbd5ed Download complete 
 b0a0cf830b12 Downloading [>                                                  ]  303.9kB/29.15MB
 4831516dd0cb Extracting [====================================>              ]  20.35MB/28.23MB
 b0a0cf830b12 Downloading [========================>                          ]  14.27MB/29.15MB
 283a477db7bb Downloading [>                                                  ]  46.31kB/4.533MB
 b0a0cf830b12 Downloading [==================================================>]  29.15MB/29.15MB
 b0a0cf830b12 Download complete 
 91d2729fa4d5 Downloading [>                                                  ]  15.73kB/1.45MB
 b0a0cf830b12 Extracting [>                                                  ]  294.9kB/29.15MB
 283a477db7bb Verifying Checksum 
 283a477db7bb Download complete 
 91d2729fa4d5 Downloading [==================================================>]   1.45MB/1.45MB
 91d2729fa4d5 Verifying Checksum 
 91d2729fa4d5 Download complete 
 b0a0cf830b12 Extracting [========>                                          ]  4.719MB/29.15MB
 4831516dd0cb Extracting [==========================================>        ]  23.89MB/28.23MB
 9739ced65621 Downloading [>                                                  ]   84.3kB/8.069MB
 ae3bb1b347a4 Downloading [>                                                  ]  12.99kB/1.196MB
 b0a0cf830b12 Extracting [================>                                  ]  9.437MB/29.15MB
 ae3bb1b347a4 Downloading [==================================================>]  1.196MB/1.196MB
 ae3bb1b347a4 Verifying Checksum 
 ae3bb1b347a4 Download complete 
 9739ced65621 Verifying Checksum 
 9739ced65621 Download complete 
 f8406d9c00ea Downloading [==================================================>]     116B/116B
 f8406d9c00ea Verifying Checksum 
 f8406d9c00ea Download complete 
 4831516dd0cb Extracting [===============================================>   ]  26.84MB/28.23MB
 b0a0cf830b12 Extracting [===================>                               ]   11.5MB/29.15MB
 c1cb13b19080 Downloading [===>                                               ]     688B/9.925kB
 c1cb13b19080 Downloading [==================================================>]  9.925kB/9.925kB
 c1cb13b19080 Verifying Checksum 
 c1cb13b19080 Download complete 
 b0a0cf830b12 Extracting [===============================>                   ]  18.28MB/29.15MB
 c199bff16b05 Downloading [===========>                                       ]     720B/3.145kB
 c199bff16b05 Downloading [==================================================>]  3.145kB/3.145kB
 c199bff16b05 Downloading [==================================================>]  3.145kB/3.145kB
 c199bff16b05 Verifying Checksum 
 c199bff16b05 Download complete 
 e0d55fdb4d15 Downloading [>                                                  ]  528.2kB/109MB
 b0a0cf830b12 Extracting [=========================================>         ]  24.18MB/29.15MB
 e0d55fdb4d15 Downloading [========>                                          ]  18.84MB/109MB
 4831516dd0cb Extracting [================================================>  ]  27.43MB/28.23MB
 873532e5f8c7 Downloading [==================================================>]     128B/128B
 873532e5f8c7 Verifying Checksum 
 873532e5f8c7 Download complete 
 050d9f8c3b1c Downloading [==================================================>]     169B/169B
 050d9f8c3b1c Verifying Checksum 
 050d9f8c3b1c Download complete 
 e0d55fdb4d15 Downloading [==================>                                ]  41.36MB/109MB
 b0a0cf830b12 Extracting [==========================================>        ]  24.77MB/29.15MB
 4831516dd0cb Extracting [==================================================>]  28.23MB/28.23MB
 4831516dd0cb Pull complete 
 47a60771af96 Extracting [==================================================>]  1.105kB/1.105kB
 47a60771af96 Extracting [==================================================>]  1.105kB/1.105kB
 e0d55fdb4d15 Downloading [=============================>                     ]   64.9MB/109MB
 710e142705f8 Downloading [======>                                            ]     720B/5.421kB
 710e142705f8 Downloading [==================================================>]  5.421kB/5.421kB
 710e142705f8 Verifying Checksum 
 710e142705f8 Download complete 
 b0a0cf830b12 Extracting [===============================================>   ]  27.43MB/29.15MB
 cb628c265f09 Downloading [==================================================>]     184B/184B
 cb628c265f09 Verifying Checksum 
 cb628c265f09 Download complete 
 e0d55fdb4d15 Downloading [=========================================>         ]  91.15MB/109MB
 b0a0cf830b12 Extracting [================================================>  ]  28.02MB/29.15MB
 e0d55fdb4d15 Download complete 
 b0a0cf830b12 Extracting [================================================>  ]  28.31MB/29.15MB
 b0a0cf830b12 Extracting [==================================================>]  29.15MB/29.15MB
 b0a0cf830b12 Pull complete 
 dda3d8fbd5ed Extracting [==================================================>]  1.165kB/1.165kB
 dda3d8fbd5ed Extracting [==================================================>]  1.165kB/1.165kB
 dda3d8fbd5ed Pull complete 
 47a60771af96 Pull complete 
 283a477db7bb Extracting [>                                                  ]  65.54kB/4.533MB
 7b28be0c8c4d Extracting [==================================================>]     874B/874B
 7b28be0c8c4d Extracting [==================================================>]     874B/874B
 7b28be0c8c4d Pull complete 
 edcaff0d5e7e Extracting [=>                                                 ]  32.77kB/1.438MB
 edcaff0d5e7e Extracting [==================================================>]  1.438MB/1.438MB
 edcaff0d5e7e Extracting [==================================================>]  1.438MB/1.438MB
 edcaff0d5e7e Pull complete 
 22dca8215bc4 Extracting [>                                                  ]  163.8kB/15.35MB
 283a477db7bb Extracting [==================================================>]  4.533MB/4.533MB
 283a477db7bb Pull complete 
 91d2729fa4d5 Extracting [=>                                                 ]  32.77kB/1.45MB
 22dca8215bc4 Extracting [=====================>                             ]  6.717MB/15.35MB
 91d2729fa4d5 Extracting [==================================================>]   1.45MB/1.45MB
 91d2729fa4d5 Pull complete 
 9739ced65621 Extracting [>                                                  ]   98.3kB/8.069MB
 22dca8215bc4 Extracting [============================================>      ]  13.76MB/15.35MB
 22dca8215bc4 Extracting [==================================================>]  15.35MB/15.35MB
 9739ced65621 Extracting [=====================>                             ]  3.441MB/8.069MB
 22dca8215bc4 Pull complete 
 bbf018d6d4b8 Extracting [==================================================>]      97B/97B
 bbf018d6d4b8 Extracting [==================================================>]      97B/97B
 bbf018d6d4b8 Pull complete 
 4f4fb700ef54 Extracting [==================================================>]      32B/32B
 4f4fb700ef54 Extracting [==================================================>]      32B/32B
 4f4fb700ef54 Pull complete 
 c5761dea9b0e Extracting [==================================================>]     573B/573B
 c5761dea9b0e Extracting [==================================================>]     573B/573B
 c5761dea9b0e Pull complete 
 redis Pulled 
 9739ced65621 Extracting [===================================>               ]    5.8MB/8.069MB
 9739ced65621 Extracting [==================================================>]  8.069MB/8.069MB
 9739ced65621 Pull complete 
 ae3bb1b347a4 Extracting [=>                                                 ]  32.77kB/1.196MB
 ae3bb1b347a4 Extracting [==================================================>]  1.196MB/1.196MB
 ae3bb1b347a4 Extracting [==================================================>]  1.196MB/1.196MB
 ae3bb1b347a4 Pull complete 
 f8406d9c00ea Extracting [==================================================>]     116B/116B
 f8406d9c00ea Extracting [==================================================>]     116B/116B
 f8406d9c00ea Pull complete 
 c199bff16b05 Extracting [==================================================>]  3.145kB/3.145kB
 c199bff16b05 Extracting [==================================================>]  3.145kB/3.145kB
 c199bff16b05 Pull complete 
 e0d55fdb4d15 Extracting [>                                                  ]  557.1kB/109MB
 e0d55fdb4d15 Extracting [===>                                               ]  7.799MB/109MB
 e0d55fdb4d15 Extracting [=====>                                             ]  12.26MB/109MB
 e0d55fdb4d15 Extracting [=======>                                           ]  17.27MB/109MB
 e0d55fdb4d15 Extracting [==========>                                        ]  22.84MB/109MB
 e0d55fdb4d15 Extracting [=============>                                     ]  30.08MB/109MB
 e0d55fdb4d15 Extracting [==================>                                ]  39.55MB/109MB
 e0d55fdb4d15 Extracting [======================>                            ]  49.02MB/109MB
 e0d55fdb4d15 Extracting [=========================>                         ]  54.59MB/109MB
 e0d55fdb4d15 Extracting [============================>                      ]  61.28MB/109MB
 e0d55fdb4d15 Extracting [================================>                  ]  71.86MB/109MB
 e0d55fdb4d15 Extracting [=====================================>             ]  80.77MB/109MB
 e0d55fdb4d15 Extracting [=========================================>         ]  90.24MB/109MB
 e0d55fdb4d15 Extracting [==========================================>        ]  93.59MB/109MB
 e0d55fdb4d15 Extracting [============================================>      ]  97.48MB/109MB
 e0d55fdb4d15 Extracting [==============================================>    ]  101.4MB/109MB
 e0d55fdb4d15 Extracting [===============================================>   ]  103.6MB/109MB
 e0d55fdb4d15 Extracting [================================================>  ]  105.3MB/109MB
 e0d55fdb4d15 Extracting [=================================================> ]  107.5MB/109MB
 e0d55fdb4d15 Extracting [==================================================>]    109MB/109MB
 e0d55fdb4d15 Pull complete 
 c1cb13b19080 Extracting [==================================================>]  9.925kB/9.925kB
 c1cb13b19080 Extracting [==================================================>]  9.925kB/9.925kB
 c1cb13b19080 Pull complete 
 873532e5f8c7 Extracting [==================================================>]     128B/128B
 873532e5f8c7 Extracting [==================================================>]     128B/128B
 873532e5f8c7 Pull complete 
 050d9f8c3b1c Extracting [==================================================>]     169B/169B
 050d9f8c3b1c Extracting [==================================================>]     169B/169B
 050d9f8c3b1c Pull complete 
 710e142705f8 Extracting [==================================================>]  5.421kB/5.421kB
 710e142705f8 Extracting [==================================================>]  5.421kB/5.421kB
 710e142705f8 Pull complete 
 cb628c265f09 Extracting [==================================================>]     184B/184B
 cb628c265f09 Extracting [==================================================>]     184B/184B
 cb628c265f09 Pull complete 
 postgresql Pulled 
 Network docker_services_cli_default  Creating
 Network docker_services_cli_default  Created
 Container docker_services_cli-postgresql-1  Creating
 Container docker_services_cli-redis-1  Creating
 Container docker_services_cli-redis-1  Created
 Container docker_services_cli-postgresql-1  Created
 Container docker_services_cli-redis-1  Starting
 Container docker_services_cli-postgresql-1  Starting
 Container docker_services_cli-redis-1  Started
 Container docker_services_cli-postgresql-1  Started
::warning file=/home/runner/work/test-zip-extract-repository/test-zip-extract-repository/workdir/tests/invenio-pidstore/original/tests/conftest.py,line=26::@pytest.yield_fixture is deprecated.%0AUse @pytest.fixture instead; they are the same.
::warning file=/home/runner/work/test-zip-extract-repository/test-zip-extract-repository/workdir/tests/invenio-pidstore/original/tests/conftest.py,line=50::@pytest.yield_fixture is deprecated.%0AUse @pytest.fixture instead; they are the same.
============================= test session starts ==============================
platform linux -- Python 3.14.2, pytest-8.4.2, pluggy-1.6.0
rootdir: /home/runner/work/test-zip-extract-repository/test-zip-extract-repository/workdir/tests/invenio-pidstore/original
configfile: setup.cfg
testpaths: docs, tests, invenio_pidstore
plugins: github-actions-annotate-failures-0.3.0, black-0.6.0, pycodestyle-2.5.0, flask-1.3.0, isort-4.0.0, cov-7.0.0, invenio-4.0.0, pydocstyle-2.4.0
collected 46 items
::warning file=/home/runner/work/test-zip-extract-repository/test-zip-extract-repository/workdir/tests/invenio-pidstore/original/.venv/lib/python3.14/site-packages/flask_admin/contrib/__init__.py,line=2::pkg_resources is deprecated as an API. See https://setuptools.pypa.io/en/latest/pkg_resources.html. The pkg_resources package is slated for removal as early as 2025-11-30. Refrain from using this package or pin to Setuptools<81.
::warning file=/home/runner/work/test-zip-extract-repository/test-zip-extract-repository/workdir/tests/invenio-pidstore/original/.venv/lib/python3.14/site-packages/pkg_resources/__init__.py,line=3148::Deprecated call to `pkg_resources.declare_namespace('sphinxcontrib')`.%0AImplementing implicit namespace packages (as specified in PEP 420) is preferred to `pkg_resources.declare_namespace`. See https://setuptools.pypa.io/en/latest/references/keywords.html#keyword-namespace-packages
::warning file=/home/runner/work/test-zip-extract-repository/test-zip-extract-repository/workdir/tests/invenio-pidstore/original/.venv/lib/python3.14/site-packages/flask_admin/contrib/__init__.py,line=2::Deprecated call to `pkg_resources.declare_namespace('flask_admin.contrib')`.%0AImplementing implicit namespace packages (as specified in PEP 420) is preferred to `pkg_resources.declare_namespace`. See https://setuptools.pypa.io/en/latest/references/keywords.html#keyword-namespace-packages
::warning file=/home/runner/work/test-zip-extract-repository/test-zip-extract-repository/workdir/tests/invenio-pidstore/original/.venv/lib/python3.14/site-packages/pkg_resources/__init__.py,line=2560::Deprecated call to `pkg_resources.declare_namespace('flask_admin')`.%0AImplementing implicit namespace packages (as specified in PEP 420) is preferred to `pkg_resources.declare_namespace`. See https://setuptools.pypa.io/en/latest/references/keywords.html#keyword-namespace-packages
::warning file=/home/runner/work/test-zip-extract-repository/test-zip-extract-repository/workdir/tests/invenio-pidstore/original/.venv/lib/python3.14/site-packages/datacite/rest_client.py,line=23::Implicit imports (e.g., 'import idutils; idutils.function;') might be removed in the next major version. Please use explicit imports (e.g., 'from idutils import function;') instead.

tests/test_admin.py ...                                                  [  6%]
tests/test_cli.py ...                                                    [ 13%]
tests/test_ext.py .....                                                  [ 23%]
tests/test_fetchers.py ...                                               [ 30%]
tests/test_invenio_pidstore.py .s............                            [ 60%]
tests/test_minters.py ...                                                [ 67%]
tests/test_providers.py ..........                                       [ 89%]
tests/test_recordidentifier.py .                                         [ 91%]
tests/test_resolver.py ...                                               [ 97%]
invenio_pidstore/__init__.py .                                           [100%]

=============================== warnings summary ===============================
tests/conftest.py:26
  /home/runner/work/test-zip-extract-repository/test-zip-extract-repository/workdir/tests/invenio-pidstore/original/tests/conftest.py:26: PytestDeprecationWarning: @pytest.yield_fixture is deprecated.
  Use @pytest.fixture instead; they are the same.
    @pytest.yield_fixture()

tests/conftest.py:50
  /home/runner/work/test-zip-extract-repository/test-zip-extract-repository/workdir/tests/invenio-pidstore/original/tests/conftest.py:50: PytestDeprecationWarning: @pytest.yield_fixture is deprecated.
  Use @pytest.fixture instead; they are the same.
    @pytest.yield_fixture()

.venv/lib/python3.14/site-packages/flask_admin/contrib/__init__.py:2
  /home/runner/work/test-zip-extract-repository/test-zip-extract-repository/workdir/tests/invenio-pidstore/original/.venv/lib/python3.14/site-packages/flask_admin/contrib/__init__.py:2: UserWarning: pkg_resources is deprecated as an API. See https://setuptools.pypa.io/en/latest/pkg_resources.html. The pkg_resources package is slated for removal as early as 2025-11-30. Refrain from using this package or pin to Setuptools<81.
    __import__('pkg_resources').declare_namespace(__name__)

.venv/lib/python3.14/site-packages/pkg_resources/__init__.py:3148
  /home/runner/work/test-zip-extract-repository/test-zip-extract-repository/workdir/tests/invenio-pidstore/original/.venv/lib/python3.14/site-packages/pkg_resources/__init__.py:3148: DeprecationWarning: Deprecated call to `pkg_resources.declare_namespace('sphinxcontrib')`.
  Implementing implicit namespace packages (as specified in PEP 420) is preferred to `pkg_resources.declare_namespace`. See https://setuptools.pypa.io/en/latest/references/keywords.html#keyword-namespace-packages
    declare_namespace(pkg)

.venv/lib/python3.14/site-packages/flask_admin/contrib/__init__.py:2
  /home/runner/work/test-zip-extract-repository/test-zip-extract-repository/workdir/tests/invenio-pidstore/original/.venv/lib/python3.14/site-packages/flask_admin/contrib/__init__.py:2: DeprecationWarning: Deprecated call to `pkg_resources.declare_namespace('flask_admin.contrib')`.
  Implementing implicit namespace packages (as specified in PEP 420) is preferred to `pkg_resources.declare_namespace`. See https://setuptools.pypa.io/en/latest/references/keywords.html#keyword-namespace-packages
    __import__('pkg_resources').declare_namespace(__name__)

.venv/lib/python3.14/site-packages/pkg_resources/__init__.py:2560
  /home/runner/work/test-zip-extract-repository/test-zip-extract-repository/workdir/tests/invenio-pidstore/original/.venv/lib/python3.14/site-packages/pkg_resources/__init__.py:2560: DeprecationWarning: Deprecated call to `pkg_resources.declare_namespace('flask_admin')`.
  Implementing implicit namespace packages (as specified in PEP 420) is preferred to `pkg_resources.declare_namespace`. See https://setuptools.pypa.io/en/latest/references/keywords.html#keyword-namespace-packages
    declare_namespace(parent)

.venv/lib/python3.14/site-packages/datacite/rest_client.py:23
  /home/runner/work/test-zip-extract-repository/test-zip-extract-repository/workdir/tests/invenio-pidstore/original/.venv/lib/python3.14/site-packages/datacite/rest_client.py:23: DeprecationWarning: Implicit imports (e.g., 'import idutils; idutils.function;') might be removed in the next major version. Please use explicit imports (e.g., 'from idutils import function;') instead.
    from idutils import normalize_doi

-- Docs: https://docs.pytest.org/en/stable/how-to/capture-warnings.html
================================ tests coverage ================================
_______________ coverage: platform linux, python 3.14.2-final-0 ________________

Name                                                              Stmts   Miss  Cover   Missing
-----------------------------------------------------------------------------------------------
invenio_pidstore/__init__.py                                          4      0   100%
invenio_pidstore/admin.py                                            30      0   100%
invenio_pidstore/alembic/734dbec0f3f8_change_datetime_types.py       13      6    54%   26-28, 33-35
invenio_pidstore/alembic/999c62899c20_create_pidstore_tables.py      21     12    43%   24-49, 64-69
invenio_pidstore/alembic/f615cee99600_create_pidstore_branch.py       8      0   100%
invenio_pidstore/cli.py                                              73      0   100%
invenio_pidstore/config.py                                            5      0   100%
invenio_pidstore/errors.py                                           25      0   100%
invenio_pidstore/ext.py                                              60      1    98%   145
invenio_pidstore/fetchers.py                                         13      0   100%
invenio_pidstore/minters.py                                          16      0   100%
invenio_pidstore/models.py                                          246      0   100%
invenio_pidstore/providers/__init__.py                                0      0   100%
invenio_pidstore/providers/base.py                                   31      0   100%
invenio_pidstore/providers/datacite.py                               94      0   100%
invenio_pidstore/providers/recordid.py                               18      0   100%
invenio_pidstore/providers/recordid_v2.py                            32      0   100%
invenio_pidstore/proxies.py                                           4      0   100%
invenio_pidstore/resolver.py                                         29      2    93%   64-65
-----------------------------------------------------------------------------------------------
TOTAL                                                               722     21    97%
================== 45 passed, 1 skipped, 7 warnings in 8.99s ===================
/home/runner/work/test-zip-extract-repository/test-zip-extract-repository/workdir/tests/invenio-pidstore/original/.venv/lib/python3.14/site-packages/_pytest/unraisableexception.py:33: ResourceWarning: unclosed database in <sqlite3.Connection object at 0x7f1f1bbcf970>
  gc.collect()
ResourceWarning: Enable tracemalloc to get the object allocation traceback
/home/runner/work/test-zip-extract-repository/test-zip-extract-repository/workdir/tests/invenio-pidstore/original/.venv/lib/python3.14/site-packages/_pytest/unraisableexception.py:33: ResourceWarning: unclosed database in <sqlite3.Connection object at 0x7f1f1b77d990>
  gc.collect()
ResourceWarning: Enable tracemalloc to get the object allocation traceback
/home/runner/work/test-zip-extract-repository/test-zip-extract-repository/workdir/tests/invenio-pidstore/original/.venv/lib/python3.14/site-packages/_pytest/unraisableexception.py:33: ResourceWarning: unclosed database in <sqlite3.Connection object at 0x7f1f1b7f1990>
  gc.collect()
ResourceWarning: Enable tracemalloc to get the object allocation traceback
/home/runner/work/test-zip-extract-repository/test-zip-extract-repository/workdir/tests/invenio-pidstore/original/.venv/lib/python3.14/site-packages/_pytest/unraisableexception.py:33: ResourceWarning: unclosed database in <sqlite3.Connection object at 0x7f1f1b77f2e0>
  gc.collect()
ResourceWarning: Enable tracemalloc to get the object allocation traceback
/home/runner/work/test-zip-extract-repository/test-zip-extract-repository/workdir/tests/invenio-pidstore/original/.venv/lib/python3.14/site-packages/_pytest/unraisableexception.py:33: ResourceWarning: unclosed database in <sqlite3.Connection object at 0x7f1f1b5e18a0>
  gc.collect()
ResourceWarning: Enable tracemalloc to get the object allocation traceback
/home/runner/work/test-zip-extract-repository/test-zip-extract-repository/workdir/tests/invenio-pidstore/original/.venv/lib/python3.14/site-packages/_pytest/unraisableexception.py:33: ResourceWarning: unclosed database in <sqlite3.Connection object at 0x7f1f1b5e1300>
  gc.collect()
ResourceWarning: Enable tracemalloc to get the object allocation traceback
/home/runner/work/test-zip-extract-repository/test-zip-extract-repository/workdir/tests/invenio-pidstore/original/.venv/lib/python3.14/site-packages/_pytest/unraisableexception.py:33: ResourceWarning: unclosed database in <sqlite3.Connection object at 0x7f1f1b63c9a0>
  gc.collect()
ResourceWarning: Enable tracemalloc to get the object allocation traceback
/home/runner/work/test-zip-extract-repository/test-zip-extract-repository/workdir/tests/invenio-pidstore/original/.venv/lib/python3.14/site-packages/_pytest/unraisableexception.py:33: ResourceWarning: unclosed database in <sqlite3.Connection object at 0x7f1f1b5e3e20>
  gc.collect()
ResourceWarning: Enable tracemalloc to get the object allocation traceback
/home/runner/work/test-zip-extract-repository/test-zip-extract-repository/workdir/tests/invenio-pidstore/original/.venv/lib/python3.14/site-packages/_pytest/unraisableexception.py:33: ResourceWarning: unclosed database in <sqlite3.Connection object at 0x7f1f1b63fa60>
  gc.collect()
ResourceWarning: Enable tracemalloc to get the object allocation traceback
/home/runner/work/test-zip-extract-repository/test-zip-extract-repository/workdir/tests/invenio-pidstore/original/.venv/lib/python3.14/site-packages/_pytest/unraisableexception.py:33: ResourceWarning: unclosed database in <sqlite3.Connection object at 0x7f1f1b4d15d0>
  gc.collect()
ResourceWarning: Enable tracemalloc to get the object allocation traceback
/home/runner/work/test-zip-extract-repository/test-zip-extract-repository/workdir/tests/invenio-pidstore/original/.venv/lib/python3.14/site-packages/_pytest/unraisableexception.py:33: ResourceWarning: unclosed database in <sqlite3.Connection object at 0x7f1f1b4d32e0>
  gc.collect()
ResourceWarning: Enable tracemalloc to get the object allocation traceback
/home/runner/work/test-zip-extract-repository/test-zip-extract-repository/workdir/tests/invenio-pidstore/original/.venv/lib/python3.14/site-packages/_pytest/unraisableexception.py:33: ResourceWarning: unclosed database in <sqlite3.Connection object at 0x7f1f1b532d40>
  gc.collect()
ResourceWarning: Enable tracemalloc to get the object allocation traceback
/home/runner/work/test-zip-extract-repository/test-zip-extract-repository/workdir/tests/invenio-pidstore/original/.venv/lib/python3.14/site-packages/_pytest/unraisableexception.py:33: ResourceWarning: unclosed database in <sqlite3.Connection object at 0x7f1f1b3736a0>
  gc.collect()
ResourceWarning: Enable tracemalloc to get the object allocation traceback
/home/runner/work/test-zip-extract-repository/test-zip-extract-repository/workdir/tests/invenio-pidstore/original/.venv/lib/python3.14/site-packages/_pytest/unraisableexception.py:33: ResourceWarning: unclosed database in <sqlite3.Connection object at 0x7f1f1b3bdb70>
  gc.collect()
ResourceWarning: Enable tracemalloc to get the object allocation traceback
/home/runner/work/test-zip-extract-repository/test-zip-extract-repository/workdir/tests/invenio-pidstore/original/.venv/lib/python3.14/site-packages/_pytest/unraisableexception.py:33: ResourceWarning: unclosed database in <sqlite3.Connection object at 0x7f1f1b3bf970>
  gc.collect()
ResourceWarning: Enable tracemalloc to get the object allocation traceback
/home/runner/work/test-zip-extract-repository/test-zip-extract-repository/workdir/tests/invenio-pidstore/original/.venv/lib/python3.14/site-packages/_pytest/unraisableexception.py:33: ResourceWarning: unclosed database in <sqlite3.Connection object at 0x7f1f1b419b70>
  gc.collect()
ResourceWarning: Enable tracemalloc to get the object allocation traceback
/home/runner/work/test-zip-extract-repository/test-zip-extract-repository/workdir/tests/invenio-pidstore/original/.venv/lib/python3.14/site-packages/_pytest/unraisableexception.py:33: ResourceWarning: unclosed database in <sqlite3.Connection object at 0x7f1f1b41bf10>
  gc.collect()
ResourceWarning: Enable tracemalloc to get the object allocation traceback
/home/runner/work/test-zip-extract-repository/test-zip-extract-repository/workdir/tests/invenio-pidstore/original/.venv/lib/python3.14/site-packages/_pytest/unraisableexception.py:33: ResourceWarning: unclosed database in <sqlite3.Connection object at 0x7f1f1b299990>
  gc.collect()
ResourceWarning: Enable tracemalloc to get the object allocation traceback
/home/runner/work/test-zip-extract-repository/test-zip-extract-repository/workdir/tests/invenio-pidstore/original/.venv/lib/python3.14/site-packages/_pytest/unraisableexception.py:33: ResourceWarning: unclosed database in <sqlite3.Connection object at 0x7f1f1b29bb50>
  gc.collect()
ResourceWarning: Enable tracemalloc to get the object allocation traceback
/home/runner/work/test-zip-extract-repository/test-zip-extract-repository/workdir/tests/invenio-pidstore/original/.venv/lib/python3.14/site-packages/_pytest/unraisableexception.py:33: ResourceWarning: unclosed database in <sqlite3.Connection object at 0x7f1f1b305d50>
  gc.collect()
ResourceWarning: Enable tracemalloc to get the object allocation traceback
/home/runner/work/test-zip-extract-repository/test-zip-extract-repository/workdir/tests/invenio-pidstore/original/.venv/lib/python3.14/site-packages/_pytest/unraisableexception.py:33: ResourceWarning: unclosed database in <sqlite3.Connection object at 0x7f1f1b16a020>
  gc.collect()
ResourceWarning: Enable tracemalloc to get the object allocation traceback
/home/runner/work/test-zip-extract-repository/test-zip-extract-repository/workdir/tests/invenio-pidstore/original/.venv/lib/python3.14/site-packages/_pytest/unraisableexception.py:33: ResourceWarning: unclosed database in <sqlite3.Connection object at 0x7f1f1b214c70>
  gc.collect()
ResourceWarning: Enable tracemalloc to get the object allocation traceback
/home/runner/work/test-zip-extract-repository/test-zip-extract-repository/workdir/tests/invenio-pidstore/original/.venv/lib/python3.14/site-packages/_pytest/unraisableexception.py:33: ResourceWarning: unclosed database in <sqlite3.Connection object at 0x7f1f1b217970>
  gc.collect()
ResourceWarning: Enable tracemalloc to get the object allocation traceback
/home/runner/work/test-zip-extract-repository/test-zip-extract-repository/workdir/tests/invenio-pidstore/original/.venv/lib/python3.14/site-packages/_pytest/unraisableexception.py:33: ResourceWarning: unclosed database in <sqlite3.Connection object at 0x7f1f1b079a80>
  gc.collect()
ResourceWarning: Enable tracemalloc to get the object allocation traceback
/home/runner/work/test-zip-extract-repository/test-zip-extract-repository/workdir/tests/invenio-pidstore/original/.venv/lib/python3.14/site-packages/_pytest/unraisableexception.py:33: ResourceWarning: unclosed database in <sqlite3.Connection object at 0x7f1f1b07b3d0>
  gc.collect()
ResourceWarning: Enable tracemalloc to get the object allocation traceback
/home/runner/work/test-zip-extract-repository/test-zip-extract-repository/workdir/tests/invenio-pidstore/original/.venv/lib/python3.14/site-packages/_pytest/unraisableexception.py:33: ResourceWarning: unclosed database in <sqlite3.Connection object at 0x7f1f1b0dcd60>
  gc.collect()
ResourceWarning: Enable tracemalloc to get the object allocation traceback
/home/runner/work/test-zip-extract-repository/test-zip-extract-repository/workdir/tests/invenio-pidstore/original/.venv/lib/python3.14/site-packages/_pytest/unraisableexception.py:33: ResourceWarning: unclosed database in <sqlite3.Connection object at 0x7f1f1b0df6a0>
  gc.collect()
ResourceWarning: Enable tracemalloc to get the object allocation traceback
/home/runner/work/test-zip-extract-repository/test-zip-extract-repository/workdir/tests/invenio-pidstore/original/.venv/lib/python3.14/site-packages/_pytest/unraisableexception.py:33: ResourceWarning: unclosed database in <sqlite3.Connection object at 0x7f1f1b14d030>
  gc.collect()
ResourceWarning: Enable tracemalloc to get the object allocation traceback
/home/runner/work/test-zip-extract-repository/test-zip-extract-repository/workdir/tests/invenio-pidstore/original/.venv/lib/python3.14/site-packages/_pytest/unraisableexception.py:33: ResourceWarning: unclosed database in <sqlite3.Connection object at 0x7f1f1b14e980>
  gc.collect()
ResourceWarning: Enable tracemalloc to get the object allocation traceback
/home/runner/work/test-zip-extract-repository/test-zip-extract-repository/workdir/tests/invenio-pidstore/original/.venv/lib/python3.14/site-packages/_pytest/unraisableexception.py:33: ResourceWarning: unclosed database in <sqlite3.Connection object at 0x7f1f1b14fc40>
  gc.collect()
ResourceWarning: Enable tracemalloc to get the object allocation traceback
/home/runner/work/test-zip-extract-repository/test-zip-extract-repository/workdir/tests/invenio-pidstore/original/.venv/lib/python3.14/site-packages/_pytest/unraisableexception.py:33: ResourceWarning: unclosed database in <sqlite3.Connection object at 0x7f1f1afadc60>
  gc.collect()
ResourceWarning: Enable tracemalloc to get the object allocation traceback
/home/runner/work/test-zip-extract-repository/test-zip-extract-repository/workdir/tests/invenio-pidstore/original/.venv/lib/python3.14/site-packages/_pytest/unraisableexception.py:33: ResourceWarning: unclosed database in <sqlite3.Connection object at 0x7f1f1afaf5b0>
  gc.collect()
ResourceWarning: Enable tracemalloc to get the object allocation traceback
/home/runner/work/test-zip-extract-repository/test-zip-extract-repository/workdir/tests/invenio-pidstore/original/.venv/lib/python3.14/site-packages/_pytest/unraisableexception.py:33: ResourceWarning: unclosed database in <sqlite3.Connection object at 0x7f1f1b04cf40>
  gc.collect()
ResourceWarning: Enable tracemalloc to get the object allocation traceback
/home/runner/work/test-zip-extract-repository/test-zip-extract-repository/workdir/tests/invenio-pidstore/original/.venv/lib/python3.14/site-packages/_pytest/unraisableexception.py:33: ResourceWarning: unclosed database in <sqlite3.Connection object at 0x7f1f1b04e890>
  gc.collect()
ResourceWarning: Enable tracemalloc to get the object allocation traceback
/home/runner/work/test-zip-extract-repository/test-zip-extract-repository/workdir/tests/invenio-pidstore/original/.venv/lib/python3.14/site-packages/_pytest/unraisableexception.py:33: ResourceWarning: unclosed database in <sqlite3.Connection object at 0x7f1f1b04fe20>
  gc.collect()
ResourceWarning: Enable tracemalloc to get the object allocation traceback
/home/runner/work/test-zip-extract-repository/test-zip-extract-repository/workdir/tests/invenio-pidstore/original/.venv/lib/python3.14/site-packages/_pytest/unraisableexception.py:33: ResourceWarning: unclosed database in <sqlite3.Connection object at 0x7f1f1aee2b60>
  gc.collect()
ResourceWarning: Enable tracemalloc to get the object allocation traceback
/home/runner/work/test-zip-extract-repository/test-zip-extract-repository/workdir/tests/invenio-pidstore/original/.venv/lib/python3.14/site-packages/_pytest/unraisableexception.py:33: ResourceWarning: unclosed database in <sqlite3.Connection object at 0x7f1f1ad7c310>
  gc.collect()
ResourceWarning: Enable tracemalloc to get the object allocation traceback
/home/runner/work/test-zip-extract-repository/test-zip-extract-repository/workdir/tests/invenio-pidstore/original/.venv/lib/python3.14/site-packages/_pytest/unraisableexception.py:33: ResourceWarning: unclosed database in <sqlite3.Connection object at 0x7f1f1ad7e110>
  gc.collect()
ResourceWarning: Enable tracemalloc to get the object allocation traceback
/home/runner/work/test-zip-extract-repository/test-zip-extract-repository/workdir/tests/invenio-pidstore/original/.venv/lib/python3.14/site-packages/_pytest/unraisableexception.py:33: ResourceWarning: unclosed database in <sqlite3.Connection object at 0x7f1f1ad7fa60>
  gc.collect()
ResourceWarning: Enable tracemalloc to get the object allocation traceback
 Container docker_services_cli-postgresql-1  Stopping
 Container docker_services_cli-redis-1  Stopping
 Container docker_services_cli-redis-1  Stopped
 Container docker_services_cli-redis-1  Removing
 Container docker_services_cli-postgresql-1  Stopped
 Container docker_services_cli-postgresql-1  Removing
 Container docker_services_cli-redis-1  Removed
 Container docker_services_cli-postgresql-1  Removed
 Network docker_services_cli_default  Removing
 Network docker_services_cli_default  Removed
