 redis Pulling 
 postgresql Pulling 
 opensearch Pulling 
 f9dd052e142d Pulling fs layer 
 e8c6d4883897 Pulling fs layer 
 648eb81b3252 Pulling fs layer 
 eb77aa907276 Pulling fs layer 
 4f4fb700ef54 Pulling fs layer 
 0ffa8f8aba1e Pulling fs layer 
 2e81b9cb93cd Pulling fs layer 
 4f4fb700ef54 Waiting 
 0ffa8f8aba1e Waiting 
 2e81b9cb93cd Waiting 
 eb77aa907276 Waiting 
 4831516dd0cb Pulling fs layer 
 47a60771af96 Pulling fs layer 
 7b28be0c8c4d Pulling fs layer 
 edcaff0d5e7e Pulling fs layer 
 22dca8215bc4 Pulling fs layer 
 bbf018d6d4b8 Pulling fs layer 
 4f4fb700ef54 Pulling fs layer 
 4831516dd0cb Waiting 
 c5761dea9b0e Pulling fs layer 
 47a60771af96 Waiting 
 7b28be0c8c4d Waiting 
 22dca8215bc4 Waiting 
 edcaff0d5e7e Waiting 
 bbf018d6d4b8 Waiting 
 4f4fb700ef54 Waiting 
 b0a0cf830b12 Pulling fs layer 
 dda3d8fbd5ed Pulling fs layer 
 283a477db7bb Pulling fs layer 
 91d2729fa4d5 Pulling fs layer 
 9739ced65621 Pulling fs layer 
 ae3bb1b347a4 Pulling fs layer 
 f8406d9c00ea Pulling fs layer 
 c199bff16b05 Pulling fs layer 
 e0d55fdb4d15 Pulling fs layer 
 c1cb13b19080 Pulling fs layer 
 873532e5f8c7 Pulling fs layer 
 050d9f8c3b1c Pulling fs layer 
 710e142705f8 Pulling fs layer 
 cb628c265f09 Pulling fs layer 
 b0a0cf830b12 Waiting 
 dda3d8fbd5ed Waiting 
 873532e5f8c7 Waiting 
 ae3bb1b347a4 Waiting 
 050d9f8c3b1c Waiting 
 f8406d9c00ea Waiting 
 710e142705f8 Waiting 
 c199bff16b05 Waiting 
 e0d55fdb4d15 Waiting 
 cb628c265f09 Waiting 
 c1cb13b19080 Waiting 
 283a477db7bb Waiting 
 91d2729fa4d5 Waiting 
 9739ced65621 Waiting 
 648eb81b3252 Downloading [=======================>                           ]     720B/1.561kB
 648eb81b3252 Downloading [==================================================>]  1.561kB/1.561kB
 648eb81b3252 Verifying Checksum 
 648eb81b3252 Download complete 
 e8c6d4883897 Downloading [>                                                  ]  44.91kB/4.398MB
 f9dd052e142d Downloading [>                                                  ]  531.8kB/52.33MB
 e8c6d4883897 Downloading [==========================================>        ]  3.756MB/4.398MB
 e8c6d4883897 Verifying Checksum 
 e8c6d4883897 Download complete 
 f9dd052e142d Downloading [================>                                  ]   16.9MB/52.33MB
 f9dd052e142d Downloading [====================================>              ]   38.6MB/52.33MB
 eb77aa907276 Downloading [>                                                  ]  532.5kB/907.7MB
 f9dd052e142d Verifying Checksum 
 f9dd052e142d Download complete 
 f9dd052e142d Extracting [>                                                  ]  524.3kB/52.33MB
 4f4fb700ef54 Downloading [==================================================>]      32B/32B
 4f4fb700ef54 Verifying Checksum 
 4f4fb700ef54 Download complete 
 eb77aa907276 Downloading [>                                                  ]  16.62MB/907.7MB
 f9dd052e142d Extracting [=>                                                 ]  1.573MB/52.33MB
 eb77aa907276 Downloading [==>                                                ]  42.33MB/907.7MB
 0ffa8f8aba1e Downloading [==================================================>]     226B/226B
 0ffa8f8aba1e Verifying Checksum 
 0ffa8f8aba1e Download complete 
 f9dd052e142d Extracting [====>                                              ]  4.719MB/52.33MB
 2e81b9cb93cd Downloading [===================>                               ]     708B/1.859kB
 2e81b9cb93cd Downloading [==================================================>]  1.859kB/1.859kB
 2e81b9cb93cd Verifying Checksum 
 2e81b9cb93cd Download complete 
 eb77aa907276 Downloading [===>                                               ]  66.92MB/907.7MB
 eb77aa907276 Downloading [=====>                                             ]  92.18MB/907.7MB
 f9dd052e142d Extracting [=====>                                             ]  5.767MB/52.33MB
 eb77aa907276 Downloading [======>                                            ]  117.4MB/907.7MB
 f9dd052e142d Extracting [=============>                                     ]  13.63MB/52.33MB
 47a60771af96 Downloading [================================>                  ]     719B/1.105kB
 47a60771af96 Downloading [==================================================>]  1.105kB/1.105kB
 47a60771af96 Verifying Checksum 
 47a60771af96 Download complete 
 eb77aa907276 Downloading [=======>                                           ]  138.2MB/907.7MB
 4831516dd0cb Downloading [>                                                  ]  282.5kB/28.23MB
 f9dd052e142d Extracting [====================>                              ]  20.97MB/52.33MB
 eb77aa907276 Downloading [========>                                          ]  160.7MB/907.7MB
 4831516dd0cb Downloading [=========>                                         ]  5.552MB/28.23MB
 f9dd052e142d Extracting [=========================>                         ]  26.74MB/52.33MB
 4831516dd0cb Downloading [========================>                          ]  13.98MB/28.23MB
 eb77aa907276 Downloading [=========>                                         ]    180MB/907.7MB
 7b28be0c8c4d Downloading [=======================================>           ]     688B/874B
 7b28be0c8c4d Downloading [==================================================>]     874B/874B
 7b28be0c8c4d Verifying Checksum 
 7b28be0c8c4d Download complete 
 f9dd052e142d Extracting [===========================>                       ]  28.84MB/52.33MB
 4831516dd0cb Verifying Checksum 
 4831516dd0cb Download complete 
 eb77aa907276 Downloading [==========>                                        ]  199.3MB/907.7MB
 4831516dd0cb Extracting [>                                                  ]  294.9kB/28.23MB
 f9dd052e142d Extracting [============================>                      ]  29.88MB/52.33MB
 eb77aa907276 Downloading [===========>                                       ]  217.6MB/907.7MB
 4831516dd0cb Extracting [========>                                          ]  5.014MB/28.23MB
 edcaff0d5e7e Downloading [>                                                  ]  15.57kB/1.438MB
 eb77aa907276 Downloading [=============>                                     ]  241.1MB/907.7MB
 f9dd052e142d Extracting [=============================>                     ]  30.41MB/52.33MB
 4831516dd0cb Extracting [================>                                  ]  9.142MB/28.23MB
 22dca8215bc4 Downloading [>                                                  ]    157kB/15.35MB
 edcaff0d5e7e Verifying Checksum 
 edcaff0d5e7e Download complete 
 eb77aa907276 Downloading [==============>                                    ]    263MB/907.7MB
 4831516dd0cb Extracting [===================>                               ]  11.21MB/28.23MB
 f9dd052e142d Extracting [===============================>                   ]  33.03MB/52.33MB
 22dca8215bc4 Downloading [=================>                                 ]  5.382MB/15.35MB
 eb77aa907276 Downloading [===============>                                   ]  286.1MB/907.7MB
 22dca8215bc4 Verifying Checksum 
 22dca8215bc4 Download complete 
 4831516dd0cb Extracting [============================>                      ]  16.22MB/28.23MB
 f9dd052e142d Extracting [=================================>                 ]   34.6MB/52.33MB
 eb77aa907276 Downloading [=================>                                 ]  308.6MB/907.7MB
 4831516dd0cb Extracting [======================================>            ]  21.82MB/28.23MB
 bbf018d6d4b8 Downloading [==================================================>]      97B/97B
 bbf018d6d4b8 Verifying Checksum 
 bbf018d6d4b8 Download complete 
 eb77aa907276 Downloading [==================>                                ]  332.7MB/907.7MB
 f9dd052e142d Extracting [===================================>               ]   36.7MB/52.33MB
 4f4fb700ef54 Downloading [==================================================>]      32B/32B
 4f4fb700ef54 Verifying Checksum 
 4f4fb700ef54 Download complete 
 eb77aa907276 Downloading [===================>                               ]  355.8MB/907.7MB
 f9dd052e142d Extracting [=====================================>             ]   38.8MB/52.33MB
 4831516dd0cb Extracting [==========================================>        ]  23.89MB/28.23MB
 eb77aa907276 Downloading [=====================>                             ]  381.5MB/907.7MB
 c5761dea9b0e Downloading [==================================================>]     573B/573B
 c5761dea9b0e Verifying Checksum 
 c5761dea9b0e Download complete 
 f9dd052e142d Extracting [=======================================>           ]  41.42MB/52.33MB
 4831516dd0cb Extracting [===============================================>   ]  26.84MB/28.23MB
 eb77aa907276 Downloading [======================>                            ]  405.5MB/907.7MB
 f9dd052e142d Extracting [==========================================>        ]  44.04MB/52.33MB
 b0a0cf830b12 Downloading [>                                                  ]  306.4kB/29.15MB
 eb77aa907276 Downloading [=======================>                           ]  426.4MB/907.7MB
 f9dd052e142d Extracting [=============================================>     ]  47.19MB/52.33MB
 eb77aa907276 Downloading [========================>                          ]  447.3MB/907.7MB
 dda3d8fbd5ed Downloading [==============================>                    ]     720B/1.165kB
 dda3d8fbd5ed Downloading [==================================================>]  1.165kB/1.165kB
 dda3d8fbd5ed Verifying Checksum 
 dda3d8fbd5ed Download complete 
 b0a0cf830b12 Downloading [================>                                  ]  9.784MB/29.15MB
 f9dd052e142d Extracting [===============================================>   ]  49.28MB/52.33MB
 b0a0cf830b12 Verifying Checksum 
 b0a0cf830b12 Download complete 
 eb77aa907276 Downloading [=========================>                         ]  470.8MB/907.7MB
 b0a0cf830b12 Extracting [>                                                  ]  294.9kB/29.15MB
 4831516dd0cb Extracting [================================================>  ]  27.43MB/28.23MB
 eb77aa907276 Downloading [===========================>                       ]  490.6MB/907.7MB
 b0a0cf830b12 Extracting [=======>                                           ]  4.424MB/29.15MB
 283a477db7bb Downloading [>                                                  ]  45.83kB/4.533MB
 eb77aa907276 Downloading [============================>                      ]    512MB/907.7MB
 4831516dd0cb Extracting [==================================================>]  28.23MB/28.23MB
 b0a0cf830b12 Extracting [=============>                                     ]  7.668MB/29.15MB
 4831516dd0cb Pull complete 
 47a60771af96 Extracting [==================================================>]  1.105kB/1.105kB
 47a60771af96 Extracting [==================================================>]  1.105kB/1.105kB
 91d2729fa4d5 Downloading [>                                                  ]  15.73kB/1.45MB
 283a477db7bb Downloading [===================================>               ]  3.258MB/4.533MB
 283a477db7bb Downloading [==================================================>]  4.533MB/4.533MB
 283a477db7bb Verifying Checksum 
 283a477db7bb Download complete 
 eb77aa907276 Downloading [=============================>                     ]  529.6MB/907.7MB
 b0a0cf830b12 Extracting [================>                                  ]  9.732MB/29.15MB
 91d2729fa4d5 Verifying Checksum 
 91d2729fa4d5 Download complete 
 f9dd052e142d Extracting [=================================================> ]  51.38MB/52.33MB
 eb77aa907276 Downloading [==============================>                    ]  552.1MB/907.7MB
 eb77aa907276 Downloading [===============================>                   ]  564.4MB/907.7MB
 b0a0cf830b12 Extracting [====================>                              ]   11.8MB/29.15MB
 9739ced65621 Downloading [>                                                  ]   84.3kB/8.069MB
 eb77aa907276 Downloading [================================>                  ]  582.1MB/907.7MB
 ae3bb1b347a4 Downloading [>                                                  ]  12.32kB/1.196MB
 f9dd052e142d Extracting [=================================================> ]   51.9MB/52.33MB
 f9dd052e142d Extracting [==================================================>]  52.33MB/52.33MB
 b0a0cf830b12 Extracting [==============================>                    ]  17.69MB/29.15MB
 9739ced65621 Downloading [======================>                            ]  3.655MB/8.069MB
 ae3bb1b347a4 Downloading [==================================================>]  1.196MB/1.196MB
 ae3bb1b347a4 Verifying Checksum 
 ae3bb1b347a4 Download complete 
 eb77aa907276 Downloading [=================================>                 ]  605.1MB/907.7MB
 9739ced65621 Download complete 
 b0a0cf830b12 Extracting [====================================>              ]  21.23MB/29.15MB
 eb77aa907276 Downloading [==================================>                ]    619MB/907.7MB
 eb77aa907276 Downloading [==================================>                ]  625.4MB/907.7MB
 f8406d9c00ea Downloading [==================================================>]     116B/116B
 f8406d9c00ea Verifying Checksum 
 f8406d9c00ea Download complete 
 c199bff16b05 Downloading [===========>                                       ]     719B/3.145kB
 c199bff16b05 Download complete 
 eb77aa907276 Downloading [===================================>               ]    648MB/907.7MB
 b0a0cf830b12 Extracting [==========================================>        ]  24.77MB/29.15MB
 f9dd052e142d Pull complete 
 eb77aa907276 Downloading [====================================>              ]  661.4MB/907.7MB
 b0a0cf830b12 Extracting [============================================>      ]  25.66MB/29.15MB
 c1cb13b19080 Downloading [===>                                               ]     688B/9.925kB
 c1cb13b19080 Downloading [==================================================>]  9.925kB/9.925kB
 c1cb13b19080 Verifying Checksum 
 c1cb13b19080 Download complete 
 e0d55fdb4d15 Downloading [>                                                  ]  532.5kB/109MB
 eb77aa907276 Downloading [=====================================>             ]  685.5MB/907.7MB
 b0a0cf830b12 Extracting [===============================================>   ]  27.72MB/29.15MB
 e0d55fdb4d15 Downloading [======>                                            ]  14.44MB/109MB
 eb77aa907276 Downloading [=======================================>           ]  710.1MB/907.7MB
 e0d55fdb4d15 Downloading [========>                                          ]  19.25MB/109MB
 eb77aa907276 Downloading [=======================================>           ]  711.2MB/907.7MB
 e8c6d4883897 Extracting [>                                                  ]  65.54kB/4.398MB
 873532e5f8c7 Downloading [==================================================>]     128B/128B
 873532e5f8c7 Verifying Checksum 
 873532e5f8c7 Download complete 
 eb77aa907276 Downloading [========================================>          ]  734.7MB/907.7MB
 e0d55fdb4d15 Downloading [==============>                                    ]  30.99MB/109MB
 eb77aa907276 Downloading [=========================================>         ]  759.3MB/907.7MB
 e8c6d4883897 Extracting [==>                                                ]  262.1kB/4.398MB
 050d9f8c3b1c Downloading [==================================================>]     169B/169B
 050d9f8c3b1c Verifying Checksum 
 050d9f8c3b1c Download complete 
 e0d55fdb4d15 Downloading [====================>                              ]  43.79MB/109MB
 eb77aa907276 Downloading [==========================================>        ]    770MB/907.7MB
 eb77aa907276 Downloading [===========================================>       ]  784.5MB/907.7MB
 e0d55fdb4d15 Downloading [========================>                          ]  53.96MB/109MB
 eb77aa907276 Downloading [===========================================>       ]    792MB/907.7MB
 e0d55fdb4d15 Downloading [============================>                      ]  62.02MB/109MB
 710e142705f8 Downloading [======>                                            ]     720B/5.421kB
 710e142705f8 Downloading [==================================================>]  5.421kB/5.421kB
 710e142705f8 Verifying Checksum 
 710e142705f8 Download complete 
 eb77aa907276 Downloading [============================================>      ]    807MB/907.7MB
 e0d55fdb4d15 Downloading [==================================>                ]  74.92MB/109MB
 e8c6d4883897 Extracting [========>                                          ]  720.9kB/4.398MB
 e0d55fdb4d15 Downloading [=======================================>           ]  85.66MB/109MB
 eb77aa907276 Downloading [=============================================>     ]    821MB/907.7MB
 e8c6d4883897 Extracting [==============>                                    ]  1.311MB/4.398MB
 cb628c265f09 Downloading [==================================================>]     184B/184B
 eb77aa907276 Downloading [=============================================>     ]  834.3MB/907.7MB
 cb628c265f09 Verifying Checksum 
 cb628c265f09 Download complete 
 e0d55fdb4d15 Downloading [===============================================>   ]  103.3MB/109MB
 e8c6d4883897 Extracting [===================>                               ]  1.704MB/4.398MB
 e0d55fdb4d15 Verifying Checksum 
 e0d55fdb4d15 Download complete 
 eb77aa907276 Downloading [==============================================>    ]  840.7MB/907.7MB
 b0a0cf830b12 Extracting [================================================>  ]  28.31MB/29.15MB
 eb77aa907276 Downloading [===============================================>   ]  856.8MB/907.7MB
 e8c6d4883897 Extracting [=======================>                           ]  2.097MB/4.398MB
 b0a0cf830b12 Extracting [=================================================> ]   28.9MB/29.15MB
 eb77aa907276 Downloading [================================================>  ]  872.8MB/907.7MB
 e8c6d4883897 Extracting [=========================>                         ]  2.228MB/4.398MB
 eb77aa907276 Downloading [================================================>  ]  886.2MB/907.7MB
 e8c6d4883897 Extracting [==========================>                        ]  2.359MB/4.398MB
 eb77aa907276 Downloading [=================================================> ]  905.5MB/907.7MB
 eb77aa907276 Verifying Checksum 
 eb77aa907276 Download complete 
 e8c6d4883897 Extracting [===========================>                       ]  2.425MB/4.398MB
 b0a0cf830b12 Extracting [==================================================>]  29.15MB/29.15MB
 e8c6d4883897 Extracting [============================>                      ]   2.49MB/4.398MB
 e8c6d4883897 Extracting [=============================>                     ]  2.556MB/4.398MB
 e8c6d4883897 Extracting [==============================>                    ]  2.687MB/4.398MB
 e8c6d4883897 Extracting [===============================>                   ]  2.753MB/4.398MB
 b0a0cf830b12 Pull complete 
 dda3d8fbd5ed Extracting [==================================================>]  1.165kB/1.165kB
 dda3d8fbd5ed Extracting [==================================================>]  1.165kB/1.165kB
 47a60771af96 Pull complete 
 7b28be0c8c4d Extracting [==================================================>]     874B/874B
 7b28be0c8c4d Extracting [==================================================>]     874B/874B
 7b28be0c8c4d Pull complete 
 dda3d8fbd5ed Pull complete 
 edcaff0d5e7e Extracting [=>                                                 ]  32.77kB/1.438MB
 283a477db7bb Extracting [>                                                  ]  65.54kB/4.533MB
 edcaff0d5e7e Extracting [==================================================>]  1.438MB/1.438MB
 e8c6d4883897 Extracting [=====================================>             ]  3.342MB/4.398MB
 edcaff0d5e7e Extracting [==================================================>]  1.438MB/1.438MB
 edcaff0d5e7e Pull complete 
 22dca8215bc4 Extracting [>                                                  ]  163.8kB/15.35MB
 283a477db7bb Extracting [==========================================>        ]  3.867MB/4.533MB
 e8c6d4883897 Extracting [==================================================>]  4.398MB/4.398MB
 283a477db7bb Extracting [==================================================>]  4.533MB/4.533MB
 e8c6d4883897 Pull complete 
 22dca8215bc4 Extracting [====================>                              ]  6.226MB/15.35MB
 648eb81b3252 Extracting [==================================================>]  1.561kB/1.561kB
 648eb81b3252 Extracting [==================================================>]  1.561kB/1.561kB
 648eb81b3252 Pull complete 
 283a477db7bb Pull complete 
 91d2729fa4d5 Extracting [=>                                                 ]  32.77kB/1.45MB
 91d2729fa4d5 Extracting [==================================================>]   1.45MB/1.45MB
 eb77aa907276 Extracting [>                                                  ]  557.1kB/907.7MB
 22dca8215bc4 Extracting [=========================================>         ]  12.78MB/15.35MB
 91d2729fa4d5 Pull complete 
 9739ced65621 Extracting [>                                                  ]   98.3kB/8.069MB
 22dca8215bc4 Extracting [==================================================>]  15.35MB/15.35MB
 eb77aa907276 Extracting [>                                                  ]  13.37MB/907.7MB
 22dca8215bc4 Pull complete 
 bbf018d6d4b8 Extracting [==================================================>]      97B/97B
 bbf018d6d4b8 Extracting [==================================================>]      97B/97B
 bbf018d6d4b8 Pull complete 
 4f4fb700ef54 Extracting [==================================================>]      32B/32B
 9739ced65621 Extracting [==================>                                ]  2.949MB/8.069MB
 4f4fb700ef54 Extracting [==================================================>]      32B/32B
 4f4fb700ef54 Pull complete 
 c5761dea9b0e Extracting [==================================================>]     573B/573B
 c5761dea9b0e Extracting [==================================================>]     573B/573B
 c5761dea9b0e Pull complete 
 redis Pulled 
 eb77aa907276 Extracting [=>                                                 ]  30.64MB/907.7MB
 9739ced65621 Extracting [=============================>                     ]  4.719MB/8.069MB
 eb77aa907276 Extracting [==>                                                ]  49.02MB/907.7MB
 9739ced65621 Extracting [======================================>            ]  6.291MB/8.069MB
 eb77aa907276 Extracting [===>                                               ]  70.19MB/907.7MB
 9739ced65621 Extracting [==================================================>]  8.069MB/8.069MB
 9739ced65621 Pull complete 
 ae3bb1b347a4 Extracting [=>                                                 ]  32.77kB/1.196MB
 ae3bb1b347a4 Extracting [==================================================>]  1.196MB/1.196MB
 ae3bb1b347a4 Extracting [==================================================>]  1.196MB/1.196MB
 eb77aa907276 Extracting [====>                                              ]  81.89MB/907.7MB
 ae3bb1b347a4 Pull complete 
 f8406d9c00ea Extracting [==================================================>]     116B/116B
 f8406d9c00ea Extracting [==================================================>]     116B/116B
 f8406d9c00ea Pull complete 
 c199bff16b05 Extracting [==================================================>]  3.145kB/3.145kB
 c199bff16b05 Extracting [==================================================>]  3.145kB/3.145kB
 c199bff16b05 Pull complete 
 eb77aa907276 Extracting [=====>                                             ]  92.47MB/907.7MB
 e0d55fdb4d15 Extracting [>                                                  ]  557.1kB/109MB
 eb77aa907276 Extracting [=====>                                             ]  99.71MB/907.7MB
 e0d55fdb4d15 Extracting [===>                                               ]  6.685MB/109MB
 eb77aa907276 Extracting [=====>                                             ]  107.5MB/907.7MB
 e0d55fdb4d15 Extracting [====>                                              ]   9.47MB/109MB
 eb77aa907276 Extracting [======>                                            ]  115.9MB/907.7MB
 e0d55fdb4d15 Extracting [======>                                            ]  13.37MB/109MB
 eb77aa907276 Extracting [======>                                            ]  123.7MB/907.7MB
 e0d55fdb4d15 Extracting [=======>                                           ]  17.27MB/109MB
 eb77aa907276 Extracting [=======>                                           ]  130.9MB/907.7MB
 e0d55fdb4d15 Extracting [==========>                                        ]  22.28MB/109MB
 eb77aa907276 Extracting [=======>                                           ]  138.1MB/907.7MB
 e0d55fdb4d15 Extracting [============>                                      ]  26.18MB/109MB
 eb77aa907276 Extracting [=======>                                           ]  144.8MB/907.7MB
 e0d55fdb4d15 Extracting [===============>                                   ]  33.42MB/109MB
 eb77aa907276 Extracting [========>                                          ]  151.5MB/907.7MB
 e0d55fdb4d15 Extracting [==================>                                ]  41.22MB/109MB
 eb77aa907276 Extracting [========>                                          ]  158.8MB/907.7MB
 e0d55fdb4d15 Extracting [======================>                            ]  49.02MB/109MB
 eb77aa907276 Extracting [=========>                                         ]  175.5MB/907.7MB
 e0d55fdb4d15 Extracting [========================>                          ]  52.92MB/109MB
 eb77aa907276 Extracting [==========>                                        ]  193.3MB/907.7MB
 e0d55fdb4d15 Extracting [==========================>                        ]  56.82MB/109MB
 eb77aa907276 Extracting [===========>                                       ]  209.5MB/907.7MB
 e0d55fdb4d15 Extracting [============================>                      ]  62.95MB/109MB
 eb77aa907276 Extracting [============>                                      ]  219.5MB/907.7MB
 e0d55fdb4d15 Extracting [================================>                  ]  71.86MB/109MB
 eb77aa907276 Extracting [============>                                      ]  229.5MB/907.7MB
 e0d55fdb4d15 Extracting [====================================>              ]   79.1MB/109MB
 eb77aa907276 Extracting [=============>                                     ]  237.3MB/907.7MB
 e0d55fdb4d15 Extracting [=======================================>           ]   86.9MB/109MB
 eb77aa907276 Extracting [=============>                                     ]  246.2MB/907.7MB
 e0d55fdb4d15 Extracting [==========================================>        ]  92.47MB/109MB
 eb77aa907276 Extracting [==============>                                    ]  262.4MB/907.7MB
 e0d55fdb4d15 Extracting [===========================================>       ]  95.26MB/109MB
 eb77aa907276 Extracting [===============>                                   ]  280.2MB/907.7MB
 e0d55fdb4d15 Extracting [============================================>      ]  97.48MB/109MB
 eb77aa907276 Extracting [================>                                  ]    303MB/907.7MB
 e0d55fdb4d15 Extracting [==============================================>    ]  100.3MB/109MB
 eb77aa907276 Extracting [=================>                                 ]  320.3MB/907.7MB
 eb77aa907276 Extracting [==================>                                ]    337MB/907.7MB
 e0d55fdb4d15 Extracting [===============================================>   ]  103.1MB/109MB
 eb77aa907276 Extracting [===================>                               ]  354.8MB/907.7MB
 e0d55fdb4d15 Extracting [===============================================>   ]  104.2MB/109MB
 eb77aa907276 Extracting [====================>                              ]  363.8MB/907.7MB
 e0d55fdb4d15 Extracting [================================================>  ]  105.8MB/109MB
 eb77aa907276 Extracting [====================>                              ]  370.4MB/907.7MB
 eb77aa907276 Extracting [=====================>                             ]  382.1MB/907.7MB
 eb77aa907276 Extracting [======================>                            ]    400MB/907.7MB
 e0d55fdb4d15 Extracting [=================================================> ]  107.5MB/109MB
 eb77aa907276 Extracting [=======================>                           ]  422.8MB/907.7MB
 e0d55fdb4d15 Extracting [=================================================> ]  108.6MB/109MB
 eb77aa907276 Extracting [========================>                          ]  446.8MB/907.7MB
 e0d55fdb4d15 Extracting [==================================================>]    109MB/109MB
 eb77aa907276 Extracting [=========================>                         ]  468.5MB/907.7MB
 eb77aa907276 Extracting [===========================>                       ]  496.3MB/907.7MB
 eb77aa907276 Extracting [============================>                      ]  523.6MB/907.7MB
 eb77aa907276 Extracting [==============================>                    ]  551.5MB/907.7MB
 eb77aa907276 Extracting [===============================>                   ]  579.3MB/907.7MB
 eb77aa907276 Extracting [=================================>                 ]  606.6MB/907.7MB
 eb77aa907276 Extracting [==================================>                ]  632.3MB/907.7MB
 eb77aa907276 Extracting [====================================>              ]  661.2MB/907.7MB
 eb77aa907276 Extracting [=====================================>             ]  689.6MB/907.7MB
 eb77aa907276 Extracting [=======================================>           ]  714.7MB/907.7MB
 eb77aa907276 Extracting [========================================>          ]  740.9MB/907.7MB
 eb77aa907276 Extracting [=========================================>         ]  762.1MB/907.7MB
 eb77aa907276 Extracting [===========================================>       ]  783.8MB/907.7MB
 eb77aa907276 Extracting [============================================>      ]  804.4MB/907.7MB
 eb77aa907276 Extracting [=============================================>     ]    825MB/907.7MB
 eb77aa907276 Extracting [==============================================>    ]  845.6MB/907.7MB
 eb77aa907276 Extracting [===============================================>   ]  865.7MB/907.7MB
 eb77aa907276 Extracting [================================================>  ]    874MB/907.7MB
 eb77aa907276 Extracting [=================================================> ]  894.6MB/907.7MB
 eb77aa907276 Extracting [==================================================>]  907.7MB/907.7MB
 eb77aa907276 Pull complete 
 e0d55fdb4d15 Pull complete 
 4f4fb700ef54 Extracting [==================================================>]      32B/32B
 4f4fb700ef54 Extracting [==================================================>]      32B/32B
 c1cb13b19080 Extracting [==================================================>]  9.925kB/9.925kB
 c1cb13b19080 Extracting [==================================================>]  9.925kB/9.925kB
 4f4fb700ef54 Pull complete 
 0ffa8f8aba1e Extracting [==================================================>]     226B/226B
 0ffa8f8aba1e Extracting [==================================================>]     226B/226B
 c1cb13b19080 Pull complete 
 873532e5f8c7 Extracting [==================================================>]     128B/128B
 873532e5f8c7 Extracting [==================================================>]     128B/128B
 0ffa8f8aba1e Pull complete 
 2e81b9cb93cd Extracting [==================================================>]  1.859kB/1.859kB
 2e81b9cb93cd Extracting [==================================================>]  1.859kB/1.859kB
 873532e5f8c7 Pull complete 
 050d9f8c3b1c Extracting [==================================================>]     169B/169B
 050d9f8c3b1c Extracting [==================================================>]     169B/169B
 2e81b9cb93cd Pull complete 
 050d9f8c3b1c Pull complete 
 opensearch Pulled 
 710e142705f8 Extracting [==================================================>]  5.421kB/5.421kB
 710e142705f8 Extracting [==================================================>]  5.421kB/5.421kB
 710e142705f8 Pull complete 
 cb628c265f09 Extracting [==================================================>]     184B/184B
 cb628c265f09 Extracting [==================================================>]     184B/184B
 cb628c265f09 Pull complete 
 postgresql Pulled 
 Network docker_services_cli_default  Creating
 Network docker_services_cli_default  Created
 Container docker_services_cli-redis-1  Creating
 Container docker_services_cli-opensearch-1  Creating
 Container docker_services_cli-postgresql-1  Creating
 Container docker_services_cli-redis-1  Created
 Container docker_services_cli-opensearch-1  Created
 Container docker_services_cli-postgresql-1  Created
 Container docker_services_cli-redis-1  Starting
 Container docker_services_cli-postgresql-1  Starting
 Container docker_services_cli-opensearch-1  Starting
 Container docker_services_cli-redis-1  Started
 Container docker_services_cli-postgresql-1  Started
 Container docker_services_cli-opensearch-1  Started
::warning file=/home/runner/work/test-zip-extract-repository/test-zip-extract-repository/workdir/tests/invenio-pages/original/.venv/lib/python3.14/site-packages/edtf/parser/grammar.py,line=9::'enablePackrat' deprecated - use 'enable_packrat'
::warning file=/home/runner/work/test-zip-extract-repository/test-zip-extract-repository/workdir/tests/invenio-pages/original/.venv/lib/python3.14/site-packages/edtf/parser/grammar.py,line=52::'oneOf' deprecated - use 'one_of'
::warning file=/home/runner/work/test-zip-extract-repository/test-zip-extract-repository/workdir/tests/invenio-pages/original/.venv/lib/python3.14/site-packages/edtf/parser/grammar.py,line=53::'oneOf' deprecated - use 'one_of'
::warning file=/home/runner/work/test-zip-extract-repository/test-zip-extract-repository/workdir/tests/invenio-pages/original/.venv/lib/python3.14/site-packages/edtf/parser/grammar.py,line=54::'oneOf' deprecated - use 'one_of'
::warning file=/home/runner/work/test-zip-extract-repository/test-zip-extract-repository/workdir/tests/invenio-pages/original/.venv/lib/python3.14/site-packages/edtf/parser/grammar.py,line=55::'oneOf' deprecated - use 'one_of'
::warning file=/home/runner/work/test-zip-extract-repository/test-zip-extract-repository/workdir/tests/invenio-pages/original/.venv/lib/python3.14/site-packages/edtf/parser/grammar.py,line=56::'oneOf' deprecated - use 'one_of'
::warning file=/home/runner/work/test-zip-extract-repository/test-zip-extract-repository/workdir/tests/invenio-pages/original/.venv/lib/python3.14/site-packages/edtf/parser/grammar.py,line=57::'oneOf' deprecated - use 'one_of'
::warning file=/home/runner/work/test-zip-extract-repository/test-zip-extract-repository/workdir/tests/invenio-pages/original/.venv/lib/python3.14/site-packages/edtf/parser/grammar.py,line=58::'oneOf' deprecated - use 'one_of'
::warning file=/home/runner/work/test-zip-extract-repository/test-zip-extract-repository/workdir/tests/invenio-pages/original/.venv/lib/python3.14/site-packages/edtf/parser/grammar.py,line=59::'oneOf' deprecated - use 'one_of'
::warning file=/home/runner/work/test-zip-extract-repository/test-zip-extract-repository/workdir/tests/invenio-pages/original/.venv/lib/python3.14/site-packages/edtf/parser/grammar.py,line=60::'oneOf' deprecated - use 'one_of'
::warning file=/home/runner/work/test-zip-extract-repository/test-zip-extract-repository/workdir/tests/invenio-pages/original/.venv/lib/python3.14/site-packages/edtf/parser/grammar.py,line=63::'excludeChars' argument is deprecated, use 'exclude_chars'
::warning file=/home/runner/work/test-zip-extract-repository/test-zip-extract-repository/workdir/tests/invenio-pages/original/.venv/lib/python3.14/site-packages/edtf/parser/grammar.py,line=73::'oneOf' deprecated - use 'one_of'
::warning file=/home/runner/work/test-zip-extract-repository/test-zip-extract-repository/workdir/tests/invenio-pages/original/.venv/lib/python3.14/site-packages/edtf/parser/grammar.py,line=74::'oneOf' deprecated - use 'one_of'
::warning file=/home/runner/work/test-zip-extract-repository/test-zip-extract-repository/workdir/tests/invenio-pages/original/.venv/lib/python3.14/site-packages/edtf/parser/parser_classes.py,line=103::'addParseAction' deprecated - use 'add_parse_action'
::warning file=/home/runner/work/test-zip-extract-repository/test-zip-extract-repository/workdir/tests/invenio-pages/original/.venv/lib/python3.14/site-packages/edtf/parser/parser_classes.py,line=103::'addParseAction' deprecated - use 'add_parse_action'
::warning file=/home/runner/work/test-zip-extract-repository/test-zip-extract-repository/workdir/tests/invenio-pages/original/.venv/lib/python3.14/site-packages/edtf/parser/parser_classes.py,line=103::'addParseAction' deprecated - use 'add_parse_action'
::warning file=/home/runner/work/test-zip-extract-repository/test-zip-extract-repository/workdir/tests/invenio-pages/original/.venv/lib/python3.14/site-packages/edtf/parser/grammar.py,line=119::'oneOf' deprecated - use 'one_of'
::warning file=/home/runner/work/test-zip-extract-repository/test-zip-extract-repository/workdir/tests/invenio-pages/original/.venv/lib/python3.14/site-packages/edtf/parser/parser_classes.py,line=103::'addParseAction' deprecated - use 'add_parse_action'
::warning file=/home/runner/work/test-zip-extract-repository/test-zip-extract-repository/workdir/tests/invenio-pages/original/.venv/lib/python3.14/site-packages/edtf/parser/grammar.py,line=122::'oneOf' deprecated - use 'one_of'
::warning file=/home/runner/work/test-zip-extract-repository/test-zip-extract-repository/workdir/tests/invenio-pages/original/.venv/lib/python3.14/site-packages/edtf/parser/parser_classes.py,line=103::'addParseAction' deprecated - use 'add_parse_action'
::warning file=/home/runner/work/test-zip-extract-repository/test-zip-extract-repository/workdir/tests/invenio-pages/original/.venv/lib/python3.14/site-packages/edtf/parser/parser_classes.py,line=103::'addParseAction' deprecated - use 'add_parse_action'
::warning file=/home/runner/work/test-zip-extract-repository/test-zip-extract-repository/workdir/tests/invenio-pages/original/.venv/lib/python3.14/site-packages/edtf/parser/grammar.py,line=155::'addParseAction' deprecated - use 'add_parse_action'
::warning file=/home/runner/work/test-zip-extract-repository/test-zip-extract-repository/workdir/tests/invenio-pages/original/.venv/lib/python3.14/site-packages/edtf/parser/grammar.py,line=157::'addParseAction' deprecated - use 'add_parse_action'
::warning file=/home/runner/work/test-zip-extract-repository/test-zip-extract-repository/workdir/tests/invenio-pages/original/.venv/lib/python3.14/site-packages/edtf/parser/parser_classes.py,line=103::'addParseAction' deprecated - use 'add_parse_action'
::warning file=/home/runner/work/test-zip-extract-repository/test-zip-extract-repository/workdir/tests/invenio-pages/original/.venv/lib/python3.14/site-packages/edtf/parser/parser_classes.py,line=103::'addParseAction' deprecated - use 'add_parse_action'
::warning file=/home/runner/work/test-zip-extract-repository/test-zip-extract-repository/workdir/tests/invenio-pages/original/.venv/lib/python3.14/site-packages/edtf/parser/parser_classes.py,line=103::'addParseAction' deprecated - use 'add_parse_action'
::warning file=/home/runner/work/test-zip-extract-repository/test-zip-extract-repository/workdir/tests/invenio-pages/original/.venv/lib/python3.14/site-packages/edtf/parser/grammar.py,line=199::'oneOf' deprecated - use 'one_of'
::warning file=/home/runner/work/test-zip-extract-repository/test-zip-extract-repository/workdir/tests/invenio-pages/original/.venv/lib/python3.14/site-packages/edtf/parser/parser_classes.py,line=103::'addParseAction' deprecated - use 'add_parse_action'
::warning file=/home/runner/work/test-zip-extract-repository/test-zip-extract-repository/workdir/tests/invenio-pages/original/.venv/lib/python3.14/site-packages/edtf/parser/parser_classes.py,line=103::'addParseAction' deprecated - use 'add_parse_action'
::warning file=/home/runner/work/test-zip-extract-repository/test-zip-extract-repository/workdir/tests/invenio-pages/original/.venv/lib/python3.14/site-packages/edtf/parser/parser_classes.py,line=103::'addParseAction' deprecated - use 'add_parse_action'
::warning file=/home/runner/work/test-zip-extract-repository/test-zip-extract-repository/workdir/tests/invenio-pages/original/.venv/lib/python3.14/site-packages/edtf/parser/parser_classes.py,line=103::'addParseAction' deprecated - use 'add_parse_action'
::warning file=/home/runner/work/test-zip-extract-repository/test-zip-extract-repository/workdir/tests/invenio-pages/original/.venv/lib/python3.14/site-packages/edtf/parser/parser_classes.py,line=103::'addParseAction' deprecated - use 'add_parse_action'
::warning file=/home/runner/work/test-zip-extract-repository/test-zip-extract-repository/workdir/tests/invenio-pages/original/.venv/lib/python3.14/site-packages/edtf/parser/grammar.py,line=303::'addParseAction' deprecated - use 'add_parse_action'
::warning file=/home/runner/work/test-zip-extract-repository/test-zip-extract-repository/workdir/tests/invenio-pages/original/.venv/lib/python3.14/site-packages/edtf/parser/grammar.py,line=303::'addParseAction' deprecated - use 'add_parse_action'
::warning file=/home/runner/work/test-zip-extract-repository/test-zip-extract-repository/workdir/tests/invenio-pages/original/.venv/lib/python3.14/site-packages/edtf/parser/grammar.py,line=304::'addParseAction' deprecated - use 'add_parse_action'
::warning file=/home/runner/work/test-zip-extract-repository/test-zip-extract-repository/workdir/tests/invenio-pages/original/.venv/lib/python3.14/site-packages/edtf/parser/grammar.py,line=304::'addParseAction' deprecated - use 'add_parse_action'
::warning file=/home/runner/work/test-zip-extract-repository/test-zip-extract-repository/workdir/tests/invenio-pages/original/.venv/lib/python3.14/site-packages/edtf/parser/parser_classes.py,line=103::'addParseAction' deprecated - use 'add_parse_action'
::warning file=/home/runner/work/test-zip-extract-repository/test-zip-extract-repository/workdir/tests/invenio-pages/original/.venv/lib/python3.14/site-packages/edtf/parser/parser_classes.py,line=103::'addParseAction' deprecated - use 'add_parse_action'
::warning file=/home/runner/work/test-zip-extract-repository/test-zip-extract-repository/workdir/tests/invenio-pages/original/.venv/lib/python3.14/site-packages/edtf/parser/parser_classes.py,line=103::'addParseAction' deprecated - use 'add_parse_action'
::warning file=/home/runner/work/test-zip-extract-repository/test-zip-extract-repository/workdir/tests/invenio-pages/original/.venv/lib/python3.14/site-packages/edtf/parser/parser_classes.py,line=103::'addParseAction' deprecated - use 'add_parse_action'
::warning file=/home/runner/work/test-zip-extract-repository/test-zip-extract-repository/workdir/tests/invenio-pages/original/.venv/lib/python3.14/site-packages/edtf/parser/grammar.py,line=325::'oneOf' deprecated - use 'one_of'
::warning file=/home/runner/work/test-zip-extract-repository/test-zip-extract-repository/workdir/tests/invenio-pages/original/.venv/lib/python3.14/site-packages/edtf/parser/parser_classes.py,line=103::'addParseAction' deprecated - use 'add_parse_action'
============================= test session starts ==============================
platform linux -- Python 3.14.2, pytest-8.4.2, pluggy-1.6.0
rootdir: /home/runner/work/test-zip-extract-repository/test-zip-extract-repository/workdir/tests/invenio-pages/original
configfile: setup.cfg
testpaths: docs, tests, invenio_pages
plugins: github-actions-annotate-failures-0.3.0, black-0.6.0, pycodestyle-2.5.0, flask-1.3.0, isort-4.0.0, cov-7.0.0, invenio-4.0.0, pydocstyle-2.4.0
collected 39 items

tests/alembic/test_alembic.py .                                          [  2%]
tests/records/test_records.py .::warning file=/home/runner/work/test-zip-extract-repository/test-zip-extract-repository/workdir/tests/invenio-pages/original/.venv/lib/python3.14/site-packages/invenio_rest/ext.py,line=29::CSRF validation will be enabled by default in the version 1.3.x
.::warning file=/home/runner/work/test-zip-extract-repository/test-zip-extract-repository/workdir/tests/invenio-pages/original/tests/records/test_records.py,line=29::nested transaction already deassociated from connection
...::warning file=/home/runner/work/test-zip-extract-repository/test-zip-extract-repository/workdir/tests/invenio-pages/original/invenio_pages/records/models.py,line=58::nested transaction already deassociated from connection
...                                   [ 23%]
tests/resources/test_resources.py .::warning file=/home/runner/work/test-zip-extract-repository/test-zip-extract-repository/workdir/tests/invenio-pages/original/.venv/lib/python3.14/site-packages/invenio_rest/ext.py,line=29::CSRF validation will be enabled by default in the version 1.3.x
...::warning file=/home/runner/work/test-zip-extract-repository/test-zip-extract-repository/workdir/tests/invenio-pages/original/invenio_pages/records/models.py,line=58::nested transaction already deassociated from connection
::warning file=/home/runner/work/test-zip-extract-repository/test-zip-extract-repository/workdir/tests/invenio-pages/original/.venv/lib/python3.14/site-packages/invenio_db/uow.py,line=193::nested transaction already deassociated from connection
::warning file=/home/runner/work/test-zip-extract-repository/test-zip-extract-repository/workdir/tests/invenio-pages/original/.venv/lib/python3.14/site-packages/pytest_invenio/fixtures.py,line=579::nested transaction already deassociated from connection
::warning file=/home/runner/work/test-zip-extract-repository/test-zip-extract-repository/workdir/tests/invenio-pages/original/.venv/lib/python3.14/site-packages/invenio_db/uow.py,line=212::nested transaction already deassociated from connection
.::warning file=/home/runner/work/test-zip-extract-repository/test-zip-extract-repository/workdir/tests/invenio-pages/original/invenio_pages/records/models.py,line=58::nested transaction already deassociated from connection
::warning file=/home/runner/work/test-zip-extract-repository/test-zip-extract-repository/workdir/tests/invenio-pages/original/.venv/lib/python3.14/site-packages/invenio_db/uow.py,line=193::nested transaction already deassociated from connection
::warning file=/home/runner/work/test-zip-extract-repository/test-zip-extract-repository/workdir/tests/invenio-pages/original/invenio_pages/records/models.py,line=127::nested transaction already deassociated from connection
....::warning file=/home/runner/work/test-zip-extract-repository/test-zip-extract-repository/workdir/tests/invenio-pages/original/invenio_pages/records/models.py,line=58::nested transaction already deassociated from connection
::warning file=/home/runner/work/test-zip-extract-repository/test-zip-extract-repository/workdir/tests/invenio-pages/original/.venv/lib/python3.14/site-packages/invenio_db/uow.py,line=193::nested transaction already deassociated from connection
                              [ 46%]
tests/services/test_services.py .::warning file=/home/runner/work/test-zip-extract-repository/test-zip-extract-repository/workdir/tests/invenio-pages/original/.venv/lib/python3.14/site-packages/invenio_rest/ext.py,line=29::CSRF validation will be enabled by default in the version 1.3.x
...::warning file=/home/runner/work/test-zip-extract-repository/test-zip-extract-repository/workdir/tests/invenio-pages/original/invenio_pages/records/models.py,line=58::nested transaction already deassociated from connection
::warning file=/home/runner/work/test-zip-extract-repository/test-zip-extract-repository/workdir/tests/invenio-pages/original/.venv/lib/python3.14/site-packages/invenio_db/uow.py,line=193::nested transaction already deassociated from connection
::warning file=/home/runner/work/test-zip-extract-repository/test-zip-extract-repository/workdir/tests/invenio-pages/original/.venv/lib/python3.14/site-packages/pytest_invenio/fixtures.py,line=579::nested transaction already deassociated from connection
::warning file=/home/runner/work/test-zip-extract-repository/test-zip-extract-repository/workdir/tests/invenio-pages/original/.venv/lib/python3.14/site-packages/invenio_db/uow.py,line=212::nested transaction already deassociated from connection
.::warning file=/home/runner/work/test-zip-extract-repository/test-zip-extract-repository/workdir/tests/invenio-pages/original/invenio_pages/records/models.py,line=58::nested transaction already deassociated from connection
::warning file=/home/runner/work/test-zip-extract-repository/test-zip-extract-repository/workdir/tests/invenio-pages/original/.venv/lib/python3.14/site-packages/invenio_db/uow.py,line=193::nested transaction already deassociated from connection
::warning file=/home/runner/work/test-zip-extract-repository/test-zip-extract-repository/workdir/tests/invenio-pages/original/invenio_pages/records/models.py,line=127::nested transaction already deassociated from connection
....::warning file=/home/runner/work/test-zip-extract-repository/test-zip-extract-repository/workdir/tests/invenio-pages/original/invenio_pages/records/models.py,line=58::nested transaction already deassociated from connection
::warning file=/home/runner/work/test-zip-extract-repository/test-zip-extract-repository/workdir/tests/invenio-pages/original/.venv/lib/python3.14/site-packages/invenio_db/uow.py,line=193::nested transaction already deassociated from connection
....                            [ 79%]
tests/test_invenio_pages.py ..                                           [ 84%]
tests/test_views.py ssssss                                               [100%]

=============================== warnings summary ===============================
.venv/lib/python3.14/site-packages/edtf/parser/grammar.py:9
  /home/runner/work/test-zip-extract-repository/test-zip-extract-repository/workdir/tests/invenio-pages/original/.venv/lib/python3.14/site-packages/edtf/parser/grammar.py:9: PyparsingDeprecationWarning: 'enablePackrat' deprecated - use 'enable_packrat'
    pyparsing.ParserElement.enablePackrat()

.venv/lib/python3.14/site-packages/edtf/parser/grammar.py:52
  /home/runner/work/test-zip-extract-repository/test-zip-extract-repository/workdir/tests/invenio-pages/original/.venv/lib/python3.14/site-packages/edtf/parser/grammar.py:52: PyparsingDeprecationWarning: 'oneOf' deprecated - use 'one_of'
    oneThru12 = oneOf(["%.2d" % i for i in range(1, 13)])

.venv/lib/python3.14/site-packages/edtf/parser/grammar.py:53
  /home/runner/work/test-zip-extract-repository/test-zip-extract-repository/workdir/tests/invenio-pages/original/.venv/lib/python3.14/site-packages/edtf/parser/grammar.py:53: PyparsingDeprecationWarning: 'oneOf' deprecated - use 'one_of'
    oneThru13 = oneOf(["%.2d" % i for i in range(1, 14)])

.venv/lib/python3.14/site-packages/edtf/parser/grammar.py:54
  /home/runner/work/test-zip-extract-repository/test-zip-extract-repository/workdir/tests/invenio-pages/original/.venv/lib/python3.14/site-packages/edtf/parser/grammar.py:54: PyparsingDeprecationWarning: 'oneOf' deprecated - use 'one_of'
    oneThru23 = oneOf(["%.2d" % i for i in range(1, 24)])

.venv/lib/python3.14/site-packages/edtf/parser/grammar.py:55
  /home/runner/work/test-zip-extract-repository/test-zip-extract-repository/workdir/tests/invenio-pages/original/.venv/lib/python3.14/site-packages/edtf/parser/grammar.py:55: PyparsingDeprecationWarning: 'oneOf' deprecated - use 'one_of'
    zeroThru23 = oneOf(["%.2d" % i for i in range(0, 24)])

.venv/lib/python3.14/site-packages/edtf/parser/grammar.py:56
  /home/runner/work/test-zip-extract-repository/test-zip-extract-repository/workdir/tests/invenio-pages/original/.venv/lib/python3.14/site-packages/edtf/parser/grammar.py:56: PyparsingDeprecationWarning: 'oneOf' deprecated - use 'one_of'
    oneThru29 = oneOf(["%.2d" % i for i in range(1, 30)])

.venv/lib/python3.14/site-packages/edtf/parser/grammar.py:57
  /home/runner/work/test-zip-extract-repository/test-zip-extract-repository/workdir/tests/invenio-pages/original/.venv/lib/python3.14/site-packages/edtf/parser/grammar.py:57: PyparsingDeprecationWarning: 'oneOf' deprecated - use 'one_of'
    oneThru30 = oneOf(["%.2d" % i for i in range(1, 31)])

.venv/lib/python3.14/site-packages/edtf/parser/grammar.py:58
  /home/runner/work/test-zip-extract-repository/test-zip-extract-repository/workdir/tests/invenio-pages/original/.venv/lib/python3.14/site-packages/edtf/parser/grammar.py:58: PyparsingDeprecationWarning: 'oneOf' deprecated - use 'one_of'
    oneThru31 = oneOf(["%.2d" % i for i in range(1, 32)])

.venv/lib/python3.14/site-packages/edtf/parser/grammar.py:59
  /home/runner/work/test-zip-extract-repository/test-zip-extract-repository/workdir/tests/invenio-pages/original/.venv/lib/python3.14/site-packages/edtf/parser/grammar.py:59: PyparsingDeprecationWarning: 'oneOf' deprecated - use 'one_of'
    oneThru59 = oneOf(["%.2d" % i for i in range(1, 60)])

.venv/lib/python3.14/site-packages/edtf/parser/grammar.py:60
  /home/runner/work/test-zip-extract-repository/test-zip-extract-repository/workdir/tests/invenio-pages/original/.venv/lib/python3.14/site-packages/edtf/parser/grammar.py:60: PyparsingDeprecationWarning: 'oneOf' deprecated - use 'one_of'
    zeroThru59 = oneOf(["%.2d" % i for i in range(0, 60)])

.venv/lib/python3.14/site-packages/edtf/parser/grammar.py:63
  /home/runner/work/test-zip-extract-repository/test-zip-extract-repository/workdir/tests/invenio-pages/original/.venv/lib/python3.14/site-packages/edtf/parser/grammar.py:63: PyparsingDeprecationWarning: 'excludeChars' argument is deprecated, use 'exclude_chars'
    positiveDigit = Word(nums, exact=1, excludeChars="0")

.venv/lib/python3.14/site-packages/edtf/parser/grammar.py:73
  /home/runner/work/test-zip-extract-repository/test-zip-extract-repository/workdir/tests/invenio-pages/original/.venv/lib/python3.14/site-packages/edtf/parser/grammar.py:73: PyparsingDeprecationWarning: 'oneOf' deprecated - use 'one_of'
    (oneOf("01 03 05 07 08 10 12")("month") + "-" + oneThru31("day"))

.venv/lib/python3.14/site-packages/edtf/parser/grammar.py:74
  /home/runner/work/test-zip-extract-repository/test-zip-extract-repository/workdir/tests/invenio-pages/original/.venv/lib/python3.14/site-packages/edtf/parser/grammar.py:74: PyparsingDeprecationWarning: 'oneOf' deprecated - use 'one_of'
    ^ (oneOf("04 06 09 11")("month") + "-" + oneThru30("day"))

.venv/lib/python3.14/site-packages/edtf/parser/parser_classes.py:103: 19 warnings
  /home/runner/work/test-zip-extract-repository/test-zip-extract-repository/workdir/tests/invenio-pages/original/.venv/lib/python3.14/site-packages/edtf/parser/parser_classes.py:103: PyparsingDeprecationWarning: 'addParseAction' deprecated - use 'add_parse_action'
    p.addParseAction(cls.parse_action)

.venv/lib/python3.14/site-packages/edtf/parser/grammar.py:119
  /home/runner/work/test-zip-extract-repository/test-zip-extract-repository/workdir/tests/invenio-pages/original/.venv/lib/python3.14/site-packages/edtf/parser/grammar.py:119: PyparsingDeprecationWarning: 'oneOf' deprecated - use 'one_of'
    UASymbol = Combine(oneOf("? ~ %"))

.venv/lib/python3.14/site-packages/edtf/parser/grammar.py:122
  /home/runner/work/test-zip-extract-repository/test-zip-extract-repository/workdir/tests/invenio-pages/original/.venv/lib/python3.14/site-packages/edtf/parser/grammar.py:122: PyparsingDeprecationWarning: 'oneOf' deprecated - use 'one_of'
    seasonNumber = oneOf("21 22 23 24")

.venv/lib/python3.14/site-packages/edtf/parser/grammar.py:155
  /home/runner/work/test-zip-extract-repository/test-zip-extract-repository/workdir/tests/invenio-pages/original/.venv/lib/python3.14/site-packages/edtf/parser/grammar.py:155: PyparsingDeprecationWarning: 'addParseAction' deprecated - use 'add_parse_action'
    l1Start.addParseAction(f)

.venv/lib/python3.14/site-packages/edtf/parser/grammar.py:157
  /home/runner/work/test-zip-extract-repository/test-zip-extract-repository/workdir/tests/invenio-pages/original/.venv/lib/python3.14/site-packages/edtf/parser/grammar.py:157: PyparsingDeprecationWarning: 'addParseAction' deprecated - use 'add_parse_action'
    l1End.addParseAction(f)

.venv/lib/python3.14/site-packages/edtf/parser/grammar.py:199
  /home/runner/work/test-zip-extract-repository/test-zip-extract-repository/workdir/tests/invenio-pages/original/.venv/lib/python3.14/site-packages/edtf/parser/grammar.py:199: PyparsingDeprecationWarning: 'oneOf' deprecated - use 'one_of'
    monthWithX = Combine(oneOf("0X 1X") ^ ("X" + digitOrX))("month")

.venv/lib/python3.14/site-packages/edtf/parser/grammar.py:303
.venv/lib/python3.14/site-packages/edtf/parser/grammar.py:303
  /home/runner/work/test-zip-extract-repository/test-zip-extract-repository/workdir/tests/invenio-pages/original/.venv/lib/python3.14/site-packages/edtf/parser/grammar.py:303: PyparsingDeprecationWarning: 'addParseAction' deprecated - use 'add_parse_action'
    earlier = L("..").addParseAction(f)("lower") + date("upper").addParseAction(f)

.venv/lib/python3.14/site-packages/edtf/parser/grammar.py:304
.venv/lib/python3.14/site-packages/edtf/parser/grammar.py:304
  /home/runner/work/test-zip-extract-repository/test-zip-extract-repository/workdir/tests/invenio-pages/original/.venv/lib/python3.14/site-packages/edtf/parser/grammar.py:304: PyparsingDeprecationWarning: 'addParseAction' deprecated - use 'add_parse_action'
    later = date("lower").addParseAction(f) + L("..").addParseAction(f)("upper")

.venv/lib/python3.14/site-packages/edtf/parser/grammar.py:325
  /home/runner/work/test-zip-extract-repository/test-zip-extract-repository/workdir/tests/invenio-pages/original/.venv/lib/python3.14/site-packages/edtf/parser/grammar.py:325: PyparsingDeprecationWarning: 'oneOf' deprecated - use 'one_of'
    seasonL2Number = oneOf("21 22 23 24 25 26 27 28 29 30 31 32 33 34 35 36 37 38 39 40 41")

tests/records/test_records.py::test_page_repr
tests/resources/test_resources.py::test_page_content
tests/services/test_services.py::test_page_read
  /home/runner/work/test-zip-extract-repository/test-zip-extract-repository/workdir/tests/invenio-pages/original/.venv/lib/python3.14/site-packages/invenio_rest/ext.py:29: FutureWarning: CSRF validation will be enabled by default in the version 1.3.x
    self.init_app(app)

tests/records/test_records.py::test_page_versions
  /home/runner/work/test-zip-extract-repository/test-zip-extract-repository/workdir/tests/invenio-pages/original/tests/records/test_records.py:29: SAWarning: nested transaction already deassociated from connection
    db.session.commit()

tests/records/test_records.py::test_create
tests/resources/test_resources.py::test_create
tests/resources/test_resources.py::test_delete
tests/resources/test_resources.py::test_delete_denied
tests/services/test_services.py::test_create
tests/services/test_services.py::test_delete
tests/services/test_services.py::test_delete_denied
  /home/runner/work/test-zip-extract-repository/test-zip-extract-repository/workdir/tests/invenio-pages/original/invenio_pages/records/models.py:58: SAWarning: nested transaction already deassociated from connection
    with db.session.begin_nested():

tests/resources/test_resources.py::test_create
tests/resources/test_resources.py::test_delete
tests/resources/test_resources.py::test_delete_denied
tests/services/test_services.py::test_create
tests/services/test_services.py::test_delete
tests/services/test_services.py::test_delete_denied
  /home/runner/work/test-zip-extract-repository/test-zip-extract-repository/workdir/tests/invenio-pages/original/.venv/lib/python3.14/site-packages/invenio_db/uow.py:193: SAWarning: nested transaction already deassociated from connection
    self.session.commit()

tests/resources/test_resources.py::test_create
tests/services/test_services.py::test_create
  /home/runner/work/test-zip-extract-repository/test-zip-extract-repository/workdir/tests/invenio-pages/original/.venv/lib/python3.14/site-packages/pytest_invenio/fixtures.py:579: SAWarning: nested transaction already deassociated from connection
    self._transaction.rollback(_to_root=False)

tests/resources/test_resources.py::test_create
tests/services/test_services.py::test_create
  /home/runner/work/test-zip-extract-repository/test-zip-extract-repository/workdir/tests/invenio-pages/original/.venv/lib/python3.14/site-packages/invenio_db/uow.py:212: SAWarning: nested transaction already deassociated from connection
    self.session.commit()

tests/resources/test_resources.py::test_delete
tests/services/test_services.py::test_delete
  /home/runner/work/test-zip-extract-repository/test-zip-extract-repository/workdir/tests/invenio-pages/original/invenio_pages/records/models.py:127: SAWarning: nested transaction already deassociated from connection
    with db.session.begin_nested():

-- Docs: https://docs.pytest.org/en/stable/how-to/capture-warnings.html
================================ tests coverage ================================
_______________ coverage: platform linux, python 3.14.2-final-0 ________________

Name                                                                    Stmts   Miss  Cover   Missing
-----------------------------------------------------------------------------------------------------
invenio_pages/__init__.py                                                   4      0   100%
invenio_pages/administration/__init__.py                                    0      0   100%
invenio_pages/administration/views/__init__.py                              0      0   100%
invenio_pages/administration/views/pages.py                                40      0   100%
invenio_pages/alembic/08a5708005b7_change_datetime_types.py                13      0   100%
invenio_pages/alembic/9fae3c5404d9_remove_has_custom_view_to_pages.py      12      0   100%
invenio_pages/alembic/98e0a418340d_create_invenio_pages_branch.py          10      0   100%
invenio_pages/alembic/145402e8523a_create_pages_table.py                   28      0   100%
invenio_pages/alembic/1737449793_add_language_and_new_uq.py                16      0   100%
invenio_pages/alembic/__init__.py                                           0      0   100%
invenio_pages/alembic/b0f93ca4a147_add_has_custom_view_to_pages.py         14      0   100%
invenio_pages/config.py                                                    17      0   100%
invenio_pages/ext.py                                                       51      7    86%   58-66, 75
invenio_pages/proxies.py                                                    6      0   100%
invenio_pages/records/__init__.py                                           2      0   100%
invenio_pages/records/errors.py                                             7      0   100%
invenio_pages/records/models.py                                            81      3    96%   82-83, 144
invenio_pages/resources/__init__.py                                         3      0   100%
invenio_pages/resources/config.py                                          11      0   100%
invenio_pages/resources/resource.py                                        38      0   100%
invenio_pages/services/__init__.py                                          4      0   100%
invenio_pages/services/config.py                                           22      0   100%
invenio_pages/services/permissions.py                                       9      0   100%
invenio_pages/services/results.py                                          38      0   100%
invenio_pages/services/schemas.py                                          21      0   100%
invenio_pages/services/service.py                                          67      2    97%   118, 132
invenio_pages/views.py                                                     37     20    46%   34, 39-53, 58-65, 81-88, 105-115
-----------------------------------------------------------------------------------------------------
TOTAL                                                                     551     32    94%
================== 33 passed, 6 skipped, 65 warnings in 6.47s ==================
 Container docker_services_cli-redis-1  Stopping
 Container docker_services_cli-postgresql-1  Stopping
 Container docker_services_cli-opensearch-1  Stopping
 Container docker_services_cli-redis-1  Stopped
 Container docker_services_cli-redis-1  Removing
 Container docker_services_cli-postgresql-1  Stopped
 Container docker_services_cli-postgresql-1  Removing
 Container docker_services_cli-opensearch-1  Stopped
 Container docker_services_cli-opensearch-1  Removing
 Container docker_services_cli-opensearch-1  Removed
 Container docker_services_cli-postgresql-1  Removed
 Container docker_services_cli-redis-1  Removed
 Network docker_services_cli_default  Removing
 Network docker_services_cli_default  Removed
