 redis Pulling 
 postgresql Pulling 
 4831516dd0cb Pulling fs layer 
 47a60771af96 Pulling fs layer 
 7b28be0c8c4d Pulling fs layer 
 edcaff0d5e7e Pulling fs layer 
 22dca8215bc4 Pulling fs layer 
 bbf018d6d4b8 Pulling fs layer 
 4f4fb700ef54 Pulling fs layer 
 c5761dea9b0e Pulling fs layer 
 bbf018d6d4b8 Waiting 
 4f4fb700ef54 Waiting 
 edcaff0d5e7e Waiting 
 22dca8215bc4 Waiting 
 c5761dea9b0e Waiting 
 b0a0cf830b12 Pulling fs layer 
 dda3d8fbd5ed Pulling fs layer 
 283a477db7bb Pulling fs layer 
 91d2729fa4d5 Pulling fs layer 
 9739ced65621 Pulling fs layer 
 ae3bb1b347a4 Pulling fs layer 
 f8406d9c00ea Pulling fs layer 
 c199bff16b05 Pulling fs layer 
 e0d55fdb4d15 Pulling fs layer 
 c1cb13b19080 Pulling fs layer 
 873532e5f8c7 Pulling fs layer 
 050d9f8c3b1c Pulling fs layer 
 710e142705f8 Pulling fs layer 
 cb628c265f09 Pulling fs layer 
 c199bff16b05 Waiting 
 050d9f8c3b1c Waiting 
 e0d55fdb4d15 Waiting 
 710e142705f8 Waiting 
 cb628c265f09 Waiting 
 c1cb13b19080 Waiting 
 873532e5f8c7 Waiting 
 f8406d9c00ea Waiting 
 91d2729fa4d5 Waiting 
 ae3bb1b347a4 Waiting 
 9739ced65621 Waiting 
 dda3d8fbd5ed Waiting 
 47a60771af96 Downloading [================================>                  ]     719B/1.105kB
 47a60771af96 Downloading [==================================================>]  1.105kB/1.105kB
 47a60771af96 Verifying Checksum 
 47a60771af96 Download complete 
 4831516dd0cb Downloading [>                                                  ]  282.5kB/28.23MB
 7b28be0c8c4d Downloading [=======================================>           ]     688B/874B
 7b28be0c8c4d Downloading [==================================================>]     874B/874B
 7b28be0c8c4d Verifying Checksum 
 7b28be0c8c4d Download complete 
 4831516dd0cb Downloading [==============================================>    ]  26.52MB/28.23MB
 4831516dd0cb Verifying Checksum 
 4831516dd0cb Download complete 
 4831516dd0cb Extracting [>                                                  ]  294.9kB/28.23MB
 edcaff0d5e7e Downloading [>                                                  ]  14.82kB/1.438MB
 4831516dd0cb Extracting [===========>                                       ]  6.488MB/28.23MB
 edcaff0d5e7e Verifying Checksum 
 edcaff0d5e7e Download complete 
 22dca8215bc4 Downloading [>                                                  ]  156.1kB/15.35MB
 22dca8215bc4 Verifying Checksum 
 22dca8215bc4 Download complete 
 4831516dd0cb Extracting [=================>                                 ]  10.03MB/28.23MB
 bbf018d6d4b8 Downloading [==================================================>]      97B/97B
 bbf018d6d4b8 Verifying Checksum 
 bbf018d6d4b8 Download complete 
 4831516dd0cb Extracting [===========================>                       ]  15.63MB/28.23MB
 4f4fb700ef54 Download complete 
 4831516dd0cb Extracting [=========================================>         ]   23.3MB/28.23MB
 c5761dea9b0e Downloading [==================================================>]     573B/573B
 c5761dea9b0e Verifying Checksum 
 c5761dea9b0e Download complete 
 b0a0cf830b12 Downloading [>                                                  ]  306.4kB/29.15MB
 b0a0cf830b12 Verifying Checksum 
 b0a0cf830b12 Download complete 
 4831516dd0cb Extracting [==========================================>        ]  23.89MB/28.23MB
 dda3d8fbd5ed Downloading [==============================>                    ]     720B/1.165kB
 dda3d8fbd5ed Downloading [==================================================>]  1.165kB/1.165kB
 dda3d8fbd5ed Verifying Checksum 
 dda3d8fbd5ed Download complete 
 b0a0cf830b12 Extracting [>                                                  ]  294.9kB/29.15MB
 283a477db7bb Downloading [>                                                  ]  46.48kB/4.533MB
 283a477db7bb Verifying Checksum 
 283a477db7bb Download complete 
 b0a0cf830b12 Extracting [=========>                                         ]  5.603MB/29.15MB
 4831516dd0cb Extracting [===============================================>   ]  26.84MB/28.23MB
 b0a0cf830b12 Extracting [================>                                  ]  9.732MB/29.15MB
 91d2729fa4d5 Downloading [>                                                  ]  15.73kB/1.45MB
 91d2729fa4d5 Verifying Checksum 
 91d2729fa4d5 Download complete 
 9739ced65621 Downloading [>                                                  ]     84kB/8.069MB
 9739ced65621 Verifying Checksum 
 9739ced65621 Download complete 
 b0a0cf830b12 Extracting [======================>                            ]  13.27MB/29.15MB
 ae3bb1b347a4 Downloading [>                                                  ]  12.99kB/1.196MB
 ae3bb1b347a4 Verifying Checksum 
 ae3bb1b347a4 Download complete 
 b0a0cf830b12 Extracting [===================================>               ]  20.94MB/29.15MB
 4831516dd0cb Extracting [================================================>  ]  27.43MB/28.23MB
 f8406d9c00ea Downloading [==================================================>]     116B/116B
 f8406d9c00ea Verifying Checksum 
 f8406d9c00ea Download complete 
 c199bff16b05 Downloading [===========>                                       ]     719B/3.145kB
 c199bff16b05 Downloading [==================================================>]  3.145kB/3.145kB
 c199bff16b05 Verifying Checksum 
 c199bff16b05 Download complete 
 4831516dd0cb Extracting [==================================================>]  28.23MB/28.23MB
 e0d55fdb4d15 Downloading [>                                                  ]  531.8kB/109MB
 4831516dd0cb Pull complete 
 47a60771af96 Extracting [==================================================>]  1.105kB/1.105kB
 47a60771af96 Extracting [==================================================>]  1.105kB/1.105kB
 b0a0cf830b12 Extracting [==========================================>        ]  24.77MB/29.15MB
 e0d55fdb4d15 Downloading [=========>                                         ]  21.41MB/109MB
 c1cb13b19080 Downloading [===>                                               ]     688B/9.925kB
 c1cb13b19080 Downloading [==================================================>]  9.925kB/9.925kB
 c1cb13b19080 Download complete 
 e0d55fdb4d15 Downloading [======================>                            ]  48.74MB/109MB
 873532e5f8c7 Downloading [==================================================>]     128B/128B
 873532e5f8c7 Verifying Checksum 
 873532e5f8c7 Download complete 
 b0a0cf830b12 Extracting [===============================================>   ]  27.72MB/29.15MB
 e0d55fdb4d15 Downloading [===================================>               ]  76.54MB/109MB
 e0d55fdb4d15 Downloading [===========================================>       ]  94.18MB/109MB
 050d9f8c3b1c Downloading [==================================================>]     169B/169B
 050d9f8c3b1c Verifying Checksum 
 050d9f8c3b1c Download complete 
 710e142705f8 Downloading [======>                                            ]     720B/5.421kB
 710e142705f8 Downloading [==================================================>]  5.421kB/5.421kB
 710e142705f8 Verifying Checksum 
 710e142705f8 Download complete 
 e0d55fdb4d15 Downloading [===============================================>   ]  103.3MB/109MB
 cb628c265f09 Downloading [==================================================>]     184B/184B
 cb628c265f09 Verifying Checksum 
 cb628c265f09 Download complete 
 e0d55fdb4d15 Verifying Checksum 
 e0d55fdb4d15 Download complete 
 b0a0cf830b12 Extracting [================================================>  ]  28.31MB/29.15MB
 b0a0cf830b12 Extracting [==================================================>]  29.15MB/29.15MB
 b0a0cf830b12 Pull complete 
 dda3d8fbd5ed Extracting [==================================================>]  1.165kB/1.165kB
 dda3d8fbd5ed Extracting [==================================================>]  1.165kB/1.165kB
 dda3d8fbd5ed Pull complete 
 47a60771af96 Pull complete 
 7b28be0c8c4d Extracting [==================================================>]     874B/874B
 7b28be0c8c4d Extracting [==================================================>]     874B/874B
 283a477db7bb Extracting [>                                                  ]  65.54kB/4.533MB
 7b28be0c8c4d Pull complete 
 edcaff0d5e7e Extracting [=>                                                 ]  32.77kB/1.438MB
 edcaff0d5e7e Extracting [==================================================>]  1.438MB/1.438MB
 edcaff0d5e7e Extracting [==================================================>]  1.438MB/1.438MB
 edcaff0d5e7e Pull complete 
 22dca8215bc4 Extracting [>                                                  ]  163.8kB/15.35MB
 283a477db7bb Extracting [==================================================>]  4.533MB/4.533MB
 283a477db7bb Pull complete 
 91d2729fa4d5 Extracting [=>                                                 ]  32.77kB/1.45MB
 22dca8215bc4 Extracting [========================>                          ]  7.373MB/15.35MB
 91d2729fa4d5 Extracting [==================================================>]   1.45MB/1.45MB
 91d2729fa4d5 Pull complete 
 9739ced65621 Extracting [>                                                  ]   98.3kB/8.069MB
 22dca8215bc4 Extracting [=================================================> ]  15.07MB/15.35MB
 22dca8215bc4 Extracting [==================================================>]  15.35MB/15.35MB
 22dca8215bc4 Pull complete 
 bbf018d6d4b8 Extracting [==================================================>]      97B/97B
 bbf018d6d4b8 Extracting [==================================================>]      97B/97B
 bbf018d6d4b8 Pull complete 
 9739ced65621 Extracting [===================>                               ]  3.146MB/8.069MB
 4f4fb700ef54 Extracting [==================================================>]      32B/32B
 4f4fb700ef54 Extracting [==================================================>]      32B/32B
 4f4fb700ef54 Pull complete 
 c5761dea9b0e Extracting [==================================================>]     573B/573B
 c5761dea9b0e Extracting [==================================================>]     573B/573B
 c5761dea9b0e Pull complete 
 redis Pulled 
 9739ced65621 Extracting [================================>                  ]   5.21MB/8.069MB
 9739ced65621 Extracting [==================================================>]  8.069MB/8.069MB
 9739ced65621 Pull complete 
 ae3bb1b347a4 Extracting [=>                                                 ]  32.77kB/1.196MB
 ae3bb1b347a4 Extracting [==================================================>]  1.196MB/1.196MB
 ae3bb1b347a4 Extracting [==================================================>]  1.196MB/1.196MB
 ae3bb1b347a4 Pull complete 
 f8406d9c00ea Extracting [==================================================>]     116B/116B
 f8406d9c00ea Extracting [==================================================>]     116B/116B
 f8406d9c00ea Pull complete 
 c199bff16b05 Extracting [==================================================>]  3.145kB/3.145kB
 c199bff16b05 Extracting [==================================================>]  3.145kB/3.145kB
 c199bff16b05 Pull complete 
 e0d55fdb4d15 Extracting [>                                                  ]  557.1kB/109MB
 e0d55fdb4d15 Extracting [===>                                               ]  7.799MB/109MB
 e0d55fdb4d15 Extracting [=====>                                             ]   11.7MB/109MB
 e0d55fdb4d15 Extracting [=======>                                           ]  16.71MB/109MB
 e0d55fdb4d15 Extracting [==========>                                        ]  22.28MB/109MB
 e0d55fdb4d15 Extracting [=============>                                     ]  28.41MB/109MB
 e0d55fdb4d15 Extracting [=================>                                 ]  37.88MB/109MB
 e0d55fdb4d15 Extracting [=====================>                             ]  47.35MB/109MB
 e0d55fdb4d15 Extracting [========================>                          ]  53.48MB/109MB
 e0d55fdb4d15 Extracting [===========================>                       ]   59.6MB/109MB
 e0d55fdb4d15 Extracting [================================>                  ]  70.75MB/109MB
 e0d55fdb4d15 Extracting [====================================>              ]  79.66MB/109MB
 e0d55fdb4d15 Extracting [========================================>          ]  89.13MB/109MB
 e0d55fdb4d15 Extracting [==========================================>        ]  93.59MB/109MB
 e0d55fdb4d15 Extracting [============================================>      ]  97.48MB/109MB
 e0d55fdb4d15 Extracting [==============================================>    ]  101.4MB/109MB
 e0d55fdb4d15 Extracting [===============================================>   ]  103.6MB/109MB
 e0d55fdb4d15 Extracting [================================================>  ]  105.3MB/109MB
 e0d55fdb4d15 Extracting [=================================================> ]  107.5MB/109MB
 e0d55fdb4d15 Extracting [==================================================>]    109MB/109MB
 e0d55fdb4d15 Pull complete 
 c1cb13b19080 Extracting [==================================================>]  9.925kB/9.925kB
 c1cb13b19080 Extracting [==================================================>]  9.925kB/9.925kB
 c1cb13b19080 Pull complete 
 873532e5f8c7 Extracting [==================================================>]     128B/128B
 873532e5f8c7 Extracting [==================================================>]     128B/128B
 873532e5f8c7 Pull complete 
 050d9f8c3b1c Extracting [==================================================>]     169B/169B
 050d9f8c3b1c Extracting [==================================================>]     169B/169B
 050d9f8c3b1c Pull complete 
 710e142705f8 Extracting [==================================================>]  5.421kB/5.421kB
 710e142705f8 Extracting [==================================================>]  5.421kB/5.421kB
 710e142705f8 Pull complete 
 cb628c265f09 Extracting [==================================================>]     184B/184B
 cb628c265f09 Extracting [==================================================>]     184B/184B
 cb628c265f09 Pull complete 
 postgresql Pulled 
 Network docker_services_cli_default  Creating
 Network docker_services_cli_default  Created
 Container docker_services_cli-postgresql-1  Creating
 Container docker_services_cli-redis-1  Creating
 Container docker_services_cli-redis-1  Created
 Container docker_services_cli-postgresql-1  Created
 Container docker_services_cli-redis-1  Starting
 Container docker_services_cli-postgresql-1  Starting
 Container docker_services_cli-postgresql-1  Started
 Container docker_services_cli-redis-1  Started
============================= test session starts ==============================
platform linux -- Python 3.14.2, pytest-8.4.2, pluggy-1.6.0
rootdir: /home/runner/work/test-zip-extract-repository/test-zip-extract-repository/workdir/tests/invenio-webhooks/original
configfile: setup.cfg
testpaths: docs, tests, invenio_webhooks
plugins: github-actions-annotate-failures-0.3.0, black-0.6.0, pycodestyle-2.5.0, flask-1.3.0, isort-4.0.0, cov-7.0.0, invenio-4.0.0, pydocstyle-2.4.0
collected 18 items

tests/test_api.py .::warning file=/home/runner/work/test-zip-extract-repository/test-zip-extract-repository/workdir/tests/invenio-webhooks/original/.venv/lib/python3.14/site-packages/invenio_oauth2server/ext.py,line=332::You are overriding the default OAuthlib "URL encoded" set of valid characters. Make sure that the characters defined in oauthlib.common.urlencoded are indeed limitting your needs.
...::warning file=/home/runner/work/test-zip-extract-repository/test-zip-extract-repository/workdir/tests/invenio-webhooks/original/.venv/lib/python3.14/site-packages/flask_security/datastore.py,line=208::get_user method is deprecated, user get_user_by_email/get_user_by_id
...                                                [ 38%]
tests/test_invenio_webhooks.py ..s.                                      [ 61%]
tests/test_receivers.py ..::warning file=/home/runner/work/test-zip-extract-repository/test-zip-extract-repository/workdir/tests/invenio-webhooks/original/invenio_webhooks/models.py,line=147::The Query.get() method is considered legacy as of the 1.x series of SQLAlchemy and becomes a legacy construct in 2.0. The method is now available as Session.get() (deprecated since: 2.0)
.....::warning file=/home/runner/work/test-zip-extract-repository/test-zip-extract-repository/workdir/tests/invenio-webhooks/original/.venv/lib/python3.14/site-packages/celery/backends/base.py,line=577::Results are not stored in backend and should not be retrieved when task_always_eager is enabled, unless task_store_eager_result is enabled.
::warning file=/home/runner/work/test-zip-extract-repository/test-zip-extract-repository/workdir/tests/invenio-webhooks/original/invenio_webhooks/models.py,line=147::The Query.get() method is considered legacy as of the 1.x series of SQLAlchemy and becomes a legacy construct in 2.0. The method is now available as Session.get() (deprecated since: 2.0)
::warning file=/home/runner/work/test-zip-extract-repository/test-zip-extract-repository/workdir/tests/invenio-webhooks/original/tests/test_receivers.py,line=221::The Query.get() method is considered legacy as of the 1.x series of SQLAlchemy and becomes a legacy construct in 2.0. The method is now available as Session.get() (deprecated since: 2.0)
                                          [100%]

=============================== warnings summary ===============================
tests/test_api.py::test_405_methods
  /home/runner/work/test-zip-extract-repository/test-zip-extract-repository/workdir/tests/invenio-webhooks/original/.venv/lib/python3.14/site-packages/invenio_oauth2server/ext.py:332: RuntimeWarning: You are overriding the default OAuthlib "URL encoded" set of valid characters. Make sure that the characters defined in oauthlib.common.urlencoded are indeed limitting your needs.
    warnings.warn(

tests/test_api.py::test_webhook_post_no_token
  /home/runner/work/test-zip-extract-repository/test-zip-extract-repository/workdir/tests/invenio-webhooks/original/.venv/lib/python3.14/site-packages/flask_security/datastore.py:208: DeprecationWarning: get_user method is deprecated, user get_user_by_email/get_user_by_id
    warnings.warn(

tests/test_receivers.py::test_receiver_registration
tests/test_receivers.py::test_event_status
  /home/runner/work/test-zip-extract-repository/test-zip-extract-repository/workdir/tests/invenio-webhooks/original/invenio_webhooks/models.py:147: LegacyAPIWarning: The Query.get() method is considered legacy as of the 1.x series of SQLAlchemy and becomes a legacy construct in 2.0. The method is now available as Session.get() (deprecated since: 2.0) (Background on SQLAlchemy 2.0 at: https://sqlalche.me/e/b8d9)
    event = Event.query.get(event_id)

tests/test_receivers.py::test_event_status
  /home/runner/work/test-zip-extract-repository/test-zip-extract-repository/workdir/tests/invenio-webhooks/original/.venv/lib/python3.14/site-packages/celery/backends/base.py:577: RuntimeWarning: Results are not stored in backend and should not be retrieved when task_always_eager is enabled, unless task_store_eager_result is enabled.
    warnings.warn(

tests/test_receivers.py::test_event_status
  /home/runner/work/test-zip-extract-repository/test-zip-extract-repository/workdir/tests/invenio-webhooks/original/tests/test_receivers.py:221: LegacyAPIWarning: The Query.get() method is considered legacy as of the 1.x series of SQLAlchemy and becomes a legacy construct in 2.0. The method is now available as Session.get() (deprecated since: 2.0) (Background on SQLAlchemy 2.0 at: https://sqlalche.me/e/b8d9)
    event = Event.query.get(event_id)

-- Docs: https://docs.pytest.org/en/stable/how-to/capture-warnings.html
================================ tests coverage ================================
_______________ coverage: platform linux, python 3.14.2-final-0 ________________

Name                                                              Stmts   Miss  Cover   Missing
-----------------------------------------------------------------------------------------------
invenio_webhooks/__init__.py                                          5      0   100%
invenio_webhooks/_compat.py                                           8      2    75%   46-47
invenio_webhooks/alembic/201faeb649c7_change_datetime_types.py       13      6    54%   41-43, 48-50
invenio_webhooks/alembic/469925575192_create_webhooks_branch.py      10      2    80%   38, 43
invenio_webhooks/alembic/a095bd179f5c_create_webhooks_tables.py      16      6    62%   41-70, 80-81
invenio_webhooks/config.py                                            3      0   100%
invenio_webhooks/errors.py                                            4      0   100%
invenio_webhooks/ext.py                                              29      1    97%   56
invenio_webhooks/models.py                                          130      9    93%   196-197, 270-271, 276-277, 283-285
invenio_webhooks/proxies.py                                           3      0   100%
invenio_webhooks/signatures.py                                       12      0   100%
invenio_webhooks/views.py                                            88      7    92%   114, 141-145, 169
-----------------------------------------------------------------------------------------------
TOTAL                                                               321     33    90%
================== 17 passed, 1 skipped, 6 warnings in 5.36s ===================
 Container docker_services_cli-redis-1  Stopping
 Container docker_services_cli-postgresql-1  Stopping
 Container docker_services_cli-postgresql-1  Stopped
 Container docker_services_cli-postgresql-1  Removing
 Container docker_services_cli-postgresql-1  Removed
 Container docker_services_cli-redis-1  Stopped
 Container docker_services_cli-redis-1  Removing
 Container docker_services_cli-redis-1  Removed
 Network docker_services_cli_default  Removing
 Network docker_services_cli_default  Removed
