Generating LALR tables
WARNING: 2 shift/reduce conflicts
WARNING: 2 reduce/reduce conflicts
WARNING: reduce/reduce conflict in state 24 resolved using rule (phrase_or_possibly_negative_term -> PHRASE)
WARNING: rejected rule (phrase_or_term -> PHRASE) in state 24
 rabbitmq Pulling 
 opensearch Pulling 
 postgresql Pulling 
 redis Pulling 
 20043066d3d5 Pulling fs layer 
 3fadc669ef11 Pulling fs layer 
 7084ac8f4ab6 Pulling fs layer 
 beb0d870d438 Pulling fs layer 
 d63c4408fdb7 Pulling fs layer 
 efa05c660812 Pulling fs layer 
 f4e7f62f4b80 Pulling fs layer 
 5e1c03b67a78 Pulling fs layer 
 14e6209d5fa8 Pulling fs layer 
 d686b50ce172 Pulling fs layer 
 beb0d870d438 Waiting 
 14e6209d5fa8 Waiting 
 f4e7f62f4b80 Waiting 
 5e1c03b67a78 Waiting 
 d63c4408fdb7 Waiting 
 d686b50ce172 Waiting 
 efa05c660812 Waiting 
 4831516dd0cb Pulling fs layer 
 47a60771af96 Pulling fs layer 
 7b28be0c8c4d Pulling fs layer 
 edcaff0d5e7e Pulling fs layer 
 22dca8215bc4 Pulling fs layer 
 bbf018d6d4b8 Pulling fs layer 
 4f4fb700ef54 Pulling fs layer 
 c5761dea9b0e Pulling fs layer 
 47a60771af96 Waiting 
 7b28be0c8c4d Waiting 
 bbf018d6d4b8 Waiting 
 edcaff0d5e7e Waiting 
 4f4fb700ef54 Waiting 
 22dca8215bc4 Waiting 
 c5761dea9b0e Waiting 
 4831516dd0cb Waiting 
 b0a0cf830b12 Pulling fs layer 
 dda3d8fbd5ed Pulling fs layer 
 283a477db7bb Pulling fs layer 
 91d2729fa4d5 Pulling fs layer 
 9739ced65621 Pulling fs layer 
 ae3bb1b347a4 Pulling fs layer 
 f8406d9c00ea Pulling fs layer 
 c199bff16b05 Pulling fs layer 
 e0d55fdb4d15 Pulling fs layer 
 c1cb13b19080 Pulling fs layer 
 873532e5f8c7 Pulling fs layer 
 050d9f8c3b1c Pulling fs layer 
 710e142705f8 Pulling fs layer 
 cb628c265f09 Pulling fs layer 
 283a477db7bb Waiting 
 91d2729fa4d5 Waiting 
 9739ced65621 Waiting 
 b0a0cf830b12 Waiting 
 dda3d8fbd5ed Waiting 
 ae3bb1b347a4 Waiting 
 873532e5f8c7 Waiting 
 f8406d9c00ea Waiting 
 050d9f8c3b1c Waiting 
 c1cb13b19080 Waiting 
 c199bff16b05 Waiting 
 710e142705f8 Waiting 
 cb628c265f09 Waiting 
 e0d55fdb4d15 Waiting 
 f9dd052e142d Pulling fs layer 
 e8c6d4883897 Pulling fs layer 
 648eb81b3252 Pulling fs layer 
 eb77aa907276 Pulling fs layer 
 4f4fb700ef54 Pulling fs layer 
 0ffa8f8aba1e Pulling fs layer 
 2e81b9cb93cd Pulling fs layer 
 e8c6d4883897 Waiting 
 648eb81b3252 Waiting 
 0ffa8f8aba1e Waiting 
 eb77aa907276 Waiting 
 2e81b9cb93cd Waiting 
 4f4fb700ef54 Waiting 
 f9dd052e142d Waiting 
 7084ac8f4ab6 Downloading [>                                                  ]  75.84kB/7.468MB
 20043066d3d5 Downloading [>                                                  ]  311.3kB/29.72MB
 3fadc669ef11 Downloading [>                                                  ]  437.4kB/43.48MB
 7084ac8f4ab6 Downloading [==========================>                        ]   4.02MB/7.468MB
 20043066d3d5 Downloading [====================>                              ]  12.04MB/29.72MB
 3fadc669ef11 Downloading [==============>                                    ]  12.81MB/43.48MB
 7084ac8f4ab6 Downloading [==================================================>]  7.468MB/7.468MB
 7084ac8f4ab6 Verifying Checksum 
 7084ac8f4ab6 Download complete 
 20043066d3d5 Verifying Checksum 
 20043066d3d5 Download complete 
 3fadc669ef11 Downloading [========================================>          ]  35.37MB/43.48MB
 20043066d3d5 Extracting [>                                                  ]  327.7kB/29.72MB
 3fadc669ef11 Verifying Checksum 
 3fadc669ef11 Download complete 
 20043066d3d5 Extracting [==========>                                        ]  6.226MB/29.72MB
 beb0d870d438 Downloading [===>                                               ]     720B/9.462kB
 beb0d870d438 Downloading [==================================================>]  9.462kB/9.462kB
 beb0d870d438 Verifying Checksum 
 beb0d870d438 Download complete 
 20043066d3d5 Extracting [===============>                                   ]  9.503MB/29.72MB
 d63c4408fdb7 Downloading [>                                                  ]  215.3kB/21.31MB
 efa05c660812 Downloading [==================================================>]     189B/189B
 efa05c660812 Verifying Checksum 
 efa05c660812 Download complete 
 20043066d3d5 Extracting [==========================>                        ]  15.73MB/29.72MB
 d63c4408fdb7 Downloading [======================>                            ]  9.524MB/21.31MB
 d63c4408fdb7 Downloading [==================================================>]  21.31MB/21.31MB
 d63c4408fdb7 Verifying Checksum 
 d63c4408fdb7 Download complete 
 f4e7f62f4b80 Download complete 
 20043066d3d5 Extracting [=======================================>           ]  23.27MB/29.72MB
 5e1c03b67a78 Downloading [==================================================>]     620B/620B
 5e1c03b67a78 Verifying Checksum 
 5e1c03b67a78 Download complete 
 20043066d3d5 Extracting [==========================================>        ]  25.56MB/29.72MB
 14e6209d5fa8 Downloading [===========================================>       ]     721B/833B
 14e6209d5fa8 Downloading [==================================================>]     833B/833B
 14e6209d5fa8 Verifying Checksum 
 14e6209d5fa8 Download complete 
 d686b50ce172 Downloading [>                                                  ]  126.4kB/12.47MB
 20043066d3d5 Extracting [===============================================>   ]  28.18MB/29.72MB
 d686b50ce172 Downloading [======================>                            ]  5.494MB/12.47MB
 4831516dd0cb Downloading [>                                                  ]    290kB/28.23MB
 d686b50ce172 Verifying Checksum 
 d686b50ce172 Download complete 
 47a60771af96 Downloading [================================>                  ]     719B/1.105kB
 47a60771af96 Downloading [==================================================>]  1.105kB/1.105kB
 47a60771af96 Verifying Checksum 
 47a60771af96 Download complete 
 4831516dd0cb Downloading [=================>                                 ]  9.963MB/28.23MB
 20043066d3d5 Extracting [=================================================> ]  29.49MB/29.72MB
 20043066d3d5 Extracting [==================================================>]  29.72MB/29.72MB
 4831516dd0cb Verifying Checksum 
 4831516dd0cb Download complete 
 4831516dd0cb Extracting [>                                                  ]  294.9kB/28.23MB
 20043066d3d5 Pull complete 
 3fadc669ef11 Extracting [>                                                  ]  458.8kB/43.48MB
 7b28be0c8c4d Downloading [=======================================>           ]     688B/874B
 7b28be0c8c4d Downloading [==================================================>]     874B/874B
 7b28be0c8c4d Verifying Checksum 
 7b28be0c8c4d Download complete 
 4831516dd0cb Extracting [=========>                                         ]  5.308MB/28.23MB
 edcaff0d5e7e Downloading [>                                                  ]  15.74kB/1.438MB
 3fadc669ef11 Extracting [========>                                          ]  7.799MB/43.48MB
 edcaff0d5e7e Verifying Checksum 
 edcaff0d5e7e Download complete 
 4831516dd0cb Extracting [================>                                  ]  9.142MB/28.23MB
 3fadc669ef11 Extracting [=================>                                 ]  15.14MB/43.48MB
 22dca8215bc4 Downloading [>                                                  ]  155.6kB/15.35MB
 bbf018d6d4b8 Downloading [==================================================>]      97B/97B
 bbf018d6d4b8 Verifying Checksum 
 bbf018d6d4b8 Download complete 
 4831516dd0cb Extracting [====================>                              ]   11.5MB/28.23MB
 3fadc669ef11 Extracting [=========================>                         ]  22.48MB/43.48MB
 22dca8215bc4 Downloading [==========================>                        ]  8.169MB/15.35MB
 22dca8215bc4 Verifying Checksum 
 22dca8215bc4 Download complete 
 4831516dd0cb Extracting [===============================>                   ]  17.69MB/28.23MB
 3fadc669ef11 Extracting [=================================>                 ]   28.9MB/43.48MB
 4f4fb700ef54 Downloading [==================================================>]      32B/32B
 4f4fb700ef54 Verifying Checksum 
 4f4fb700ef54 Download complete 
 c5761dea9b0e Downloading [==================================================>]     573B/573B
 c5761dea9b0e Verifying Checksum 
 c5761dea9b0e Download complete 
 4831516dd0cb Extracting [=========================================>         ]  23.59MB/28.23MB
 3fadc669ef11 Extracting [=======================================>           ]  34.41MB/43.48MB
 3fadc669ef11 Extracting [=================================================> ]  42.66MB/43.48MB
 3fadc669ef11 Extracting [==================================================>]  43.48MB/43.48MB
 4831516dd0cb Extracting [==========================================>        ]  23.89MB/28.23MB
 b0a0cf830b12 Downloading [>                                                  ]  298.8kB/29.15MB
 dda3d8fbd5ed Downloading [==============================>                    ]     721B/1.165kB
 dda3d8fbd5ed Downloading [==================================================>]  1.165kB/1.165kB
 dda3d8fbd5ed Download complete 
 283a477db7bb Downloading [>                                                  ]  46.48kB/4.533MB
 b0a0cf830b12 Downloading [==================>                                ]  10.68MB/29.15MB
 4831516dd0cb Extracting [===============================================>   ]  26.84MB/28.23MB
 b0a0cf830b12 Verifying Checksum 
 b0a0cf830b12 Download complete 
 283a477db7bb Downloading [==========================>                        ]  2.415MB/4.533MB
 283a477db7bb Verifying Checksum 
 283a477db7bb Download complete 
 91d2729fa4d5 Downloading [>                                                  ]  15.73kB/1.45MB
 b0a0cf830b12 Extracting [>                                                  ]  294.9kB/29.15MB
 91d2729fa4d5 Downloading [================>                                  ]    479kB/1.45MB
 ae3bb1b347a4 Downloading [>                                                  ]  12.08kB/1.196MB
 9739ced65621 Downloading [>                                                  ]   84.3kB/8.069MB
 91d2729fa4d5 Verifying Checksum 
 91d2729fa4d5 Download complete 
 b0a0cf830b12 Extracting [===>                                               ]  2.064MB/29.15MB
 ae3bb1b347a4 Downloading [==================================================>]  1.196MB/1.196MB
 ae3bb1b347a4 Verifying Checksum 
 ae3bb1b347a4 Download complete 
 9739ced65621 Downloading [=============================>                     ]   4.71MB/8.069MB
 9739ced65621 Verifying Checksum 
 9739ced65621 Download complete 
 b0a0cf830b12 Extracting [========>                                          ]  5.014MB/29.15MB
 4831516dd0cb Extracting [================================================>  ]  27.43MB/28.23MB
 f8406d9c00ea Downloading [==================================================>]     116B/116B
 f8406d9c00ea Verifying Checksum 
 f8406d9c00ea Download complete 
 b0a0cf830b12 Extracting [==============>                                    ]  8.258MB/29.15MB
 c199bff16b05 Downloading [===========>                                       ]     720B/3.145kB
 c199bff16b05 Downloading [==================================================>]  3.145kB/3.145kB
 c199bff16b05 Verifying Checksum 
 c199bff16b05 Download complete 
 4831516dd0cb Extracting [=================================================> ]  28.02MB/28.23MB
 e0d55fdb4d15 Downloading [>                                                  ]  540.7kB/109MB
 b0a0cf830b12 Extracting [================>                                  ]  9.732MB/29.15MB
 4831516dd0cb Extracting [==================================================>]  28.23MB/28.23MB
 4831516dd0cb Pull complete 
 47a60771af96 Extracting [==================================================>]  1.105kB/1.105kB
 47a60771af96 Extracting [==================================================>]  1.105kB/1.105kB
 c1cb13b19080 Downloading [===>                                               ]     688B/9.925kB
 c1cb13b19080 Downloading [==================================================>]  9.925kB/9.925kB
 e0d55fdb4d15 Downloading [======>                                            ]  14.49MB/109MB
 c1cb13b19080 Verifying Checksum 
 c1cb13b19080 Download complete 
 b0a0cf830b12 Extracting [====================>                              ]   11.8MB/29.15MB
 873532e5f8c7 Downloading [==================================================>]     128B/128B
 873532e5f8c7 Verifying Checksum 
 873532e5f8c7 Download complete 
 e0d55fdb4d15 Downloading [=============>                                     ]  28.34MB/109MB
 b0a0cf830b12 Extracting [=========================>                         ]  15.04MB/29.15MB
 3fadc669ef11 Pull complete 
 e0d55fdb4d15 Downloading [===================>                               ]  43.34MB/109MB
 7084ac8f4ab6 Extracting [>                                                  ]   98.3kB/7.468MB
 050d9f8c3b1c Downloading [==================================================>]     169B/169B
 050d9f8c3b1c Verifying Checksum 
 050d9f8c3b1c Download complete 
 b0a0cf830b12 Extracting [==================================>                ]  20.05MB/29.15MB
 47a60771af96 Pull complete 
 710e142705f8 Downloading [======>                                            ]     720B/5.421kB
 710e142705f8 Downloading [==================================================>]  5.421kB/5.421kB
 710e142705f8 Verifying Checksum 
 710e142705f8 Download complete 
 7b28be0c8c4d Extracting [==================================================>]     874B/874B
 7b28be0c8c4d Extracting [==================================================>]     874B/874B
 e0d55fdb4d15 Downloading [==========================>                        ]  56.77MB/109MB
 b0a0cf830b12 Extracting [========================================>          ]  23.59MB/29.15MB
 7b28be0c8c4d Pull complete 
 7084ac8f4ab6 Extracting [====>                                              ]  688.1kB/7.468MB
 edcaff0d5e7e Extracting [=>                                                 ]  32.77kB/1.438MB
 edcaff0d5e7e Extracting [==================================================>]  1.438MB/1.438MB
 edcaff0d5e7e Extracting [==================================================>]  1.438MB/1.438MB
 edcaff0d5e7e Pull complete 
 22dca8215bc4 Extracting [>                                                  ]  163.8kB/15.35MB
 e0d55fdb4d15 Downloading [==================================>                ]  76.02MB/109MB
 cb628c265f09 Downloading [==================================================>]     184B/184B
 cb628c265f09 Verifying Checksum 
 cb628c265f09 Download complete 
 7084ac8f4ab6 Extracting [=================>                                 ]  2.654MB/7.468MB
 22dca8215bc4 Extracting [================>                                  ]  5.079MB/15.35MB
 e0d55fdb4d15 Downloading [============================================>      ]  98.05MB/109MB
 7084ac8f4ab6 Extracting [===========================================>       ]  6.488MB/7.468MB
 f9dd052e142d Downloading [>                                                  ]  524.3kB/52.33MB
 7084ac8f4ab6 Extracting [==================================================>]  7.468MB/7.468MB
 7084ac8f4ab6 Extracting [==================================================>]  7.468MB/7.468MB
 e0d55fdb4d15 Verifying Checksum 
 e0d55fdb4d15 Download complete 
 7084ac8f4ab6 Pull complete 
 beb0d870d438 Extracting [==================================================>]  9.462kB/9.462kB
 beb0d870d438 Extracting [==================================================>]  9.462kB/9.462kB
 22dca8215bc4 Extracting [=================================>                 ]  10.16MB/15.35MB
 b0a0cf830b12 Extracting [==========================================>        ]  24.77MB/29.15MB
 beb0d870d438 Pull complete 
 f9dd052e142d Downloading [=============>                                     ]  13.74MB/52.33MB
 d63c4408fdb7 Extracting [>                                                  ]  229.4kB/21.31MB
 e8c6d4883897 Downloading [>                                                  ]  45.16kB/4.398MB
 22dca8215bc4 Extracting [=================================================> ]  15.07MB/15.35MB
 b0a0cf830b12 Extracting [===============================================>   ]  27.43MB/29.15MB
 22dca8215bc4 Extracting [==================================================>]  15.35MB/15.35MB
 f9dd052e142d Downloading [==================================>                ]  36.48MB/52.33MB
 22dca8215bc4 Pull complete 
 bbf018d6d4b8 Extracting [==================================================>]      97B/97B
 bbf018d6d4b8 Extracting [==================================================>]      97B/97B
 d63c4408fdb7 Extracting [======>                                            ]  2.753MB/21.31MB
 e8c6d4883897 Downloading [====================================>              ]  3.206MB/4.398MB
 bbf018d6d4b8 Pull complete 
 e8c6d4883897 Verifying Checksum 
 e8c6d4883897 Download complete 
 4f4fb700ef54 Extracting [==================================================>]      32B/32B
 4f4fb700ef54 Extracting [==================================================>]      32B/32B
 4f4fb700ef54 Pull complete 
 c5761dea9b0e Extracting [==================================================>]     573B/573B
 c5761dea9b0e Extracting [==================================================>]     573B/573B
 648eb81b3252 Downloading [=======================>                           ]     720B/1.561kB
 648eb81b3252 Downloading [==================================================>]  1.561kB/1.561kB
 648eb81b3252 Verifying Checksum 
 648eb81b3252 Download complete 
 f9dd052e142d Verifying Checksum 
 f9dd052e142d Download complete 
 c5761dea9b0e Pull complete 
 redis Pulled 
 b0a0cf830b12 Extracting [===============================================>   ]  27.72MB/29.15MB
 f9dd052e142d Extracting [>                                                  ]  524.3kB/52.33MB
 d63c4408fdb7 Extracting [============>                                      ]  5.276MB/21.31MB
 f9dd052e142d Extracting [=>                                                 ]  1.049MB/52.33MB
 d63c4408fdb7 Extracting [====================>                              ]  8.946MB/21.31MB
 4f4fb700ef54 Downloading [==================================================>]      32B/32B
 4f4fb700ef54 Verifying Checksum 
 4f4fb700ef54 Download complete 
 0ffa8f8aba1e Downloading [==================================================>]     226B/226B
 0ffa8f8aba1e Verifying Checksum 
 0ffa8f8aba1e Download complete 
 eb77aa907276 Downloading [>                                                  ]  528.1kB/907.7MB
 d63c4408fdb7 Extracting [===========================>                       ]   11.7MB/21.31MB
 eb77aa907276 Downloading [>                                                  ]  15.06MB/907.7MB
 f9dd052e142d Extracting [====>                                              ]  4.719MB/52.33MB
 d63c4408fdb7 Extracting [==================================>                ]  14.68MB/21.31MB
 eb77aa907276 Downloading [==>                                                ]  36.55MB/907.7MB
 b0a0cf830b12 Extracting [================================================>  ]  28.31MB/29.15MB
 d63c4408fdb7 Extracting [=====================================>             ]  16.06MB/21.31MB
 f9dd052e142d Extracting [=====>                                             ]  5.243MB/52.33MB
 2e81b9cb93cd Downloading [===================>                               ]     708B/1.859kB
 2e81b9cb93cd Downloading [==================================================>]  1.859kB/1.859kB
 2e81b9cb93cd Verifying Checksum 
 2e81b9cb93cd Download complete 
 eb77aa907276 Downloading [===>                                               ]  58.53MB/907.7MB
 d63c4408fdb7 Extracting [========================================>          ]  17.43MB/21.31MB
 f9dd052e142d Extracting [========>                                          ]  8.389MB/52.33MB
 eb77aa907276 Downloading [====>                                              ]  82.15MB/907.7MB
 b0a0cf830b12 Extracting [==================================================>]  29.15MB/29.15MB
 b0a0cf830b12 Pull complete 
 dda3d8fbd5ed Extracting [==================================================>]  1.165kB/1.165kB
 dda3d8fbd5ed Extracting [==================================================>]  1.165kB/1.165kB
 f9dd052e142d Extracting [=============>                                     ]  13.63MB/52.33MB
 d63c4408fdb7 Extracting [============================================>      ]  19.04MB/21.31MB
 eb77aa907276 Downloading [=====>                                             ]  96.09MB/907.7MB
 f9dd052e142d Extracting [=================>                                 ]  17.83MB/52.33MB
 eb77aa907276 Downloading [======>                                            ]  109.5MB/907.7MB
 d63c4408fdb7 Extracting [================================================>  ]  20.64MB/21.31MB
 dda3d8fbd5ed Pull complete 
 f9dd052e142d Extracting [====================>                              ]   21.5MB/52.33MB
 283a477db7bb Extracting [>                                                  ]  65.54kB/4.533MB
 eb77aa907276 Downloading [=======>                                           ]    132MB/907.7MB
 283a477db7bb Extracting [=======================================>           ]  3.539MB/4.533MB
 f9dd052e142d Extracting [=========================>                         ]  26.21MB/52.33MB
 283a477db7bb Extracting [==================================================>]  4.533MB/4.533MB
 eb77aa907276 Downloading [========>                                          ]  153.9MB/907.7MB
 d63c4408fdb7 Extracting [================================================>  ]  20.87MB/21.31MB
 f9dd052e142d Extracting [==========================>                        ]  27.79MB/52.33MB
 eb77aa907276 Downloading [=========>                                         ]  174.2MB/907.7MB
 d63c4408fdb7 Extracting [==================================================>]  21.31MB/21.31MB
 283a477db7bb Pull complete 
 91d2729fa4d5 Extracting [=>                                                 ]  32.77kB/1.45MB
 d63c4408fdb7 Pull complete 
 efa05c660812 Extracting [==================================================>]     189B/189B
 efa05c660812 Extracting [==================================================>]     189B/189B
 efa05c660812 Pull complete 
 f4e7f62f4b80 Extracting [==================================================>]     109B/109B
 f4e7f62f4b80 Extracting [==================================================>]     109B/109B
 eb77aa907276 Downloading [==========>                                        ]  190.3MB/907.7MB
 f4e7f62f4b80 Pull complete 
 5e1c03b67a78 Extracting [==================================================>]     620B/620B
 5e1c03b67a78 Extracting [==================================================>]     620B/620B
 91d2729fa4d5 Extracting [==================================================>]   1.45MB/1.45MB
 5e1c03b67a78 Pull complete 
 14e6209d5fa8 Extracting [==================================================>]     833B/833B
 14e6209d5fa8 Extracting [==================================================>]     833B/833B
 14e6209d5fa8 Pull complete 
 91d2729fa4d5 Pull complete 
 f9dd052e142d Extracting [===========================>                       ]  28.84MB/52.33MB
 d686b50ce172 Extracting [>                                                  ]  131.1kB/12.47MB
 9739ced65621 Extracting [>                                                  ]   98.3kB/8.069MB
 eb77aa907276 Downloading [===========>                                       ]  211.7MB/907.7MB
 9739ced65621 Extracting [=================>                                 ]  2.851MB/8.069MB
 d686b50ce172 Extracting [===============>                                   ]  3.801MB/12.47MB
 f9dd052e142d Extracting [============================>                      ]  29.88MB/52.33MB
 eb77aa907276 Downloading [============>                                      ]  227.3MB/907.7MB
 9739ced65621 Extracting [==========================>                        ]  4.227MB/8.069MB
 d686b50ce172 Extracting [=======================>                           ]  5.898MB/12.47MB
 eb77aa907276 Downloading [=============>                                     ]  248.7MB/907.7MB
 f9dd052e142d Extracting [=============================>                     ]  30.41MB/52.33MB
 9739ced65621 Extracting [===================================>               ]    5.8MB/8.069MB
 eb77aa907276 Downloading [==============>                                    ]  271.8MB/907.7MB
 d686b50ce172 Extracting [==========================>                        ]  6.685MB/12.47MB
 f9dd052e142d Extracting [===============================>                   ]  32.51MB/52.33MB
 9739ced65621 Extracting [==========================================>        ]  6.881MB/8.069MB
 eb77aa907276 Downloading [================>                                  ]  295.4MB/907.7MB
 d686b50ce172 Extracting [=============================>                     ]  7.471MB/12.47MB
 9739ced65621 Extracting [==================================================>]  8.069MB/8.069MB
 f9dd052e142d Extracting [===============================>                   ]  33.03MB/52.33MB
 eb77aa907276 Downloading [=================>                                 ]  317.9MB/907.7MB
 d686b50ce172 Extracting [======================================>            ]  9.699MB/12.47MB
 eb77aa907276 Downloading [==================>                                ]    342MB/907.7MB
 d686b50ce172 Extracting [=========================================>         ]  10.35MB/12.47MB
 f9dd052e142d Extracting [=================================>                 ]   34.6MB/52.33MB
 eb77aa907276 Downloading [====================>                              ]  366.1MB/907.7MB
 9739ced65621 Pull complete 
 ae3bb1b347a4 Extracting [=>                                                 ]  32.77kB/1.196MB
 d686b50ce172 Extracting [=============================================>     ]  11.27MB/12.47MB
 f9dd052e142d Extracting [==================================>                ]  36.18MB/52.33MB
 eb77aa907276 Downloading [=====================>                             ]  390.1MB/907.7MB
 ae3bb1b347a4 Extracting [==================================================>]  1.196MB/1.196MB
 d686b50ce172 Extracting [==================================================>]  12.47MB/12.47MB
 ae3bb1b347a4 Extracting [==================================================>]  1.196MB/1.196MB
 eb77aa907276 Downloading [======================>                            ]  412.6MB/907.7MB
 f9dd052e142d Extracting [====================================>              ]  37.75MB/52.33MB
 ae3bb1b347a4 Pull complete 
 d686b50ce172 Pull complete 
 f8406d9c00ea Extracting [==================================================>]     116B/116B
 f8406d9c00ea Extracting [==================================================>]     116B/116B
 eb77aa907276 Downloading [=======================>                           ]  424.4MB/907.7MB
 rabbitmq Pulled 
 f8406d9c00ea Pull complete 
 c199bff16b05 Extracting [==================================================>]  3.145kB/3.145kB
 c199bff16b05 Extracting [==================================================>]  3.145kB/3.145kB
 f9dd052e142d Extracting [====================================>              ]  38.27MB/52.33MB
 c199bff16b05 Pull complete 
 eb77aa907276 Downloading [========================>                          ]  443.1MB/907.7MB
 e0d55fdb4d15 Extracting [>                                                  ]  557.1kB/109MB
 f9dd052e142d Extracting [======================================>            ]  40.37MB/52.33MB
 eb77aa907276 Downloading [=========================>                         ]  467.3MB/907.7MB
 e0d55fdb4d15 Extracting [==>                                                ]  5.571MB/109MB
 f9dd052e142d Extracting [=========================================>         ]  42.99MB/52.33MB
 eb77aa907276 Downloading [==========================>                        ]  488.2MB/907.7MB
 e0d55fdb4d15 Extracting [===>                                               ]  8.356MB/109MB
 f9dd052e142d Extracting [===========================================>       ]  45.61MB/52.33MB
 eb77aa907276 Downloading [============================>                      ]  511.8MB/907.7MB
 e0d55fdb4d15 Extracting [====>                                              ]  10.58MB/109MB
 f9dd052e142d Extracting [=============================================>     ]  47.71MB/52.33MB
 eb77aa907276 Downloading [=============================>                     ]  535.3MB/907.7MB
 e0d55fdb4d15 Extracting [======>                                            ]  15.04MB/109MB
 eb77aa907276 Downloading [==============================>                    ]  559.5MB/907.7MB
 e0d55fdb4d15 Extracting [========>                                          ]  18.38MB/109MB
 eb77aa907276 Downloading [================================>                  ]  581.4MB/907.7MB
 e0d55fdb4d15 Extracting [==========>                                        ]  22.84MB/109MB
 eb77aa907276 Downloading [=================================>                 ]    604MB/907.7MB
 e0d55fdb4d15 Extracting [============>                                      ]   27.3MB/109MB
 f9dd052e142d Extracting [=================================================> ]  51.38MB/52.33MB
 eb77aa907276 Downloading [==================================>                ]    627MB/907.7MB
 e0d55fdb4d15 Extracting [================>                                  ]  35.09MB/109MB
 eb77aa907276 Downloading [===================================>               ]  651.1MB/907.7MB
 f9dd052e142d Extracting [=================================================> ]   51.9MB/52.33MB
 f9dd052e142d Extracting [==================================================>]  52.33MB/52.33MB
 f9dd052e142d Pull complete 
 e0d55fdb4d15 Extracting [===================>                               ]  41.78MB/109MB
 e8c6d4883897 Extracting [>                                                  ]  65.54kB/4.398MB
 eb77aa907276 Downloading [=====================================>             ]  674.2MB/907.7MB
 e8c6d4883897 Extracting [======================>                            ]  1.966MB/4.398MB
 e0d55fdb4d15 Extracting [======================>                            ]  49.02MB/109MB
 eb77aa907276 Downloading [======================================>            ]  698.8MB/907.7MB
 e8c6d4883897 Extracting [====================================>              ]  3.211MB/4.398MB
 e0d55fdb4d15 Extracting [========================>                          ]  52.92MB/109MB
 eb77aa907276 Downloading [=======================================>           ]    723MB/907.7MB
 e8c6d4883897 Extracting [===========================================>       ]  3.801MB/4.398MB
 e0d55fdb4d15 Extracting [=========================>                         ]  56.26MB/109MB
 e8c6d4883897 Extracting [==================================================>]  4.398MB/4.398MB
 eb77aa907276 Downloading [=========================================>         ]  746.6MB/907.7MB
 e0d55fdb4d15 Extracting [============================>                      ]  61.83MB/109MB
 eb77aa907276 Downloading [==========================================>        ]  764.3MB/907.7MB
 e0d55fdb4d15 Extracting [================================>                  ]  70.75MB/109MB
 eb77aa907276 Downloading [==========================================>        ]  776.6MB/907.7MB
 e0d55fdb4d15 Extracting [====================================>              ]   79.1MB/109MB
 eb77aa907276 Downloading [===========================================>       ]  796.5MB/907.7MB
 e0d55fdb4d15 Extracting [========================================>          ]  87.46MB/109MB
 eb77aa907276 Downloading [=============================================>     ]  820.7MB/907.7MB
 e0d55fdb4d15 Extracting [==========================================>        ]  92.47MB/109MB
 eb77aa907276 Downloading [==============================================>    ]  845.4MB/907.7MB
 e0d55fdb4d15 Extracting [===========================================>       ]  95.26MB/109MB
 eb77aa907276 Downloading [===============================================>   ]  868.5MB/907.7MB
 eb77aa907276 Downloading [================================================>  ]  880.8MB/907.7MB
 e0d55fdb4d15 Extracting [============================================>      ]  96.93MB/109MB
 eb77aa907276 Downloading [=================================================> ]  903.2MB/907.7MB
 eb77aa907276 Download complete 
 e0d55fdb4d15 Extracting [============================================>      ]  97.48MB/109MB
 e0d55fdb4d15 Extracting [============================================>      ]  98.04MB/109MB
 e0d55fdb4d15 Extracting [=============================================>     ]   98.6MB/109MB
 e0d55fdb4d15 Extracting [=============================================>     ]  99.16MB/109MB
 e8c6d4883897 Pull complete 
 648eb81b3252 Extracting [==================================================>]  1.561kB/1.561kB
 648eb81b3252 Extracting [==================================================>]  1.561kB/1.561kB
 648eb81b3252 Pull complete 
 eb77aa907276 Extracting [>                                                  ]  557.1kB/907.7MB
 e0d55fdb4d15 Extracting [===============================================>   ]  102.5MB/109MB
 eb77aa907276 Extracting [=>                                                 ]  21.73MB/907.7MB
 e0d55fdb4d15 Extracting [===============================================>   ]  103.6MB/109MB
 eb77aa907276 Extracting [==>                                                ]  41.22MB/907.7MB
 e0d55fdb4d15 Extracting [================================================>  ]  105.3MB/109MB
 eb77aa907276 Extracting [===>                                               ]  62.95MB/907.7MB
 e0d55fdb4d15 Extracting [=================================================> ]    107MB/109MB
 eb77aa907276 Extracting [====>                                              ]  80.77MB/907.7MB
 eb77aa907276 Extracting [====>                                              ]   86.9MB/907.7MB
 e0d55fdb4d15 Extracting [=================================================> ]  107.5MB/109MB
 eb77aa907276 Extracting [=====>                                             ]  95.81MB/907.7MB
 eb77aa907276 Extracting [=====>                                             ]  103.6MB/907.7MB
 e0d55fdb4d15 Extracting [=================================================> ]  108.6MB/109MB
 e0d55fdb4d15 Extracting [==================================================>]    109MB/109MB
 eb77aa907276 Extracting [======>                                            ]  111.4MB/907.7MB
 eb77aa907276 Extracting [======>                                            ]  119.2MB/907.7MB
 eb77aa907276 Extracting [=======>                                           ]  127.6MB/907.7MB
 eb77aa907276 Extracting [=======>                                           ]  135.9MB/907.7MB
 e0d55fdb4d15 Pull complete 
 c1cb13b19080 Extracting [==================================================>]  9.925kB/9.925kB
 c1cb13b19080 Extracting [==================================================>]  9.925kB/9.925kB
 eb77aa907276 Extracting [=======>                                           ]  141.5MB/907.7MB
 c1cb13b19080 Pull complete 
 873532e5f8c7 Extracting [==================================================>]     128B/128B
 873532e5f8c7 Extracting [==================================================>]     128B/128B
 873532e5f8c7 Pull complete 
 050d9f8c3b1c Extracting [==================================================>]     169B/169B
 050d9f8c3b1c Extracting [==================================================>]     169B/169B
 050d9f8c3b1c Pull complete 
 710e142705f8 Extracting [==================================================>]  5.421kB/5.421kB
 710e142705f8 Extracting [==================================================>]  5.421kB/5.421kB
 eb77aa907276 Extracting [========>                                          ]  148.7MB/907.7MB
 710e142705f8 Pull complete 
 cb628c265f09 Extracting [==================================================>]     184B/184B
 cb628c265f09 Extracting [==================================================>]     184B/184B
 cb628c265f09 Pull complete 
 postgresql Pulled 
 eb77aa907276 Extracting [========>                                          ]  157.1MB/907.7MB
 eb77aa907276 Extracting [=========>                                         ]  173.2MB/907.7MB
 eb77aa907276 Extracting [==========>                                        ]  194.4MB/907.7MB
 eb77aa907276 Extracting [===========>                                       ]  212.2MB/907.7MB
 eb77aa907276 Extracting [============>                                      ]  223.9MB/907.7MB
 eb77aa907276 Extracting [============>                                      ]    234MB/907.7MB
 eb77aa907276 Extracting [=============>                                     ]  244.5MB/907.7MB
 eb77aa907276 Extracting [==============>                                    ]  262.4MB/907.7MB
 eb77aa907276 Extracting [===============>                                   ]    283MB/907.7MB
 eb77aa907276 Extracting [================>                                  ]  306.9MB/907.7MB
 eb77aa907276 Extracting [==================>                                ]  327.5MB/907.7MB
 eb77aa907276 Extracting [===================>                               ]  348.7MB/907.7MB
 eb77aa907276 Extracting [===================>                               ]  362.1MB/907.7MB
 eb77aa907276 Extracting [====================>                              ]  369.3MB/907.7MB
 eb77aa907276 Extracting [====================>                              ]    381MB/907.7MB
 eb77aa907276 Extracting [======================>                            ]  402.2MB/907.7MB
 eb77aa907276 Extracting [=======================>                           ]  427.3MB/907.7MB
 eb77aa907276 Extracting [=========================>                         ]  456.2MB/907.7MB
 eb77aa907276 Extracting [==========================>                        ]  484.6MB/907.7MB
 eb77aa907276 Extracting [============================>                      ]    513MB/907.7MB
 eb77aa907276 Extracting [=============================>                     ]  540.3MB/907.7MB
 eb77aa907276 Extracting [===============================>                   ]  570.4MB/907.7MB
 eb77aa907276 Extracting [================================>                  ]  597.2MB/907.7MB
 eb77aa907276 Extracting [==================================>                ]  623.3MB/907.7MB
 eb77aa907276 Extracting [===================================>               ]  652.9MB/907.7MB
 eb77aa907276 Extracting [=====================================>             ]  680.7MB/907.7MB
 eb77aa907276 Extracting [=======================================>           ]  709.1MB/907.7MB
 eb77aa907276 Extracting [========================================>          ]  735.9MB/907.7MB
 eb77aa907276 Extracting [=========================================>         ]  756.5MB/907.7MB
 eb77aa907276 Extracting [==========================================>        ]  778.2MB/907.7MB
 eb77aa907276 Extracting [============================================>      ]  799.4MB/907.7MB
 eb77aa907276 Extracting [=============================================>     ]    820MB/907.7MB
 eb77aa907276 Extracting [==============================================>    ]  841.2MB/907.7MB
 eb77aa907276 Extracting [===============================================>   ]  862.3MB/907.7MB
 eb77aa907276 Extracting [================================================>  ]  884.6MB/907.7MB
 eb77aa907276 Extracting [=================================================> ]  906.3MB/907.7MB
 eb77aa907276 Extracting [==================================================>]  907.7MB/907.7MB
 eb77aa907276 Pull complete 
 4f4fb700ef54 Extracting [==================================================>]      32B/32B
 4f4fb700ef54 Extracting [==================================================>]      32B/32B
 4f4fb700ef54 Pull complete 
 0ffa8f8aba1e Extracting [==================================================>]     226B/226B
 0ffa8f8aba1e Extracting [==================================================>]     226B/226B
 0ffa8f8aba1e Pull complete 
 2e81b9cb93cd Extracting [==================================================>]  1.859kB/1.859kB
 2e81b9cb93cd Extracting [==================================================>]  1.859kB/1.859kB
 2e81b9cb93cd Pull complete 
 opensearch Pulled 
 Network docker_services_cli_default  Creating
 Network docker_services_cli_default  Created
 Container docker_services_cli-postgresql-1  Creating
 Container docker_services_cli-rabbitmq-1  Creating
 Container docker_services_cli-redis-1  Creating
 Container docker_services_cli-opensearch-1  Creating
 Container docker_services_cli-redis-1  Created
 Container docker_services_cli-opensearch-1  Created
 Container docker_services_cli-rabbitmq-1  Created
 Container docker_services_cli-postgresql-1  Created
 Container docker_services_cli-opensearch-1  Starting
 Container docker_services_cli-postgresql-1  Starting
 Container docker_services_cli-redis-1  Starting
 Container docker_services_cli-rabbitmq-1  Starting
 Container docker_services_cli-postgresql-1  Started
 Container docker_services_cli-opensearch-1  Started
 Container docker_services_cli-redis-1  Started
 Container docker_services_cli-rabbitmq-1  Started
::warning file=/home/runner/work/test-zip-extract-repository/test-zip-extract-repository/workdir/tests/invenio-collections/original/.venv/lib/python3.14/site-packages/edtf/parser/grammar.py,line=9::'enablePackrat' deprecated - use 'enable_packrat'
::warning file=/home/runner/work/test-zip-extract-repository/test-zip-extract-repository/workdir/tests/invenio-collections/original/.venv/lib/python3.14/site-packages/edtf/parser/grammar.py,line=52::'oneOf' deprecated - use 'one_of'
::warning file=/home/runner/work/test-zip-extract-repository/test-zip-extract-repository/workdir/tests/invenio-collections/original/.venv/lib/python3.14/site-packages/edtf/parser/grammar.py,line=53::'oneOf' deprecated - use 'one_of'
::warning file=/home/runner/work/test-zip-extract-repository/test-zip-extract-repository/workdir/tests/invenio-collections/original/.venv/lib/python3.14/site-packages/edtf/parser/grammar.py,line=54::'oneOf' deprecated - use 'one_of'
::warning file=/home/runner/work/test-zip-extract-repository/test-zip-extract-repository/workdir/tests/invenio-collections/original/.venv/lib/python3.14/site-packages/edtf/parser/grammar.py,line=55::'oneOf' deprecated - use 'one_of'
::warning file=/home/runner/work/test-zip-extract-repository/test-zip-extract-repository/workdir/tests/invenio-collections/original/.venv/lib/python3.14/site-packages/edtf/parser/grammar.py,line=56::'oneOf' deprecated - use 'one_of'
::warning file=/home/runner/work/test-zip-extract-repository/test-zip-extract-repository/workdir/tests/invenio-collections/original/.venv/lib/python3.14/site-packages/edtf/parser/grammar.py,line=57::'oneOf' deprecated - use 'one_of'
::warning file=/home/runner/work/test-zip-extract-repository/test-zip-extract-repository/workdir/tests/invenio-collections/original/.venv/lib/python3.14/site-packages/edtf/parser/grammar.py,line=58::'oneOf' deprecated - use 'one_of'
::warning file=/home/runner/work/test-zip-extract-repository/test-zip-extract-repository/workdir/tests/invenio-collections/original/.venv/lib/python3.14/site-packages/edtf/parser/grammar.py,line=59::'oneOf' deprecated - use 'one_of'
::warning file=/home/runner/work/test-zip-extract-repository/test-zip-extract-repository/workdir/tests/invenio-collections/original/.venv/lib/python3.14/site-packages/edtf/parser/grammar.py,line=60::'oneOf' deprecated - use 'one_of'
::warning file=/home/runner/work/test-zip-extract-repository/test-zip-extract-repository/workdir/tests/invenio-collections/original/.venv/lib/python3.14/site-packages/edtf/parser/grammar.py,line=63::'excludeChars' argument is deprecated, use 'exclude_chars'
::warning file=/home/runner/work/test-zip-extract-repository/test-zip-extract-repository/workdir/tests/invenio-collections/original/.venv/lib/python3.14/site-packages/edtf/parser/grammar.py,line=73::'oneOf' deprecated - use 'one_of'
::warning file=/home/runner/work/test-zip-extract-repository/test-zip-extract-repository/workdir/tests/invenio-collections/original/.venv/lib/python3.14/site-packages/edtf/parser/grammar.py,line=74::'oneOf' deprecated - use 'one_of'
::warning file=/home/runner/work/test-zip-extract-repository/test-zip-extract-repository/workdir/tests/invenio-collections/original/.venv/lib/python3.14/site-packages/edtf/parser/parser_classes.py,line=103::'addParseAction' deprecated - use 'add_parse_action'
::warning file=/home/runner/work/test-zip-extract-repository/test-zip-extract-repository/workdir/tests/invenio-collections/original/.venv/lib/python3.14/site-packages/edtf/parser/parser_classes.py,line=103::'addParseAction' deprecated - use 'add_parse_action'
::warning file=/home/runner/work/test-zip-extract-repository/test-zip-extract-repository/workdir/tests/invenio-collections/original/.venv/lib/python3.14/site-packages/edtf/parser/parser_classes.py,line=103::'addParseAction' deprecated - use 'add_parse_action'
::warning file=/home/runner/work/test-zip-extract-repository/test-zip-extract-repository/workdir/tests/invenio-collections/original/.venv/lib/python3.14/site-packages/edtf/parser/grammar.py,line=119::'oneOf' deprecated - use 'one_of'
::warning file=/home/runner/work/test-zip-extract-repository/test-zip-extract-repository/workdir/tests/invenio-collections/original/.venv/lib/python3.14/site-packages/edtf/parser/parser_classes.py,line=103::'addParseAction' deprecated - use 'add_parse_action'
::warning file=/home/runner/work/test-zip-extract-repository/test-zip-extract-repository/workdir/tests/invenio-collections/original/.venv/lib/python3.14/site-packages/edtf/parser/grammar.py,line=122::'oneOf' deprecated - use 'one_of'
::warning file=/home/runner/work/test-zip-extract-repository/test-zip-extract-repository/workdir/tests/invenio-collections/original/.venv/lib/python3.14/site-packages/edtf/parser/parser_classes.py,line=103::'addParseAction' deprecated - use 'add_parse_action'
::warning file=/home/runner/work/test-zip-extract-repository/test-zip-extract-repository/workdir/tests/invenio-collections/original/.venv/lib/python3.14/site-packages/edtf/parser/parser_classes.py,line=103::'addParseAction' deprecated - use 'add_parse_action'
::warning file=/home/runner/work/test-zip-extract-repository/test-zip-extract-repository/workdir/tests/invenio-collections/original/.venv/lib/python3.14/site-packages/edtf/parser/grammar.py,line=155::'addParseAction' deprecated - use 'add_parse_action'
::warning file=/home/runner/work/test-zip-extract-repository/test-zip-extract-repository/workdir/tests/invenio-collections/original/.venv/lib/python3.14/site-packages/edtf/parser/grammar.py,line=157::'addParseAction' deprecated - use 'add_parse_action'
::warning file=/home/runner/work/test-zip-extract-repository/test-zip-extract-repository/workdir/tests/invenio-collections/original/.venv/lib/python3.14/site-packages/edtf/parser/parser_classes.py,line=103::'addParseAction' deprecated - use 'add_parse_action'
::warning file=/home/runner/work/test-zip-extract-repository/test-zip-extract-repository/workdir/tests/invenio-collections/original/.venv/lib/python3.14/site-packages/edtf/parser/parser_classes.py,line=103::'addParseAction' deprecated - use 'add_parse_action'
::warning file=/home/runner/work/test-zip-extract-repository/test-zip-extract-repository/workdir/tests/invenio-collections/original/.venv/lib/python3.14/site-packages/edtf/parser/parser_classes.py,line=103::'addParseAction' deprecated - use 'add_parse_action'
::warning file=/home/runner/work/test-zip-extract-repository/test-zip-extract-repository/workdir/tests/invenio-collections/original/.venv/lib/python3.14/site-packages/edtf/parser/grammar.py,line=199::'oneOf' deprecated - use 'one_of'
::warning file=/home/runner/work/test-zip-extract-repository/test-zip-extract-repository/workdir/tests/invenio-collections/original/.venv/lib/python3.14/site-packages/edtf/parser/parser_classes.py,line=103::'addParseAction' deprecated - use 'add_parse_action'
::warning file=/home/runner/work/test-zip-extract-repository/test-zip-extract-repository/workdir/tests/invenio-collections/original/.venv/lib/python3.14/site-packages/edtf/parser/parser_classes.py,line=103::'addParseAction' deprecated - use 'add_parse_action'
::warning file=/home/runner/work/test-zip-extract-repository/test-zip-extract-repository/workdir/tests/invenio-collections/original/.venv/lib/python3.14/site-packages/edtf/parser/parser_classes.py,line=103::'addParseAction' deprecated - use 'add_parse_action'
::warning file=/home/runner/work/test-zip-extract-repository/test-zip-extract-repository/workdir/tests/invenio-collections/original/.venv/lib/python3.14/site-packages/edtf/parser/parser_classes.py,line=103::'addParseAction' deprecated - use 'add_parse_action'
::warning file=/home/runner/work/test-zip-extract-repository/test-zip-extract-repository/workdir/tests/invenio-collections/original/.venv/lib/python3.14/site-packages/edtf/parser/parser_classes.py,line=103::'addParseAction' deprecated - use 'add_parse_action'
::warning file=/home/runner/work/test-zip-extract-repository/test-zip-extract-repository/workdir/tests/invenio-collections/original/.venv/lib/python3.14/site-packages/edtf/parser/grammar.py,line=303::'addParseAction' deprecated - use 'add_parse_action'
::warning file=/home/runner/work/test-zip-extract-repository/test-zip-extract-repository/workdir/tests/invenio-collections/original/.venv/lib/python3.14/site-packages/edtf/parser/grammar.py,line=303::'addParseAction' deprecated - use 'add_parse_action'
::warning file=/home/runner/work/test-zip-extract-repository/test-zip-extract-repository/workdir/tests/invenio-collections/original/.venv/lib/python3.14/site-packages/edtf/parser/grammar.py,line=304::'addParseAction' deprecated - use 'add_parse_action'
::warning file=/home/runner/work/test-zip-extract-repository/test-zip-extract-repository/workdir/tests/invenio-collections/original/.venv/lib/python3.14/site-packages/edtf/parser/grammar.py,line=304::'addParseAction' deprecated - use 'add_parse_action'
::warning file=/home/runner/work/test-zip-extract-repository/test-zip-extract-repository/workdir/tests/invenio-collections/original/.venv/lib/python3.14/site-packages/edtf/parser/parser_classes.py,line=103::'addParseAction' deprecated - use 'add_parse_action'
::warning file=/home/runner/work/test-zip-extract-repository/test-zip-extract-repository/workdir/tests/invenio-collections/original/.venv/lib/python3.14/site-packages/edtf/parser/parser_classes.py,line=103::'addParseAction' deprecated - use 'add_parse_action'
::warning file=/home/runner/work/test-zip-extract-repository/test-zip-extract-repository/workdir/tests/invenio-collections/original/.venv/lib/python3.14/site-packages/edtf/parser/parser_classes.py,line=103::'addParseAction' deprecated - use 'add_parse_action'
::warning file=/home/runner/work/test-zip-extract-repository/test-zip-extract-repository/workdir/tests/invenio-collections/original/.venv/lib/python3.14/site-packages/edtf/parser/parser_classes.py,line=103::'addParseAction' deprecated - use 'add_parse_action'
::warning file=/home/runner/work/test-zip-extract-repository/test-zip-extract-repository/workdir/tests/invenio-collections/original/.venv/lib/python3.14/site-packages/edtf/parser/grammar.py,line=325::'oneOf' deprecated - use 'one_of'
::warning file=/home/runner/work/test-zip-extract-repository/test-zip-extract-repository/workdir/tests/invenio-collections/original/.venv/lib/python3.14/site-packages/edtf/parser/parser_classes.py,line=103::'addParseAction' deprecated - use 'add_parse_action'
::warning file=/home/runner/work/test-zip-extract-repository/test-zip-extract-repository/workdir/tests/invenio-collections/original/.venv/lib/python3.14/site-packages/invenio_communities/communities/resources/ui_schema.py,line=17::Implicit imports (e.g., 'import idutils; idutils.function;') might be removed in the next major version. Please use explicit imports (e.g., 'from idutils import function;') instead.
::warning file=/home/runner/work/test-zip-extract-repository/test-zip-extract-repository/workdir/tests/invenio-collections/original/.venv/lib/python3.14/site-packages/invenio_rdm_records/services/facets.py,line=75::subject_nested is deprecated. Use subject_combined instead.
::warning file=/home/runner/work/test-zip-extract-repository/test-zip-extract-repository/workdir/tests/invenio-collections/original/.venv/lib/python3.14/site-packages/webargs/compat.py,line=8::The '__version__' attribute is deprecated and will be removed in in a future version. Use feature detection or 'importlib.metadata.version("marshmallow")' instead.
::warning file=/home/runner/work/test-zip-extract-repository/test-zip-extract-repository/workdir/tests/invenio-collections/original/.venv/lib/python3.14/site-packages/webargs/compat.py,line=8::distutils Version classes are deprecated. Use packaging.version instead.
::warning file=/home/runner/work/test-zip-extract-repository/test-zip-extract-repository/workdir/tests/invenio-collections/original/.venv/lib/python3.14/site-packages/webargs/__init__.py,line=13::distutils Version classes are deprecated. Use packaging.version instead.
::warning file=/home/runner/work/test-zip-extract-repository/test-zip-extract-repository/workdir/tests/invenio-collections/original/.venv/lib/python3.14/site-packages/datacite/jsonutils.py,line=15::jsonschema.RefResolver is deprecated as of v4.18.0, in favor of the https://github.com/python-jsonschema/referencing library, which provides more compliant referencing behavior as well as more flexible APIs for customization. A future release will remove RefResolver. Please file a feature request (on referencing) if you are missing an API for the kind of customization you need.
::warning file=/home/runner/work/test-zip-extract-repository/test-zip-extract-repository/workdir/tests/invenio-collections/original/.venv/lib/python3.14/site-packages/datacite/jsonutils.py,line=15::jsonschema.RefResolver is deprecated as of v4.18.0, in favor of the https://github.com/python-jsonschema/referencing library, which provides more compliant referencing behavior as well as more flexible APIs for customization. A future release will remove RefResolver. Please file a feature request (on referencing) if you are missing an API for the kind of customization you need.
============================= test session starts ==============================
platform linux -- Python 3.14.2, pytest-8.4.2, pluggy-1.6.0
rootdir: /home/runner/work/test-zip-extract-repository/test-zip-extract-repository/workdir/tests/invenio-collections/original
configfile: pyproject.toml
testpaths: docs, tests, invenio_collections
plugins: github-actions-annotate-failures-0.3.0, Faker-40.4.0, black-0.6.0, pycodestyle-2.5.0, flask-1.3.0, isort-4.0.0, cov-7.0.0, invenio-4.0.0, pydocstyle-2.4.0
collected 15 items

tests/test_api.py ..::warning file=/home/runner/work/test-zip-extract-repository/test-zip-extract-repository/workdir/tests/invenio-collections/original/invenio_collections/models.py,line=151::The Query.get() method is considered legacy as of the 1.x series of SQLAlchemy and becomes a legacy construct in 2.0. The method is now available as Session.get() (deprecated since: 2.0)
..                                                   [ 26%]
tests/test_invenio_collections.py ..                                     [ 40%]
tests/test_service.py .::warning file=/home/runner/work/test-zip-extract-repository/test-zip-extract-repository/workdir/tests/invenio-collections/original/.venv/lib/python3.14/site-packages/invenio_rdm_records/ext.py,line=134::The configuration value 'RDM_FILES_DEFAULT_QUOTA_SIZE' is not set. In future, please set it explicitly to define your quota size, or be aware that the default value used i.e. FILES_REST_DEFAULT_QUOTA_SIZE will be 10 * (10**9) (10 GB).
::warning file=/home/runner/work/test-zip-extract-repository/test-zip-extract-repository/workdir/tests/invenio-collections/original/.venv/lib/python3.14/site-packages/invenio_rdm_records/ext.py,line=140::The configuration value 'RDM_FILES_DEFAULT_MAX_FILE_SIZE' is not set. In future, please set it explicitly to define your max file size, or be aware that the default value used i.e. FILES_REST_DEFAULT_MAX_FILE_SIZE will be 10 * (10**9) (10 GB).
::warning file=/home/runner/work/test-zip-extract-repository/test-zip-extract-repository/workdir/tests/invenio-collections/original/.venv/lib/python3.14/site-packages/invenio_oaiserver/ext.py,line=169::Please specify the OAISERVER_ID_PREFIX configuration.default value is: oai:runnervmwffz4:
::warning file=/home/runner/work/test-zip-extract-repository/test-zip-extract-repository/workdir/tests/invenio-collections/original/.venv/lib/python3.14/site-packages/invenio_rest/ext.py,line=29::CSRF validation will be enabled by default in the version 1.3.x
::warning file=/home/runner/work/test-zip-extract-repository/test-zip-extract-repository/workdir/tests/invenio-collections/original/.venv/lib/python3.14/site-packages/invenio_rdm_records/ext.py,line=134::The configuration value 'RDM_FILES_DEFAULT_QUOTA_SIZE' is not set. In future, please set it explicitly to define your quota size, or be aware that the default value used i.e. FILES_REST_DEFAULT_QUOTA_SIZE will be 10 * (10**9) (10 GB).
::warning file=/home/runner/work/test-zip-extract-repository/test-zip-extract-repository/workdir/tests/invenio-collections/original/.venv/lib/python3.14/site-packages/invenio_rdm_records/ext.py,line=140::The configuration value 'RDM_FILES_DEFAULT_MAX_FILE_SIZE' is not set. In future, please set it explicitly to define your max file size, or be aware that the default value used i.e. FILES_REST_DEFAULT_MAX_FILE_SIZE will be 10 * (10**9) (10 GB).
::warning file=/home/runner/work/test-zip-extract-repository/test-zip-extract-repository/workdir/tests/invenio-collections/original/.venv/lib/python3.14/site-packages/invenio_oaiserver/ext.py,line=169::Please specify the OAISERVER_ID_PREFIX configuration.default value is: oai:runnervmwffz4:
::warning file=/home/runner/work/test-zip-extract-repository/test-zip-extract-repository/workdir/tests/invenio-collections/original/invenio_collections/models.py,line=151::The Query.get() method is considered legacy as of the 1.x series of SQLAlchemy and becomes a legacy construct in 2.0. The method is now available as Session.get() (deprecated since: 2.0)
.::warning file=/home/runner/work/test-zip-extract-repository/test-zip-extract-repository/workdir/tests/invenio-collections/original/invenio_collections/models.py,line=151::The Query.get() method is considered legacy as of the 1.x series of SQLAlchemy and becomes a legacy construct in 2.0. The method is now available as Session.get() (deprecated since: 2.0)
.::warning file=/home/runner/work/test-zip-extract-repository/test-zip-extract-repository/workdir/tests/invenio-collections/original/invenio_collections/models.py,line=151::The Query.get() method is considered legacy as of the 1.x series of SQLAlchemy and becomes a legacy construct in 2.0. The method is now available as Session.get() (deprecated since: 2.0)
::warning file=/home/runner/work/test-zip-extract-repository/test-zip-extract-repository/workdir/tests/invenio-collections/original/invenio_collections/models.py,line=151::The Query.get() method is considered legacy as of the 1.x series of SQLAlchemy and becomes a legacy construct in 2.0. The method is now available as Session.get() (deprecated since: 2.0)
.::warning file=/home/runner/work/test-zip-extract-repository/test-zip-extract-repository/workdir/tests/invenio-collections/original/invenio_collections/models.py,line=151::The Query.get() method is considered legacy as of the 1.x series of SQLAlchemy and becomes a legacy construct in 2.0. The method is now available as Session.get() (deprecated since: 2.0)
::warning file=/home/runner/work/test-zip-extract-repository/test-zip-extract-repository/workdir/tests/invenio-collections/original/invenio_collections/models.py,line=151::The Query.get() method is considered legacy as of the 1.x series of SQLAlchemy and becomes a legacy construct in 2.0. The method is now available as Session.get() (deprecated since: 2.0)
.::warning file=/home/runner/work/test-zip-extract-repository/test-zip-extract-repository/workdir/tests/invenio-collections/original/invenio_collections/models.py,line=151::The Query.get() method is considered legacy as of the 1.x series of SQLAlchemy and becomes a legacy construct in 2.0. The method is now available as Session.get() (deprecated since: 2.0)
::warning file=/home/runner/work/test-zip-extract-repository/test-zip-extract-repository/workdir/tests/invenio-collections/original/invenio_collections/models.py,line=151::The Query.get() method is considered legacy as of the 1.x series of SQLAlchemy and becomes a legacy construct in 2.0. The method is now available as Session.get() (deprecated since: 2.0)
::warning file=/home/runner/work/test-zip-extract-repository/test-zip-extract-repository/workdir/tests/invenio-collections/original/invenio_collections/models.py,line=151::The Query.get() method is considered legacy as of the 1.x series of SQLAlchemy and becomes a legacy construct in 2.0. The method is now available as Session.get() (deprecated since: 2.0)
...                                           [ 93%]
tests/test_tasks.py .::warning file=/home/runner/work/test-zip-extract-repository/test-zip-extract-repository/workdir/tests/invenio-collections/original/.venv/lib/python3.14/site-packages/invenio_rdm_records/ext.py,line=134::The configuration value 'RDM_FILES_DEFAULT_QUOTA_SIZE' is not set. In future, please set it explicitly to define your quota size, or be aware that the default value used i.e. FILES_REST_DEFAULT_QUOTA_SIZE will be 10 * (10**9) (10 GB).
::warning file=/home/runner/work/test-zip-extract-repository/test-zip-extract-repository/workdir/tests/invenio-collections/original/.venv/lib/python3.14/site-packages/invenio_rdm_records/ext.py,line=140::The configuration value 'RDM_FILES_DEFAULT_MAX_FILE_SIZE' is not set. In future, please set it explicitly to define your max file size, or be aware that the default value used i.e. FILES_REST_DEFAULT_MAX_FILE_SIZE will be 10 * (10**9) (10 GB).
::warning file=/home/runner/work/test-zip-extract-repository/test-zip-extract-repository/workdir/tests/invenio-collections/original/.venv/lib/python3.14/site-packages/invenio_oaiserver/ext.py,line=169::Please specify the OAISERVER_ID_PREFIX configuration.default value is: oai:runnervmwffz4:
::warning file=/home/runner/work/test-zip-extract-repository/test-zip-extract-repository/workdir/tests/invenio-collections/original/.venv/lib/python3.14/site-packages/invenio_rest/ext.py,line=29::CSRF validation will be enabled by default in the version 1.3.x
::warning file=/home/runner/work/test-zip-extract-repository/test-zip-extract-repository/workdir/tests/invenio-collections/original/.venv/lib/python3.14/site-packages/invenio_rdm_records/ext.py,line=134::The configuration value 'RDM_FILES_DEFAULT_QUOTA_SIZE' is not set. In future, please set it explicitly to define your quota size, or be aware that the default value used i.e. FILES_REST_DEFAULT_QUOTA_SIZE will be 10 * (10**9) (10 GB).
::warning file=/home/runner/work/test-zip-extract-repository/test-zip-extract-repository/workdir/tests/invenio-collections/original/.venv/lib/python3.14/site-packages/invenio_rdm_records/ext.py,line=140::The configuration value 'RDM_FILES_DEFAULT_MAX_FILE_SIZE' is not set. In future, please set it explicitly to define your max file size, or be aware that the default value used i.e. FILES_REST_DEFAULT_MAX_FILE_SIZE will be 10 * (10**9) (10 GB).
::warning file=/home/runner/work/test-zip-extract-repository/test-zip-extract-repository/workdir/tests/invenio-collections/original/.venv/lib/python3.14/site-packages/invenio_oaiserver/ext.py,line=169::Please specify the OAISERVER_ID_PREFIX configuration.default value is: oai:runnervmwffz4:
::warning file=/home/runner/work/test-zip-extract-repository/test-zip-extract-repository/workdir/tests/invenio-collections/original/invenio_collections/models.py,line=151::The Query.get() method is considered legacy as of the 1.x series of SQLAlchemy and becomes a legacy construct in 2.0. The method is now available as Session.get() (deprecated since: 2.0)
::warning file=/home/runner/work/test-zip-extract-repository/test-zip-extract-repository/workdir/tests/invenio-collections/original/.venv/lib/python3.14/site-packages/invenio_records/api.py,line=334::nested transaction already deassociated from connection
::warning file=/home/runner/work/test-zip-extract-repository/test-zip-extract-repository/workdir/tests/invenio-collections/original/.venv/lib/python3.14/site-packages/invenio_db/uow.py,line=193::nested transaction already deassociated from connection
                                                    [100%]

=============================== warnings summary ===============================
.venv/lib/python3.14/site-packages/edtf/parser/grammar.py:9
  /home/runner/work/test-zip-extract-repository/test-zip-extract-repository/workdir/tests/invenio-collections/original/.venv/lib/python3.14/site-packages/edtf/parser/grammar.py:9: PyparsingDeprecationWarning: 'enablePackrat' deprecated - use 'enable_packrat'
    pyparsing.ParserElement.enablePackrat()

.venv/lib/python3.14/site-packages/edtf/parser/grammar.py:52
  /home/runner/work/test-zip-extract-repository/test-zip-extract-repository/workdir/tests/invenio-collections/original/.venv/lib/python3.14/site-packages/edtf/parser/grammar.py:52: PyparsingDeprecationWarning: 'oneOf' deprecated - use 'one_of'
    oneThru12 = oneOf(["%.2d" % i for i in range(1, 13)])

.venv/lib/python3.14/site-packages/edtf/parser/grammar.py:53
  /home/runner/work/test-zip-extract-repository/test-zip-extract-repository/workdir/tests/invenio-collections/original/.venv/lib/python3.14/site-packages/edtf/parser/grammar.py:53: PyparsingDeprecationWarning: 'oneOf' deprecated - use 'one_of'
    oneThru13 = oneOf(["%.2d" % i for i in range(1, 14)])

.venv/lib/python3.14/site-packages/edtf/parser/grammar.py:54
  /home/runner/work/test-zip-extract-repository/test-zip-extract-repository/workdir/tests/invenio-collections/original/.venv/lib/python3.14/site-packages/edtf/parser/grammar.py:54: PyparsingDeprecationWarning: 'oneOf' deprecated - use 'one_of'
    oneThru23 = oneOf(["%.2d" % i for i in range(1, 24)])

.venv/lib/python3.14/site-packages/edtf/parser/grammar.py:55
  /home/runner/work/test-zip-extract-repository/test-zip-extract-repository/workdir/tests/invenio-collections/original/.venv/lib/python3.14/site-packages/edtf/parser/grammar.py:55: PyparsingDeprecationWarning: 'oneOf' deprecated - use 'one_of'
    zeroThru23 = oneOf(["%.2d" % i for i in range(0, 24)])

.venv/lib/python3.14/site-packages/edtf/parser/grammar.py:56
  /home/runner/work/test-zip-extract-repository/test-zip-extract-repository/workdir/tests/invenio-collections/original/.venv/lib/python3.14/site-packages/edtf/parser/grammar.py:56: PyparsingDeprecationWarning: 'oneOf' deprecated - use 'one_of'
    oneThru29 = oneOf(["%.2d" % i for i in range(1, 30)])

.venv/lib/python3.14/site-packages/edtf/parser/grammar.py:57
  /home/runner/work/test-zip-extract-repository/test-zip-extract-repository/workdir/tests/invenio-collections/original/.venv/lib/python3.14/site-packages/edtf/parser/grammar.py:57: PyparsingDeprecationWarning: 'oneOf' deprecated - use 'one_of'
    oneThru30 = oneOf(["%.2d" % i for i in range(1, 31)])

.venv/lib/python3.14/site-packages/edtf/parser/grammar.py:58
  /home/runner/work/test-zip-extract-repository/test-zip-extract-repository/workdir/tests/invenio-collections/original/.venv/lib/python3.14/site-packages/edtf/parser/grammar.py:58: PyparsingDeprecationWarning: 'oneOf' deprecated - use 'one_of'
    oneThru31 = oneOf(["%.2d" % i for i in range(1, 32)])

.venv/lib/python3.14/site-packages/edtf/parser/grammar.py:59
  /home/runner/work/test-zip-extract-repository/test-zip-extract-repository/workdir/tests/invenio-collections/original/.venv/lib/python3.14/site-packages/edtf/parser/grammar.py:59: PyparsingDeprecationWarning: 'oneOf' deprecated - use 'one_of'
    oneThru59 = oneOf(["%.2d" % i for i in range(1, 60)])

.venv/lib/python3.14/site-packages/edtf/parser/grammar.py:60
  /home/runner/work/test-zip-extract-repository/test-zip-extract-repository/workdir/tests/invenio-collections/original/.venv/lib/python3.14/site-packages/edtf/parser/grammar.py:60: PyparsingDeprecationWarning: 'oneOf' deprecated - use 'one_of'
    zeroThru59 = oneOf(["%.2d" % i for i in range(0, 60)])

.venv/lib/python3.14/site-packages/edtf/parser/grammar.py:63
  /home/runner/work/test-zip-extract-repository/test-zip-extract-repository/workdir/tests/invenio-collections/original/.venv/lib/python3.14/site-packages/edtf/parser/grammar.py:63: PyparsingDeprecationWarning: 'excludeChars' argument is deprecated, use 'exclude_chars'
    positiveDigit = Word(nums, exact=1, excludeChars="0")

.venv/lib/python3.14/site-packages/edtf/parser/grammar.py:73
  /home/runner/work/test-zip-extract-repository/test-zip-extract-repository/workdir/tests/invenio-collections/original/.venv/lib/python3.14/site-packages/edtf/parser/grammar.py:73: PyparsingDeprecationWarning: 'oneOf' deprecated - use 'one_of'
    (oneOf("01 03 05 07 08 10 12")("month") + "-" + oneThru31("day"))

.venv/lib/python3.14/site-packages/edtf/parser/grammar.py:74
  /home/runner/work/test-zip-extract-repository/test-zip-extract-repository/workdir/tests/invenio-collections/original/.venv/lib/python3.14/site-packages/edtf/parser/grammar.py:74: PyparsingDeprecationWarning: 'oneOf' deprecated - use 'one_of'
    ^ (oneOf("04 06 09 11")("month") + "-" + oneThru30("day"))

.venv/lib/python3.14/site-packages/edtf/parser/parser_classes.py:103: 19 warnings
  /home/runner/work/test-zip-extract-repository/test-zip-extract-repository/workdir/tests/invenio-collections/original/.venv/lib/python3.14/site-packages/edtf/parser/parser_classes.py:103: PyparsingDeprecationWarning: 'addParseAction' deprecated - use 'add_parse_action'
    p.addParseAction(cls.parse_action)

.venv/lib/python3.14/site-packages/edtf/parser/grammar.py:119
  /home/runner/work/test-zip-extract-repository/test-zip-extract-repository/workdir/tests/invenio-collections/original/.venv/lib/python3.14/site-packages/edtf/parser/grammar.py:119: PyparsingDeprecationWarning: 'oneOf' deprecated - use 'one_of'
    UASymbol = Combine(oneOf("? ~ %"))

.venv/lib/python3.14/site-packages/edtf/parser/grammar.py:122
  /home/runner/work/test-zip-extract-repository/test-zip-extract-repository/workdir/tests/invenio-collections/original/.venv/lib/python3.14/site-packages/edtf/parser/grammar.py:122: PyparsingDeprecationWarning: 'oneOf' deprecated - use 'one_of'
    seasonNumber = oneOf("21 22 23 24")

.venv/lib/python3.14/site-packages/edtf/parser/grammar.py:155
  /home/runner/work/test-zip-extract-repository/test-zip-extract-repository/workdir/tests/invenio-collections/original/.venv/lib/python3.14/site-packages/edtf/parser/grammar.py:155: PyparsingDeprecationWarning: 'addParseAction' deprecated - use 'add_parse_action'
    l1Start.addParseAction(f)

.venv/lib/python3.14/site-packages/edtf/parser/grammar.py:157
  /home/runner/work/test-zip-extract-repository/test-zip-extract-repository/workdir/tests/invenio-collections/original/.venv/lib/python3.14/site-packages/edtf/parser/grammar.py:157: PyparsingDeprecationWarning: 'addParseAction' deprecated - use 'add_parse_action'
    l1End.addParseAction(f)

.venv/lib/python3.14/site-packages/edtf/parser/grammar.py:199
  /home/runner/work/test-zip-extract-repository/test-zip-extract-repository/workdir/tests/invenio-collections/original/.venv/lib/python3.14/site-packages/edtf/parser/grammar.py:199: PyparsingDeprecationWarning: 'oneOf' deprecated - use 'one_of'
    monthWithX = Combine(oneOf("0X 1X") ^ ("X" + digitOrX))("month")

.venv/lib/python3.14/site-packages/edtf/parser/grammar.py:303
.venv/lib/python3.14/site-packages/edtf/parser/grammar.py:303
  /home/runner/work/test-zip-extract-repository/test-zip-extract-repository/workdir/tests/invenio-collections/original/.venv/lib/python3.14/site-packages/edtf/parser/grammar.py:303: PyparsingDeprecationWarning: 'addParseAction' deprecated - use 'add_parse_action'
    earlier = L("..").addParseAction(f)("lower") + date("upper").addParseAction(f)

.venv/lib/python3.14/site-packages/edtf/parser/grammar.py:304
.venv/lib/python3.14/site-packages/edtf/parser/grammar.py:304
  /home/runner/work/test-zip-extract-repository/test-zip-extract-repository/workdir/tests/invenio-collections/original/.venv/lib/python3.14/site-packages/edtf/parser/grammar.py:304: PyparsingDeprecationWarning: 'addParseAction' deprecated - use 'add_parse_action'
    later = date("lower").addParseAction(f) + L("..").addParseAction(f)("upper")

.venv/lib/python3.14/site-packages/edtf/parser/grammar.py:325
  /home/runner/work/test-zip-extract-repository/test-zip-extract-repository/workdir/tests/invenio-collections/original/.venv/lib/python3.14/site-packages/edtf/parser/grammar.py:325: PyparsingDeprecationWarning: 'oneOf' deprecated - use 'one_of'
    seasonL2Number = oneOf("21 22 23 24 25 26 27 28 29 30 31 32 33 34 35 36 37 38 39 40 41")

.venv/lib/python3.14/site-packages/invenio_communities/communities/resources/ui_schema.py:17
  /home/runner/work/test-zip-extract-repository/test-zip-extract-repository/workdir/tests/invenio-collections/original/.venv/lib/python3.14/site-packages/invenio_communities/communities/resources/ui_schema.py:17: DeprecationWarning: Implicit imports (e.g., 'import idutils; idutils.function;') might be removed in the next major version. Please use explicit imports (e.g., 'from idutils import function;') instead.
    from idutils import detect_identifier_schemes, to_url

.venv/lib/python3.14/site-packages/invenio_rdm_records/services/facets.py:75
  /home/runner/work/test-zip-extract-repository/test-zip-extract-repository/workdir/tests/invenio-collections/original/.venv/lib/python3.14/site-packages/invenio_rdm_records/services/facets.py:75: DeprecationWarning: subject_nested is deprecated. Use subject_combined instead.
    warn(

.venv/lib/python3.14/site-packages/webargs/compat.py:8
  /home/runner/work/test-zip-extract-repository/test-zip-extract-repository/workdir/tests/invenio-collections/original/.venv/lib/python3.14/site-packages/webargs/compat.py:8: DeprecationWarning: The '__version__' attribute is deprecated and will be removed in in a future version. Use feature detection or 'importlib.metadata.version("marshmallow")' instead.
    MARSHMALLOW_VERSION_INFO = tuple(LooseVersion(ma.__version__).version)  # type: tuple

.venv/lib/python3.14/site-packages/webargs/compat.py:8
  /home/runner/work/test-zip-extract-repository/test-zip-extract-repository/workdir/tests/invenio-collections/original/.venv/lib/python3.14/site-packages/webargs/compat.py:8: DeprecationWarning: distutils Version classes are deprecated. Use packaging.version instead.
    MARSHMALLOW_VERSION_INFO = tuple(LooseVersion(ma.__version__).version)  # type: tuple

.venv/lib/python3.14/site-packages/webargs/__init__.py:13
  /home/runner/work/test-zip-extract-repository/test-zip-extract-repository/workdir/tests/invenio-collections/original/.venv/lib/python3.14/site-packages/webargs/__init__.py:13: DeprecationWarning: distutils Version classes are deprecated. Use packaging.version instead.
    __version_info__ = tuple(LooseVersion(__version__).version)

.venv/lib/python3.14/site-packages/datacite/jsonutils.py:15
.venv/lib/python3.14/site-packages/datacite/jsonutils.py:15
  /home/runner/work/test-zip-extract-repository/test-zip-extract-repository/workdir/tests/invenio-collections/original/.venv/lib/python3.14/site-packages/datacite/jsonutils.py:15: DeprecationWarning: jsonschema.RefResolver is deprecated as of v4.18.0, in favor of the https://github.com/python-jsonschema/referencing library, which provides more compliant referencing behavior as well as more flexible APIs for customization. A future release will remove RefResolver. Please file a feature request (on referencing) if you are missing an API for the kind of customization you need.
    from jsonschema import RefResolver, validate

tests/test_api.py: 1 warning
tests/test_service.py: 9 warnings
tests/test_tasks.py: 1 warning
  /home/runner/work/test-zip-extract-repository/test-zip-extract-repository/workdir/tests/invenio-collections/original/invenio_collections/models.py:151: LegacyAPIWarning: The Query.get() method is considered legacy as of the 1.x series of SQLAlchemy and becomes a legacy construct in 2.0. The method is now available as Session.get() (deprecated since: 2.0) (Background on SQLAlchemy 2.0 at: https://sqlalche.me/e/b8d9)
    return cls.query.get(id_)

tests/test_service.py::test_collections_read
tests/test_service.py::test_collections_read
tests/test_tasks.py::test_update_collections_size
tests/test_tasks.py::test_update_collections_size
  /home/runner/work/test-zip-extract-repository/test-zip-extract-repository/workdir/tests/invenio-collections/original/.venv/lib/python3.14/site-packages/invenio_rdm_records/ext.py:134: DeprecationWarning: The configuration value 'RDM_FILES_DEFAULT_QUOTA_SIZE' is not set. In future, please set it explicitly to define your quota size, or be aware that the default value used i.e. FILES_REST_DEFAULT_QUOTA_SIZE will be 10 * (10**9) (10 GB).
    warn(

tests/test_service.py::test_collections_read
tests/test_service.py::test_collections_read
tests/test_tasks.py::test_update_collections_size
tests/test_tasks.py::test_update_collections_size
  /home/runner/work/test-zip-extract-repository/test-zip-extract-repository/workdir/tests/invenio-collections/original/.venv/lib/python3.14/site-packages/invenio_rdm_records/ext.py:140: DeprecationWarning: The configuration value 'RDM_FILES_DEFAULT_MAX_FILE_SIZE' is not set. In future, please set it explicitly to define your max file size, or be aware that the default value used i.e. FILES_REST_DEFAULT_MAX_FILE_SIZE will be 10 * (10**9) (10 GB).
    warn(

tests/test_service.py::test_collections_read
tests/test_service.py::test_collections_read
tests/test_tasks.py::test_update_collections_size
tests/test_tasks.py::test_update_collections_size
  /home/runner/work/test-zip-extract-repository/test-zip-extract-repository/workdir/tests/invenio-collections/original/.venv/lib/python3.14/site-packages/invenio_oaiserver/ext.py:169: UserWarning: Please specify the OAISERVER_ID_PREFIX configuration.default value is: oai:runnervmwffz4:
    warnings.warn(

tests/test_service.py::test_collections_read
tests/test_tasks.py::test_update_collections_size
  /home/runner/work/test-zip-extract-repository/test-zip-extract-repository/workdir/tests/invenio-collections/original/.venv/lib/python3.14/site-packages/invenio_rest/ext.py:29: FutureWarning: CSRF validation will be enabled by default in the version 1.3.x
    self.init_app(app)

tests/test_tasks.py::test_update_collections_size
  /home/runner/work/test-zip-extract-repository/test-zip-extract-repository/workdir/tests/invenio-collections/original/.venv/lib/python3.14/site-packages/invenio_records/api.py:334: SAWarning: nested transaction already deassociated from connection
    with db.session.begin_nested():

tests/test_tasks.py::test_update_collections_size
  /home/runner/work/test-zip-extract-repository/test-zip-extract-repository/workdir/tests/invenio-collections/original/.venv/lib/python3.14/site-packages/invenio_db/uow.py:193: SAWarning: nested transaction already deassociated from connection
    self.session.commit()

-- Docs: https://docs.pytest.org/en/stable/how-to/capture-warnings.html
================================ tests coverage ================================
_______________ coverage: platform linux, python 3.14.2-final-0 ________________

Name                                                                    Stmts   Miss  Cover   Missing
-----------------------------------------------------------------------------------------------------
invenio_collections/__init__.py                                             3      0   100%
invenio_collections/alembic/425b691f768b_create_collections_tables.py      17      8    53%   24-78, 88-96
invenio_collections/alembic/1748509182_create_collections_branch.py         8      2    75%   20, 25
invenio_collections/alembic/d2f434c0ac92_change_datetime_types.py          13      6    54%   25-27, 32-34
invenio_collections/api.py                                                145     20    86%   43-44, 57, 84, 89, 105, 111, 158, 170, 179, 189, 196-199, 238, 242, 245, 251-252, 257
invenio_collections/config.py                                               0      0   100%
invenio_collections/errors.py                                               5      0   100%
invenio_collections/ext.py                                                 26      2    92%   40, 46
invenio_collections/models.py                                              77      4    95%   59, 71, 76, 142
invenio_collections/proxies.py                                              3      0   100%
invenio_collections/resources/__init__.py                                   0      0   100%
invenio_collections/resources/config.py                                    15      0   100%
invenio_collections/resources/resource.py                                  17      3    82%   37-43
invenio_collections/searchapp.py                                            5      1    80%   17
invenio_collections/services/__init__.py                                    0      0   100%
invenio_collections/services/config.py                                     13      0   100%
invenio_collections/services/results.py                                    65     15    77%   120, 157-160, 164, 187-190, 194-203, 207
invenio_collections/services/schema.py                                      9      0   100%
invenio_collections/services/service.py                                    86     14    84%   109-113, 161-165, 172, 175, 195, 207
invenio_collections/tasks.py                                               15      2    87%   30-31
invenio_collections/views.py                                                3      0   100%
-----------------------------------------------------------------------------------------------------
TOTAL                                                                     525     77    85%
======================= 15 passed, 76 warnings in 19.82s =======================
 Container docker_services_cli-redis-1  Stopping
 Container docker_services_cli-opensearch-1  Stopping
 Container docker_services_cli-rabbitmq-1  Stopping
 Container docker_services_cli-postgresql-1  Stopping
 Container docker_services_cli-redis-1  Stopped
 Container docker_services_cli-redis-1  Removing
 Container docker_services_cli-redis-1  Removed
 Container docker_services_cli-postgresql-1  Stopped
 Container docker_services_cli-postgresql-1  Removing
 Container docker_services_cli-postgresql-1  Removed
 Container docker_services_cli-opensearch-1  Stopped
 Container docker_services_cli-opensearch-1  Removing
 Container docker_services_cli-opensearch-1  Removed
 Container docker_services_cli-rabbitmq-1  Stopped
 Container docker_services_cli-rabbitmq-1  Removing
 Container docker_services_cli-rabbitmq-1  Removed
 Network docker_services_cli_default  Removing
 Network docker_services_cli_default  Removed
