 opensearch Pulling 
 redis Pulling 
 postgresql Pulling 
 b0a0cf830b12 Pulling fs layer 
 dda3d8fbd5ed Pulling fs layer 
 283a477db7bb Pulling fs layer 
 91d2729fa4d5 Pulling fs layer 
 9739ced65621 Pulling fs layer 
 ae3bb1b347a4 Pulling fs layer 
 f8406d9c00ea Pulling fs layer 
 c199bff16b05 Pulling fs layer 
 e0d55fdb4d15 Pulling fs layer 
 c1cb13b19080 Pulling fs layer 
 4831516dd0cb Pulling fs layer 
 47a60771af96 Pulling fs layer 
 7b28be0c8c4d Pulling fs layer 
 edcaff0d5e7e Pulling fs layer 
 22dca8215bc4 Pulling fs layer 
 bbf018d6d4b8 Pulling fs layer 
 4f4fb700ef54 Pulling fs layer 
 c5761dea9b0e Pulling fs layer 
 22dca8215bc4 Waiting 
 bbf018d6d4b8 Waiting 
 4831516dd0cb Waiting 
 7b28be0c8c4d Waiting 
 edcaff0d5e7e Waiting 
 4f4fb700ef54 Waiting 
 47a60771af96 Waiting 
 c5761dea9b0e Waiting 
 873532e5f8c7 Pulling fs layer 
 050d9f8c3b1c Pulling fs layer 
 710e142705f8 Pulling fs layer 
 cb628c265f09 Pulling fs layer 
 91d2729fa4d5 Waiting 
 9739ced65621 Waiting 
 ae3bb1b347a4 Waiting 
 f8406d9c00ea Waiting 
 e0d55fdb4d15 Waiting 
 c1cb13b19080 Waiting 
 c199bff16b05 Waiting 
 710e142705f8 Waiting 
 873532e5f8c7 Waiting 
 cb628c265f09 Waiting 
 050d9f8c3b1c Waiting 
 f9dd052e142d Pulling fs layer 
 e8c6d4883897 Pulling fs layer 
 648eb81b3252 Pulling fs layer 
 eb77aa907276 Pulling fs layer 
 4f4fb700ef54 Pulling fs layer 
 0ffa8f8aba1e Pulling fs layer 
 2e81b9cb93cd Pulling fs layer 
 f9dd052e142d Waiting 
 e8c6d4883897 Waiting 
 648eb81b3252 Waiting 
 eb77aa907276 Waiting 
 0ffa8f8aba1e Waiting 
 4f4fb700ef54 Waiting 
 2e81b9cb93cd Waiting 
 dda3d8fbd5ed Downloading [==============================>                    ]     720B/1.165kB
 dda3d8fbd5ed Downloading [==================================================>]  1.165kB/1.165kB
 dda3d8fbd5ed Verifying Checksum 
 283a477db7bb Downloading [>                                                  ]  46.25kB/4.533MB
 b0a0cf830b12 Downloading [>                                                  ]  294.1kB/29.15MB
 283a477db7bb Verifying Checksum 
 283a477db7bb Download complete 
 91d2729fa4d5 Downloading [>                                                  ]  15.73kB/1.45MB
 91d2729fa4d5 Verifying Checksum 
 91d2729fa4d5 Download complete 
 9739ced65621 Downloading [>                                                  ]  84.15kB/8.069MB
 b0a0cf830b12 Downloading [======================================>            ]  22.38MB/29.15MB
 9739ced65621 Verifying Checksum 
 9739ced65621 Download complete 
 ae3bb1b347a4 Downloading [>                                                  ]  12.99kB/1.196MB
 b0a0cf830b12 Verifying Checksum 
 b0a0cf830b12 Download complete 
 ae3bb1b347a4 Downloading [==================================================>]  1.196MB/1.196MB
 ae3bb1b347a4 Verifying Checksum 
 ae3bb1b347a4 Download complete 
 b0a0cf830b12 Extracting [>                                                  ]  294.9kB/29.15MB
 f8406d9c00ea Download complete 
 c199bff16b05 Downloading [===========>                                       ]     720B/3.145kB
 c199bff16b05 Downloading [==================================================>]  3.145kB/3.145kB
 c199bff16b05 Download complete 
 b0a0cf830b12 Extracting [===========>                                       ]  6.488MB/29.15MB
 c1cb13b19080 Downloading [===>                                               ]     688B/9.925kB
 c1cb13b19080 Downloading [==================================================>]  9.925kB/9.925kB
 c1cb13b19080 Verifying Checksum 
 c1cb13b19080 Download complete 
 873532e5f8c7 Downloading [==================================================>]     128B/128B
 873532e5f8c7 Verifying Checksum 
 873532e5f8c7 Download complete 
 e0d55fdb4d15 Downloading [>                                                  ]  528.2kB/109MB
 050d9f8c3b1c Downloading [==================================================>]     169B/169B
 050d9f8c3b1c Verifying Checksum 
 050d9f8c3b1c Download complete 
 b0a0cf830b12 Extracting [=================>                                 ]  10.03MB/29.15MB
 710e142705f8 Downloading [======>                                            ]     720B/5.421kB
 710e142705f8 Downloading [==================================================>]  5.421kB/5.421kB
 710e142705f8 Verifying Checksum 
 710e142705f8 Download complete 
 e0d55fdb4d15 Downloading [========>                                          ]  17.68MB/109MB
 cb628c265f09 Downloading [==================================================>]     184B/184B
 cb628c265f09 Verifying Checksum 
 cb628c265f09 Download complete 
 b0a0cf830b12 Extracting [=======================>                           ]  13.86MB/29.15MB
 4831516dd0cb Downloading [>                                                  ]    293kB/28.23MB
 e0d55fdb4d15 Downloading [================>                                  ]  35.84MB/109MB
 47a60771af96 Downloading [================================>                  ]     719B/1.105kB
 47a60771af96 Downloading [==================================================>]  1.105kB/1.105kB
 47a60771af96 Download complete 
 4831516dd0cb Downloading [==========================================>        ]  23.77MB/28.23MB
 b0a0cf830b12 Extracting [==================================>                ]  20.35MB/29.15MB
 7b28be0c8c4d Downloading [=======================================>           ]     688B/874B
 7b28be0c8c4d Downloading [==================================================>]     874B/874B
 7b28be0c8c4d Download complete 
 e0d55fdb4d15 Downloading [============================>                      ]  62.61MB/109MB
 4831516dd0cb Verifying Checksum 
 4831516dd0cb Download complete 
 4831516dd0cb Extracting [>                                                  ]  294.9kB/28.23MB
 edcaff0d5e7e Downloading [>                                                  ]  14.86kB/1.438MB
 b0a0cf830b12 Extracting [=========================================>         ]  24.48MB/29.15MB
 edcaff0d5e7e Verifying Checksum 
 edcaff0d5e7e Download complete 
 e0d55fdb4d15 Downloading [=====================================>             ]  81.43MB/109MB
 22dca8215bc4 Downloading [>                                                  ]  155.6kB/15.35MB
 4831516dd0cb Extracting [=======>                                           ]  4.424MB/28.23MB
 bbf018d6d4b8 Downloading [==================================================>]      97B/97B
 bbf018d6d4b8 Verifying Checksum 
 bbf018d6d4b8 Download complete 
 22dca8215bc4 Verifying Checksum 
 22dca8215bc4 Download complete 
 e0d55fdb4d15 Downloading [=================================================> ]  107.2MB/109MB
 e0d55fdb4d15 Verifying Checksum 
 e0d55fdb4d15 Download complete 
 b0a0cf830b12 Extracting [==========================================>        ]  24.77MB/29.15MB
 4831516dd0cb Extracting [===============>                                   ]  8.552MB/28.23MB
 c5761dea9b0e Downloading [==================================================>]     573B/573B
 c5761dea9b0e Verifying Checksum 
 c5761dea9b0e Download complete 
 4f4fb700ef54 Downloading [==================================================>]      32B/32B
 4f4fb700ef54 Verifying Checksum 
 4f4fb700ef54 Download complete 
 f9dd052e142d Downloading [>                                                  ]  530.7kB/52.33MB
 648eb81b3252 Downloading [=======================>                           ]     720B/1.561kB
 648eb81b3252 Downloading [==================================================>]  1.561kB/1.561kB
 648eb81b3252 Verifying Checksum 
 648eb81b3252 Download complete 
 e8c6d4883897 Downloading [>                                                  ]  44.93kB/4.398MB
 4831516dd0cb Extracting [==================>                                ]  10.62MB/28.23MB
 b0a0cf830b12 Extracting [===============================================>   ]  27.72MB/29.15MB
 e8c6d4883897 Verifying Checksum 
 e8c6d4883897 Download complete 
 f9dd052e142d Downloading [===================>                               ]  20.59MB/52.33MB
 eb77aa907276 Downloading [>                                                  ]  528.1kB/907.7MB
 4831516dd0cb Extracting [===========================>                       ]  15.34MB/28.23MB
 4f4fb700ef54 Downloading [==================================================>]      32B/32B
 4f4fb700ef54 Verifying Checksum 
 4f4fb700ef54 Download complete 
 f9dd052e142d Downloading [===================================>               ]   37.6MB/52.33MB
 eb77aa907276 Downloading [=>                                                 ]  23.51MB/907.7MB
 4831516dd0cb Extracting [====================================>              ]  20.35MB/28.23MB
 0ffa8f8aba1e Downloading [==================================================>]     226B/226B
 0ffa8f8aba1e Verifying Checksum 
 0ffa8f8aba1e Download complete 
 f9dd052e142d Verifying Checksum 
 f9dd052e142d Download complete 
 f9dd052e142d Extracting [>                                                  ]  524.3kB/52.33MB
 eb77aa907276 Downloading [==>                                                ]  51.87MB/907.7MB
 2e81b9cb93cd Downloading [===================>                               ]     708B/1.859kB
 2e81b9cb93cd Downloading [==================================================>]  1.859kB/1.859kB
 2e81b9cb93cd Verifying Checksum 
 2e81b9cb93cd Download complete 
 4831516dd0cb Extracting [=========================================>         ]   23.3MB/28.23MB
 f9dd052e142d Extracting [=>                                                 ]  1.049MB/52.33MB
 eb77aa907276 Downloading [====>                                              ]  73.86MB/907.7MB
 b0a0cf830b12 Extracting [================================================>  ]  28.31MB/29.15MB
 eb77aa907276 Downloading [=====>                                             ]  95.69MB/907.7MB
 4831516dd0cb Extracting [==========================================>        ]  23.89MB/28.23MB
 b0a0cf830b12 Extracting [==================================================>]  29.15MB/29.15MB
 f9dd052e142d Extracting [====>                                              ]  4.719MB/52.33MB
 eb77aa907276 Downloading [======>                                            ]  124.1MB/907.7MB
 b0a0cf830b12 Pull complete 
 dda3d8fbd5ed Extracting [==================================================>]  1.165kB/1.165kB
 dda3d8fbd5ed Extracting [==================================================>]  1.165kB/1.165kB
 4831516dd0cb Extracting [===============================================>   ]  26.54MB/28.23MB
 f9dd052e142d Extracting [=====>                                             ]  5.243MB/52.33MB
 4831516dd0cb Extracting [================================================>  ]  27.13MB/28.23MB
 f9dd052e142d Extracting [=========>                                         ]  9.961MB/52.33MB
 eb77aa907276 Downloading [=======>                                           ]  143.3MB/907.7MB
 f9dd052e142d Extracting [===============>                                   ]  15.73MB/52.33MB
 eb77aa907276 Downloading [========>                                          ]  155.6MB/907.7MB
 f9dd052e142d Extracting [===================>                               ]  19.92MB/52.33MB
 eb77aa907276 Downloading [=========>                                         ]  172.1MB/907.7MB
 4831516dd0cb Extracting [================================================>  ]  27.43MB/28.23MB
 f9dd052e142d Extracting [========================>                          ]  25.69MB/52.33MB
 eb77aa907276 Downloading [==========>                                        ]  183.9MB/907.7MB
 f9dd052e142d Extracting [=========================>                         ]  26.74MB/52.33MB
 4831516dd0cb Extracting [=================================================> ]  28.02MB/28.23MB
 eb77aa907276 Downloading [===========>                                       ]  208.5MB/907.7MB
 4831516dd0cb Extracting [==================================================>]  28.23MB/28.23MB
 eb77aa907276 Downloading [============>                                      ]    234MB/907.7MB
 f9dd052e142d Extracting [===========================>                       ]  28.31MB/52.33MB
 eb77aa907276 Downloading [==============>                                    ]  254.4MB/907.7MB
 eb77aa907276 Downloading [===============>                                   ]  275.8MB/907.7MB
 f9dd052e142d Extracting [============================>                      ]  29.88MB/52.33MB
 eb77aa907276 Downloading [===============>                                   ]  287.1MB/907.7MB
 eb77aa907276 Downloading [================>                                  ]  304.7MB/907.7MB
 f9dd052e142d Extracting [=============================>                     ]  30.41MB/52.33MB
 eb77aa907276 Downloading [=================>                                 ]    325MB/907.7MB
 4831516dd0cb Pull complete 
 eb77aa907276 Downloading [==================>                                ]  336.2MB/907.7MB
 47a60771af96 Extracting [==================================================>]  1.105kB/1.105kB
 47a60771af96 Extracting [==================================================>]  1.105kB/1.105kB
 eb77aa907276 Downloading [===================>                               ]  353.3MB/907.7MB
 f9dd052e142d Extracting [===============================>                   ]  33.03MB/52.33MB
 47a60771af96 Pull complete 
 7b28be0c8c4d Extracting [==================================================>]     874B/874B
 7b28be0c8c4d Extracting [==================================================>]     874B/874B
 eb77aa907276 Downloading [====================>                              ]  376.3MB/907.7MB
 f9dd052e142d Extracting [================================>                  ]  34.08MB/52.33MB
 eb77aa907276 Downloading [======================>                            ]  403.6MB/907.7MB
 f9dd052e142d Extracting [===================================>               ]   36.7MB/52.33MB
 eb77aa907276 Downloading [=======================>                           ]  417.9MB/907.7MB
 eb77aa907276 Downloading [========================>                          ]  449.4MB/907.7MB
 f9dd052e142d Extracting [=====================================>             ]   38.8MB/52.33MB
 eb77aa907276 Downloading [=========================>                         ]  456.9MB/907.7MB
 f9dd052e142d Extracting [======================================>            ]  39.85MB/52.33MB
 eb77aa907276 Downloading [=========================>                         ]  462.8MB/907.7MB
 f9dd052e142d Extracting [=========================================>         ]  42.99MB/52.33MB
 eb77aa907276 Downloading [==========================>                        ]  472.4MB/907.7MB
 f9dd052e142d Extracting [============================================>      ]  46.14MB/52.33MB
 eb77aa907276 Downloading [===========================>                       ]    496MB/907.7MB
 f9dd052e142d Extracting [==============================================>    ]  48.76MB/52.33MB
 eb77aa907276 Downloading [============================>                      ]  521.3MB/907.7MB
 eb77aa907276 Downloading [=============================>                     ]  537.3MB/907.7MB
 eb77aa907276 Downloading [=============================>                     ]  539.5MB/907.7MB
 dda3d8fbd5ed Pull complete 
 283a477db7bb Extracting [>                                                  ]  65.54kB/4.533MB
 7b28be0c8c4d Pull complete 
 edcaff0d5e7e Extracting [=>                                                 ]  32.77kB/1.438MB
 edcaff0d5e7e Extracting [==================================================>]  1.438MB/1.438MB
 edcaff0d5e7e Extracting [==================================================>]  1.438MB/1.438MB
 eb77aa907276 Downloading [==============================>                    ]  554.6MB/907.7MB
 edcaff0d5e7e Pull complete 
 22dca8215bc4 Extracting [>                                                  ]  163.8kB/15.35MB
 283a477db7bb Extracting [===================================>               ]  3.211MB/4.533MB
 eb77aa907276 Downloading [===============================>                   ]  574.3MB/907.7MB
 283a477db7bb Extracting [==================================================>]  4.533MB/4.533MB
 22dca8215bc4 Extracting [===============>                                   ]  4.751MB/15.35MB
 283a477db7bb Pull complete 
 91d2729fa4d5 Extracting [=>                                                 ]  32.77kB/1.45MB
 eb77aa907276 Downloading [================================>                  ]  598.4MB/907.7MB
 f9dd052e142d Extracting [=================================================> ]  51.38MB/52.33MB
 91d2729fa4d5 Extracting [==================================================>]   1.45MB/1.45MB
 22dca8215bc4 Extracting [=============================>                     ]  9.011MB/15.35MB
 91d2729fa4d5 Pull complete 
 9739ced65621 Extracting [>                                                  ]   98.3kB/8.069MB
 eb77aa907276 Downloading [=================================>                 ]  612.8MB/907.7MB
 22dca8215bc4 Extracting [=================================================> ]  15.07MB/15.35MB
 22dca8215bc4 Extracting [==================================================>]  15.35MB/15.35MB
 9739ced65621 Extracting [===================>                               ]  3.146MB/8.069MB
 f9dd052e142d Extracting [=================================================> ]   51.9MB/52.33MB
 22dca8215bc4 Pull complete 
 bbf018d6d4b8 Extracting [==================================================>]      97B/97B
 bbf018d6d4b8 Extracting [==================================================>]      97B/97B
 f9dd052e142d Extracting [==================================================>]  52.33MB/52.33MB
 bbf018d6d4b8 Pull complete 
 4f4fb700ef54 Extracting [==================================================>]      32B/32B
 4f4fb700ef54 Extracting [==================================================>]      32B/32B
 f9dd052e142d Pull complete 
 e8c6d4883897 Extracting [>                                                  ]  65.54kB/4.398MB
 4f4fb700ef54 Pull complete 
 eb77aa907276 Downloading [==================================>                ]  620.3MB/907.7MB
 c5761dea9b0e Extracting [==================================================>]     573B/573B
 c5761dea9b0e Extracting [==================================================>]     573B/573B
 c5761dea9b0e Pull complete 
 redis Pulled 
 9739ced65621 Extracting [=============================>                     ]  4.719MB/8.069MB
 e8c6d4883897 Extracting [========================>                          ]  2.163MB/4.398MB
 eb77aa907276 Downloading [==================================>                ]    632MB/907.7MB
 9739ced65621 Extracting [======================================>            ]  6.193MB/8.069MB
 eb77aa907276 Downloading [===================================>               ]  651.2MB/907.7MB
 e8c6d4883897 Extracting [=====================================>             ]  3.342MB/4.398MB
 9739ced65621 Extracting [==================================================>]  8.069MB/8.069MB
 9739ced65621 Pull complete 
 ae3bb1b347a4 Extracting [=>                                                 ]  32.77kB/1.196MB
 eb77aa907276 Downloading [====================================>              ]  670.5MB/907.7MB
 e8c6d4883897 Extracting [==================================================>]  4.398MB/4.398MB
 ae3bb1b347a4 Extracting [==================================================>]  1.196MB/1.196MB
 ae3bb1b347a4 Extracting [==================================================>]  1.196MB/1.196MB
 e8c6d4883897 Pull complete 
 648eb81b3252 Extracting [==================================================>]  1.561kB/1.561kB
 648eb81b3252 Extracting [==================================================>]  1.561kB/1.561kB
 648eb81b3252 Pull complete 
 ae3bb1b347a4 Pull complete 
 f8406d9c00ea Extracting [==================================================>]     116B/116B
 f8406d9c00ea Extracting [==================================================>]     116B/116B
 f8406d9c00ea Pull complete 
 c199bff16b05 Extracting [==================================================>]  3.145kB/3.145kB
 c199bff16b05 Extracting [==================================================>]  3.145kB/3.145kB
 c199bff16b05 Pull complete 
 eb77aa907276 Downloading [=====================================>             ]  689.8MB/907.7MB
 e0d55fdb4d15 Extracting [>                                                  ]  557.1kB/109MB
 eb77aa907276 Downloading [=======================================>           ]  714.4MB/907.7MB
 e0d55fdb4d15 Extracting [===>                                               ]  7.242MB/109MB
 eb77aa907276 Downloading [========================================>          ]  737.9MB/907.7MB
 e0d55fdb4d15 Extracting [====>                                              ]  10.03MB/109MB
 eb77aa907276 Downloading [=========================================>         ]  759.9MB/907.7MB
 e0d55fdb4d15 Extracting [======>                                            ]  13.93MB/109MB
 eb77aa907276 Downloading [==========================================>        ]  775.4MB/907.7MB
 e0d55fdb4d15 Extracting [========>                                          ]  18.38MB/109MB
 eb77aa907276 Downloading [============================================>      ]    799MB/907.7MB
 e0d55fdb4d15 Extracting [==========>                                        ]   23.4MB/109MB
 eb77aa907276 Downloading [=============================================>     ]  819.3MB/907.7MB
 e0d55fdb4d15 Extracting [=============>                                     ]  29.52MB/109MB
 eb77aa907276 Downloading [=============================================>     ]  832.7MB/907.7MB
 e0d55fdb4d15 Extracting [=================>                                 ]  38.99MB/109MB
 eb77aa907276 Downloading [==============================================>    ]  838.5MB/907.7MB
 e0d55fdb4d15 Extracting [=====================>                             ]  47.91MB/109MB
 eb77aa907276 Downloading [==============================================>    ]  850.3MB/907.7MB
 e0d55fdb4d15 Extracting [========================>                          ]  52.92MB/109MB
 eb77aa907276 Downloading [===============================================>   ]  861.5MB/907.7MB
 e0d55fdb4d15 Extracting [==========================>                        ]  58.49MB/109MB
 eb77aa907276 Downloading [================================================>  ]  873.2MB/907.7MB
 e0d55fdb4d15 Extracting [==============================>                    ]  66.29MB/109MB
 eb77aa907276 Downloading [=================================================> ]  890.9MB/907.7MB
 e0d55fdb4d15 Extracting [==================================>                ]   75.2MB/109MB
 eb77aa907276 Downloading [=================================================> ]  899.5MB/907.7MB
 e0d55fdb4d15 Extracting [======================================>            ]  83.56MB/109MB
 eb77aa907276 Verifying Checksum 
 eb77aa907276 Download complete 
 eb77aa907276 Extracting [>                                                  ]  557.1kB/907.7MB
 e0d55fdb4d15 Extracting [=========================================>         ]  91.36MB/109MB
 eb77aa907276 Extracting [=>                                                 ]   19.5MB/907.7MB
 e0d55fdb4d15 Extracting [==========================================>        ]  93.59MB/109MB
 eb77aa907276 Extracting [==>                                                ]  37.88MB/907.7MB
 e0d55fdb4d15 Extracting [============================================>      ]  96.93MB/109MB
 eb77aa907276 Extracting [===>                                               ]  57.93MB/907.7MB
 e0d55fdb4d15 Extracting [=============================================>     ]  99.71MB/109MB
 eb77aa907276 Extracting [====>                                              ]  75.76MB/907.7MB
 eb77aa907276 Extracting [====>                                              ]  81.89MB/907.7MB
 e0d55fdb4d15 Extracting [===============================================>   ]  103.1MB/109MB
 eb77aa907276 Extracting [=====>                                             ]  93.03MB/907.7MB
 e0d55fdb4d15 Extracting [===============================================>   ]  104.2MB/109MB
 eb77aa907276 Extracting [=====>                                             ]  100.3MB/907.7MB
 e0d55fdb4d15 Extracting [================================================>  ]  105.8MB/109MB
 eb77aa907276 Extracting [=====>                                             ]  108.1MB/907.7MB
 eb77aa907276 Extracting [======>                                            ]  116.4MB/907.7MB
 eb77aa907276 Extracting [======>                                            ]  124.8MB/907.7MB
 e0d55fdb4d15 Extracting [=================================================> ]  107.5MB/109MB
 eb77aa907276 Extracting [=======>                                           ]  132.6MB/907.7MB
 e0d55fdb4d15 Extracting [=================================================> ]  108.6MB/109MB
 e0d55fdb4d15 Extracting [==================================================>]    109MB/109MB
 eb77aa907276 Extracting [=======>                                           ]  139.3MB/907.7MB
 eb77aa907276 Extracting [========>                                          ]  145.9MB/907.7MB
 eb77aa907276 Extracting [========>                                          ]  154.3MB/907.7MB
 eb77aa907276 Extracting [=========>                                         ]    166MB/907.7MB
 eb77aa907276 Extracting [==========>                                        ]  186.6MB/907.7MB
 eb77aa907276 Extracting [===========>                                       ]  207.2MB/907.7MB
 eb77aa907276 Extracting [===========>                                       ]  217.8MB/907.7MB
 eb77aa907276 Extracting [============>                                      ]    229MB/907.7MB
 eb77aa907276 Extracting [=============>                                     ]  237.9MB/907.7MB
 eb77aa907276 Extracting [=============>                                     ]  249.6MB/907.7MB
 eb77aa907276 Extracting [==============>                                    ]  267.4MB/907.7MB
 eb77aa907276 Extracting [===============>                                   ]  278.5MB/907.7MB
 eb77aa907276 Extracting [================>                                  ]  302.5MB/907.7MB
 eb77aa907276 Extracting [=================>                                 ]  322.5MB/907.7MB
 eb77aa907276 Extracting [==================>                                ]  342.6MB/907.7MB
 eb77aa907276 Extracting [===================>                               ]  360.4MB/907.7MB
 eb77aa907276 Extracting [====================>                              ]  367.1MB/907.7MB
 eb77aa907276 Extracting [====================>                              ]  374.3MB/907.7MB
 eb77aa907276 Extracting [=====================>                             ]  395.5MB/907.7MB
 eb77aa907276 Extracting [=======================>                           ]  418.9MB/907.7MB
 eb77aa907276 Extracting [========================>                          ]  446.2MB/907.7MB
 e0d55fdb4d15 Pull complete 
 c1cb13b19080 Extracting [==================================================>]  9.925kB/9.925kB
 c1cb13b19080 Extracting [==================================================>]  9.925kB/9.925kB
 eb77aa907276 Extracting [=========================>                         ]  471.8MB/907.7MB
 eb77aa907276 Extracting [===========================>                       ]  499.1MB/907.7MB
 eb77aa907276 Extracting [============================>                      ]  526.4MB/907.7MB
 eb77aa907276 Extracting [==============================>                    ]    552MB/907.7MB
 eb77aa907276 Extracting [===============================>                   ]  579.3MB/907.7MB
 eb77aa907276 Extracting [=================================>                 ]  599.9MB/907.7MB
 eb77aa907276 Extracting [==================================>                ]    625MB/907.7MB
 eb77aa907276 Extracting [===================================>               ]  652.9MB/907.7MB
 c1cb13b19080 Pull complete 
 eb77aa907276 Extracting [=====================================>             ]  680.2MB/907.7MB
 873532e5f8c7 Extracting [==================================================>]     128B/128B
 873532e5f8c7 Extracting [==================================================>]     128B/128B
 eb77aa907276 Extracting [======================================>            ]  690.2MB/907.7MB
 eb77aa907276 Extracting [=======================================>           ]  715.3MB/907.7MB
 873532e5f8c7 Pull complete 
 050d9f8c3b1c Extracting [==================================================>]     169B/169B
 050d9f8c3b1c Extracting [==================================================>]     169B/169B
 eb77aa907276 Extracting [========================================>          ]  729.2MB/907.7MB
 050d9f8c3b1c Pull complete 
 710e142705f8 Extracting [==================================================>]  5.421kB/5.421kB
 710e142705f8 Extracting [==================================================>]  5.421kB/5.421kB
 710e142705f8 Pull complete 
 cb628c265f09 Extracting [==================================================>]     184B/184B
 cb628c265f09 Extracting [==================================================>]     184B/184B
 cb628c265f09 Pull complete 
 postgresql Pulled 
 eb77aa907276 Extracting [=========================================>         ]  748.7MB/907.7MB
 eb77aa907276 Extracting [==========================================>        ]  770.4MB/907.7MB
 eb77aa907276 Extracting [===========================================>       ]  790.5MB/907.7MB
 eb77aa907276 Extracting [============================================>      ]  811.1MB/907.7MB
 eb77aa907276 Extracting [=============================================>     ]  832.2MB/907.7MB
 eb77aa907276 Extracting [===============================================>   ]  853.4MB/907.7MB
 eb77aa907276 Extracting [================================================>  ]  874.6MB/907.7MB
 eb77aa907276 Extracting [=================================================> ]  896.9MB/907.7MB
 eb77aa907276 Extracting [==================================================>]  907.7MB/907.7MB
 eb77aa907276 Pull complete 
 4f4fb700ef54 Extracting [==================================================>]      32B/32B
 4f4fb700ef54 Extracting [==================================================>]      32B/32B
 4f4fb700ef54 Pull complete 
 0ffa8f8aba1e Extracting [==================================================>]     226B/226B
 0ffa8f8aba1e Extracting [==================================================>]     226B/226B
 0ffa8f8aba1e Pull complete 
 2e81b9cb93cd Extracting [==================================================>]  1.859kB/1.859kB
 2e81b9cb93cd Extracting [==================================================>]  1.859kB/1.859kB
 2e81b9cb93cd Pull complete 
 opensearch Pulled 
 Network docker_services_cli_default  Creating
 Network docker_services_cli_default  Created
 Container docker_services_cli-redis-1  Creating
 Container docker_services_cli-opensearch-1  Creating
 Container docker_services_cli-postgresql-1  Creating
 Container docker_services_cli-opensearch-1  Created
 Container docker_services_cli-postgresql-1  Created
 Container docker_services_cli-redis-1  Created
 Container docker_services_cli-redis-1  Starting
 Container docker_services_cli-postgresql-1  Starting
 Container docker_services_cli-opensearch-1  Starting
 Container docker_services_cli-postgresql-1  Started
 Container docker_services_cli-redis-1  Started
 Container docker_services_cli-opensearch-1  Started
::warning file=/home/runner/work/test-zip-extract-repository/test-zip-extract-repository/workdir/tests/invenio-communities/original/.venv/lib/python3.14/site-packages/edtf/parser/grammar.py,line=9::'enablePackrat' deprecated - use 'enable_packrat'
::warning file=/home/runner/work/test-zip-extract-repository/test-zip-extract-repository/workdir/tests/invenio-communities/original/.venv/lib/python3.14/site-packages/edtf/parser/grammar.py,line=52::'oneOf' deprecated - use 'one_of'
::warning file=/home/runner/work/test-zip-extract-repository/test-zip-extract-repository/workdir/tests/invenio-communities/original/.venv/lib/python3.14/site-packages/edtf/parser/grammar.py,line=53::'oneOf' deprecated - use 'one_of'
::warning file=/home/runner/work/test-zip-extract-repository/test-zip-extract-repository/workdir/tests/invenio-communities/original/.venv/lib/python3.14/site-packages/edtf/parser/grammar.py,line=54::'oneOf' deprecated - use 'one_of'
::warning file=/home/runner/work/test-zip-extract-repository/test-zip-extract-repository/workdir/tests/invenio-communities/original/.venv/lib/python3.14/site-packages/edtf/parser/grammar.py,line=55::'oneOf' deprecated - use 'one_of'
::warning file=/home/runner/work/test-zip-extract-repository/test-zip-extract-repository/workdir/tests/invenio-communities/original/.venv/lib/python3.14/site-packages/edtf/parser/grammar.py,line=56::'oneOf' deprecated - use 'one_of'
::warning file=/home/runner/work/test-zip-extract-repository/test-zip-extract-repository/workdir/tests/invenio-communities/original/.venv/lib/python3.14/site-packages/edtf/parser/grammar.py,line=57::'oneOf' deprecated - use 'one_of'
::warning file=/home/runner/work/test-zip-extract-repository/test-zip-extract-repository/workdir/tests/invenio-communities/original/.venv/lib/python3.14/site-packages/edtf/parser/grammar.py,line=58::'oneOf' deprecated - use 'one_of'
::warning file=/home/runner/work/test-zip-extract-repository/test-zip-extract-repository/workdir/tests/invenio-communities/original/.venv/lib/python3.14/site-packages/edtf/parser/grammar.py,line=59::'oneOf' deprecated - use 'one_of'
::warning file=/home/runner/work/test-zip-extract-repository/test-zip-extract-repository/workdir/tests/invenio-communities/original/.venv/lib/python3.14/site-packages/edtf/parser/grammar.py,line=60::'oneOf' deprecated - use 'one_of'
::warning file=/home/runner/work/test-zip-extract-repository/test-zip-extract-repository/workdir/tests/invenio-communities/original/.venv/lib/python3.14/site-packages/edtf/parser/grammar.py,line=63::'excludeChars' argument is deprecated, use 'exclude_chars'
::warning file=/home/runner/work/test-zip-extract-repository/test-zip-extract-repository/workdir/tests/invenio-communities/original/.venv/lib/python3.14/site-packages/edtf/parser/grammar.py,line=73::'oneOf' deprecated - use 'one_of'
::warning file=/home/runner/work/test-zip-extract-repository/test-zip-extract-repository/workdir/tests/invenio-communities/original/.venv/lib/python3.14/site-packages/edtf/parser/grammar.py,line=74::'oneOf' deprecated - use 'one_of'
::warning file=/home/runner/work/test-zip-extract-repository/test-zip-extract-repository/workdir/tests/invenio-communities/original/.venv/lib/python3.14/site-packages/edtf/parser/parser_classes.py,line=103::'addParseAction' deprecated - use 'add_parse_action'
::warning file=/home/runner/work/test-zip-extract-repository/test-zip-extract-repository/workdir/tests/invenio-communities/original/.venv/lib/python3.14/site-packages/edtf/parser/parser_classes.py,line=103::'addParseAction' deprecated - use 'add_parse_action'
::warning file=/home/runner/work/test-zip-extract-repository/test-zip-extract-repository/workdir/tests/invenio-communities/original/.venv/lib/python3.14/site-packages/edtf/parser/parser_classes.py,line=103::'addParseAction' deprecated - use 'add_parse_action'
::warning file=/home/runner/work/test-zip-extract-repository/test-zip-extract-repository/workdir/tests/invenio-communities/original/.venv/lib/python3.14/site-packages/edtf/parser/grammar.py,line=119::'oneOf' deprecated - use 'one_of'
::warning file=/home/runner/work/test-zip-extract-repository/test-zip-extract-repository/workdir/tests/invenio-communities/original/.venv/lib/python3.14/site-packages/edtf/parser/parser_classes.py,line=103::'addParseAction' deprecated - use 'add_parse_action'
::warning file=/home/runner/work/test-zip-extract-repository/test-zip-extract-repository/workdir/tests/invenio-communities/original/.venv/lib/python3.14/site-packages/edtf/parser/grammar.py,line=122::'oneOf' deprecated - use 'one_of'
::warning file=/home/runner/work/test-zip-extract-repository/test-zip-extract-repository/workdir/tests/invenio-communities/original/.venv/lib/python3.14/site-packages/edtf/parser/parser_classes.py,line=103::'addParseAction' deprecated - use 'add_parse_action'
::warning file=/home/runner/work/test-zip-extract-repository/test-zip-extract-repository/workdir/tests/invenio-communities/original/.venv/lib/python3.14/site-packages/edtf/parser/parser_classes.py,line=103::'addParseAction' deprecated - use 'add_parse_action'
::warning file=/home/runner/work/test-zip-extract-repository/test-zip-extract-repository/workdir/tests/invenio-communities/original/.venv/lib/python3.14/site-packages/edtf/parser/grammar.py,line=155::'addParseAction' deprecated - use 'add_parse_action'
::warning file=/home/runner/work/test-zip-extract-repository/test-zip-extract-repository/workdir/tests/invenio-communities/original/.venv/lib/python3.14/site-packages/edtf/parser/grammar.py,line=157::'addParseAction' deprecated - use 'add_parse_action'
::warning file=/home/runner/work/test-zip-extract-repository/test-zip-extract-repository/workdir/tests/invenio-communities/original/.venv/lib/python3.14/site-packages/edtf/parser/parser_classes.py,line=103::'addParseAction' deprecated - use 'add_parse_action'
::warning file=/home/runner/work/test-zip-extract-repository/test-zip-extract-repository/workdir/tests/invenio-communities/original/.venv/lib/python3.14/site-packages/edtf/parser/parser_classes.py,line=103::'addParseAction' deprecated - use 'add_parse_action'
::warning file=/home/runner/work/test-zip-extract-repository/test-zip-extract-repository/workdir/tests/invenio-communities/original/.venv/lib/python3.14/site-packages/edtf/parser/parser_classes.py,line=103::'addParseAction' deprecated - use 'add_parse_action'
::warning file=/home/runner/work/test-zip-extract-repository/test-zip-extract-repository/workdir/tests/invenio-communities/original/.venv/lib/python3.14/site-packages/edtf/parser/grammar.py,line=199::'oneOf' deprecated - use 'one_of'
::warning file=/home/runner/work/test-zip-extract-repository/test-zip-extract-repository/workdir/tests/invenio-communities/original/.venv/lib/python3.14/site-packages/edtf/parser/parser_classes.py,line=103::'addParseAction' deprecated - use 'add_parse_action'
::warning file=/home/runner/work/test-zip-extract-repository/test-zip-extract-repository/workdir/tests/invenio-communities/original/.venv/lib/python3.14/site-packages/edtf/parser/parser_classes.py,line=103::'addParseAction' deprecated - use 'add_parse_action'
::warning file=/home/runner/work/test-zip-extract-repository/test-zip-extract-repository/workdir/tests/invenio-communities/original/.venv/lib/python3.14/site-packages/edtf/parser/parser_classes.py,line=103::'addParseAction' deprecated - use 'add_parse_action'
::warning file=/home/runner/work/test-zip-extract-repository/test-zip-extract-repository/workdir/tests/invenio-communities/original/.venv/lib/python3.14/site-packages/edtf/parser/parser_classes.py,line=103::'addParseAction' deprecated - use 'add_parse_action'
::warning file=/home/runner/work/test-zip-extract-repository/test-zip-extract-repository/workdir/tests/invenio-communities/original/.venv/lib/python3.14/site-packages/edtf/parser/parser_classes.py,line=103::'addParseAction' deprecated - use 'add_parse_action'
::warning file=/home/runner/work/test-zip-extract-repository/test-zip-extract-repository/workdir/tests/invenio-communities/original/.venv/lib/python3.14/site-packages/edtf/parser/grammar.py,line=303::'addParseAction' deprecated - use 'add_parse_action'
::warning file=/home/runner/work/test-zip-extract-repository/test-zip-extract-repository/workdir/tests/invenio-communities/original/.venv/lib/python3.14/site-packages/edtf/parser/grammar.py,line=303::'addParseAction' deprecated - use 'add_parse_action'
::warning file=/home/runner/work/test-zip-extract-repository/test-zip-extract-repository/workdir/tests/invenio-communities/original/.venv/lib/python3.14/site-packages/edtf/parser/grammar.py,line=304::'addParseAction' deprecated - use 'add_parse_action'
::warning file=/home/runner/work/test-zip-extract-repository/test-zip-extract-repository/workdir/tests/invenio-communities/original/.venv/lib/python3.14/site-packages/edtf/parser/grammar.py,line=304::'addParseAction' deprecated - use 'add_parse_action'
::warning file=/home/runner/work/test-zip-extract-repository/test-zip-extract-repository/workdir/tests/invenio-communities/original/.venv/lib/python3.14/site-packages/edtf/parser/parser_classes.py,line=103::'addParseAction' deprecated - use 'add_parse_action'
::warning file=/home/runner/work/test-zip-extract-repository/test-zip-extract-repository/workdir/tests/invenio-communities/original/.venv/lib/python3.14/site-packages/edtf/parser/parser_classes.py,line=103::'addParseAction' deprecated - use 'add_parse_action'
::warning file=/home/runner/work/test-zip-extract-repository/test-zip-extract-repository/workdir/tests/invenio-communities/original/.venv/lib/python3.14/site-packages/edtf/parser/parser_classes.py,line=103::'addParseAction' deprecated - use 'add_parse_action'
::warning file=/home/runner/work/test-zip-extract-repository/test-zip-extract-repository/workdir/tests/invenio-communities/original/.venv/lib/python3.14/site-packages/edtf/parser/parser_classes.py,line=103::'addParseAction' deprecated - use 'add_parse_action'
::warning file=/home/runner/work/test-zip-extract-repository/test-zip-extract-repository/workdir/tests/invenio-communities/original/.venv/lib/python3.14/site-packages/edtf/parser/grammar.py,line=325::'oneOf' deprecated - use 'one_of'
::warning file=/home/runner/work/test-zip-extract-repository/test-zip-extract-repository/workdir/tests/invenio-communities/original/.venv/lib/python3.14/site-packages/edtf/parser/parser_classes.py,line=103::'addParseAction' deprecated - use 'add_parse_action'
::warning file=/home/runner/work/test-zip-extract-repository/test-zip-extract-repository/workdir/tests/invenio-communities/original/.venv/lib/python3.14/site-packages/invenio_vocabularies/config.py,line=15::Implicit imports (e.g., 'import idutils; idutils.function;') might be removed in the next major version. Please use explicit imports (e.g., 'from idutils import function;') instead.
============================= test session starts ==============================
platform linux -- Python 3.14.2, pytest-8.4.2, pluggy-1.6.0
rootdir: /home/runner/work/test-zip-extract-repository/test-zip-extract-repository/workdir/tests/invenio-communities/original
configfile: setup.cfg
plugins: github-actions-annotate-failures-0.3.0, Faker-40.4.0, black-0.6.0, pycodestyle-2.5.0, flask-1.3.0, isort-4.0.0, cov-7.0.0, invenio-4.0.0, pydocstyle-2.4.0
collected 258 items

tests/cache/test_identity_redis_cache.py ....                            [  1%]
tests/communities/test_alembic.py s                                      [  1%]
tests/communities/test_cli.py .::warning file=/home/runner/work/test-zip-extract-repository/test-zip-extract-repository/workdir/tests/invenio-communities/original/.venv/lib/python3.14/site-packages/invenio_rest/ext.py,line=29::CSRF validation will be enabled by default in the version 1.3.x
::warning file=/home/runner/work/test-zip-extract-repository/test-zip-extract-repository/workdir/tests/invenio-communities/original/.venv/lib/python3.14/site-packages/invenio_oaiserver/ext.py,line=169::Please specify the OAISERVER_ID_PREFIX configuration.default value is: oai:runnervmwffz4:
.                                         [  2%]
tests/communities/test_community_ui_serializer.py .::warning file=/home/runner/work/test-zip-extract-repository/test-zip-extract-repository/workdir/tests/invenio-communities/original/.venv/lib/python3.14/site-packages/invenio_rest/ext.py,line=29::CSRF validation will be enabled by default in the version 1.3.x
::warning file=/home/runner/work/test-zip-extract-repository/test-zip-extract-repository/workdir/tests/invenio-communities/original/.venv/lib/python3.14/site-packages/invenio_oaiserver/ext.py,line=169::Please specify the OAISERVER_ID_PREFIX configuration.default value is: oai:runnervmwffz4:
                      [  3%]
tests/communities/test_components.py .::warning file=/home/runner/work/test-zip-extract-repository/test-zip-extract-repository/workdir/tests/invenio-communities/original/.venv/lib/python3.14/site-packages/invenio_rest/ext.py,line=29::CSRF validation will be enabled by default in the version 1.3.x
::warning file=/home/runner/work/test-zip-extract-repository/test-zip-extract-repository/workdir/tests/invenio-communities/original/.venv/lib/python3.14/site-packages/invenio_oaiserver/ext.py,line=169::Please specify the OAISERVER_ID_PREFIX configuration.default value is: oai:runnervmwffz4:
.....                              [  5%]
tests/communities/test_parent_community.py .::warning file=/home/runner/work/test-zip-extract-repository/test-zip-extract-repository/workdir/tests/invenio-communities/original/.venv/lib/python3.14/site-packages/invenio_rest/ext.py,line=29::CSRF validation will be enabled by default in the version 1.3.x
::warning file=/home/runner/work/test-zip-extract-repository/test-zip-extract-repository/workdir/tests/invenio-communities/original/.venv/lib/python3.14/site-packages/invenio_oaiserver/ext.py,line=169::Please specify the OAISERVER_ID_PREFIX configuration.default value is: oai:runnervmwffz4:
.....                        [  7%]
tests/communities/test_permissions.py .::warning file=/home/runner/work/test-zip-extract-repository/test-zip-extract-repository/workdir/tests/invenio-communities/original/.venv/lib/python3.14/site-packages/invenio_rest/ext.py,line=29::CSRF validation will be enabled by default in the version 1.3.x
::warning file=/home/runner/work/test-zip-extract-repository/test-zip-extract-repository/workdir/tests/invenio-communities/original/.venv/lib/python3.14/site-packages/invenio_oaiserver/ext.py,line=169::Please specify the OAISERVER_ID_PREFIX configuration.default value is: oai:runnervmwffz4:
                                  [  8%]
tests/communities/test_relations_organizations.py .::warning file=/home/runner/work/test-zip-extract-repository/test-zip-extract-repository/workdir/tests/invenio-communities/original/.venv/lib/python3.14/site-packages/invenio_rest/ext.py,line=29::CSRF validation will be enabled by default in the version 1.3.x
::warning file=/home/runner/work/test-zip-extract-repository/test-zip-extract-repository/workdir/tests/invenio-communities/original/.venv/lib/python3.14/site-packages/invenio_oaiserver/ext.py,line=169::Please specify the OAISERVER_ID_PREFIX configuration.default value is: oai:runnervmwffz4:
.....                 [ 10%]
tests/communities/test_relations_types.py .::warning file=/home/runner/work/test-zip-extract-repository/test-zip-extract-repository/workdir/tests/invenio-communities/original/.venv/lib/python3.14/site-packages/invenio_rest/ext.py,line=29::CSRF validation will be enabled by default in the version 1.3.x
::warning file=/home/runner/work/test-zip-extract-repository/test-zip-extract-repository/workdir/tests/invenio-communities/original/.venv/lib/python3.14/site-packages/invenio_oaiserver/ext.py,line=169::Please specify the OAISERVER_ID_PREFIX configuration.default value is: oai:runnervmwffz4:
.....                         [ 12%]
tests/communities/test_resources.py .::warning file=/home/runner/work/test-zip-extract-repository/test-zip-extract-repository/workdir/tests/invenio-communities/original/.venv/lib/python3.14/site-packages/invenio_rest/ext.py,line=29::CSRF validation will be enabled by default in the version 1.3.x
::warning file=/home/runner/work/test-zip-extract-repository/test-zip-extract-repository/workdir/tests/invenio-communities/original/.venv/lib/python3.14/site-packages/invenio_oaiserver/ext.py,line=169::Please specify the OAISERVER_ID_PREFIX configuration.default value is: oai:runnervmwffz4:
..................                  [ 20%]
tests/communities/test_services.py .::warning file=/home/runner/work/test-zip-extract-repository/test-zip-extract-repository/workdir/tests/invenio-communities/original/.venv/lib/python3.14/site-packages/invenio_rest/ext.py,line=29::CSRF validation will be enabled by default in the version 1.3.x
::warning file=/home/runner/work/test-zip-extract-repository/test-zip-extract-repository/workdir/tests/invenio-communities/original/.venv/lib/python3.14/site-packages/invenio_oaiserver/ext.py,line=169::Please specify the OAISERVER_ID_PREFIX configuration.default value is: oai:runnervmwffz4:
.....................                [ 28%]
tests/communities/test_subcommunities.py .::warning file=/home/runner/work/test-zip-extract-repository/test-zip-extract-repository/workdir/tests/invenio-communities/original/.venv/lib/python3.14/site-packages/invenio_rest/ext.py,line=29::CSRF validation will be enabled by default in the version 1.3.x
::warning file=/home/runner/work/test-zip-extract-repository/test-zip-extract-repository/workdir/tests/invenio-communities/original/.venv/lib/python3.14/site-packages/invenio_oaiserver/ext.py,line=169::Please specify the OAISERVER_ID_PREFIX configuration.default value is: oai:runnervmwffz4:
....                           [ 30%]
tests/communities/test_tombstone.py .::warning file=/home/runner/work/test-zip-extract-repository/test-zip-extract-repository/workdir/tests/invenio-communities/original/.venv/lib/python3.14/site-packages/invenio_rest/ext.py,line=29::CSRF validation will be enabled by default in the version 1.3.x
::warning file=/home/runner/work/test-zip-extract-repository/test-zip-extract-repository/workdir/tests/invenio-communities/original/.venv/lib/python3.14/site-packages/invenio_oaiserver/ext.py,line=169::Please specify the OAISERVER_ID_PREFIX configuration.default value is: oai:runnervmwffz4:
......                              [ 33%]
tests/communities/test_ui.py .::warning file=/home/runner/work/test-zip-extract-repository/test-zip-extract-repository/workdir/tests/invenio-communities/original/.venv/lib/python3.14/site-packages/invenio_rest/ext.py,line=29::CSRF validation will be enabled by default in the version 1.3.x
::warning file=/home/runner/work/test-zip-extract-repository/test-zip-extract-repository/workdir/tests/invenio-communities/original/.venv/lib/python3.14/site-packages/invenio_oaiserver/ext.py,line=169::Please specify the OAISERVER_ID_PREFIX configuration.default value is: oai:runnervmwffz4:
                                           [ 33%]
tests/members/test_members_components.py .::warning file=/home/runner/work/test-zip-extract-repository/test-zip-extract-repository/workdir/tests/invenio-communities/original/.venv/lib/python3.14/site-packages/invenio_rest/ext.py,line=29::CSRF validation will be enabled by default in the version 1.3.x
::warning file=/home/runner/work/test-zip-extract-repository/test-zip-extract-repository/workdir/tests/invenio-communities/original/.venv/lib/python3.14/site-packages/invenio_oaiserver/ext.py,line=169::Please specify the OAISERVER_ID_PREFIX configuration.default value is: oai:runnervmwffz4:
....                           [ 35%]
tests/members/test_members_no_groups.py .::warning file=/home/runner/work/test-zip-extract-repository/test-zip-extract-repository/workdir/tests/invenio-communities/original/.venv/lib/python3.14/site-packages/invenio_rest/ext.py,line=29::CSRF validation will be enabled by default in the version 1.3.x
::warning file=/home/runner/work/test-zip-extract-repository/test-zip-extract-repository/workdir/tests/invenio-communities/original/.venv/lib/python3.14/site-packages/invenio_oaiserver/ext.py,line=169::Please specify the OAISERVER_ID_PREFIX configuration.default value is: oai:runnervmwffz4:
.......                         [ 38%]
tests/members/test_members_notifications.py .::warning file=/home/runner/work/test-zip-extract-repository/test-zip-extract-repository/workdir/tests/invenio-communities/original/.venv/lib/python3.14/site-packages/invenio_rest/ext.py,line=29::CSRF validation will be enabled by default in the version 1.3.x
::warning file=/home/runner/work/test-zip-extract-repository/test-zip-extract-repository/workdir/tests/invenio-communities/original/.venv/lib/python3.14/site-packages/invenio_oaiserver/ext.py,line=169::Please specify the OAISERVER_ID_PREFIX configuration.default value is: oai:runnervmwffz4:
....                        [ 40%]
tests/members/test_members_resource.py .::warning file=/home/runner/work/test-zip-extract-repository/test-zip-extract-repository/workdir/tests/invenio-communities/original/.venv/lib/python3.14/site-packages/invenio_rest/ext.py,line=29::CSRF validation will be enabled by default in the version 1.3.x
::warning file=/home/runner/work/test-zip-extract-repository/test-zip-extract-repository/workdir/tests/invenio-communities/original/.venv/lib/python3.14/site-packages/invenio_oaiserver/ext.py,line=169::Please specify the OAISERVER_ID_PREFIX configuration.default value is: oai:runnervmwffz4:
................                 [ 47%]
tests/members/test_members_services.py .::warning file=/home/runner/work/test-zip-extract-repository/test-zip-extract-repository/workdir/tests/invenio-communities/original/.venv/lib/python3.14/site-packages/invenio_rest/ext.py,line=29::CSRF validation will be enabled by default in the version 1.3.x
::warning file=/home/runner/work/test-zip-extract-repository/test-zip-extract-repository/workdir/tests/invenio-communities/original/.venv/lib/python3.14/site-packages/invenio_oaiserver/ext.py,line=169::Please specify the OAISERVER_ID_PREFIX configuration.default value is: oai:runnervmwffz4:
................................ [ 60%]
........................................................................ [ 87%]
...................                                                      [ 95%]
tests/records/test_mockrecords_api.py .::warning file=/home/runner/work/test-zip-extract-repository/test-zip-extract-repository/workdir/tests/invenio-communities/original/.venv/lib/python3.14/site-packages/invenio_search/ext.py,line=128::OpenSearch v2 mappings files not found, falling back to Elasticsearch v7 mappings for module tests.records.mock_module.mappings. Please add the missing OpenSearch os-v2 mappings.
::warning file=/home/runner/work/test-zip-extract-repository/test-zip-extract-repository/workdir/tests/invenio-communities/original/.venv/lib/python3.14/site-packages/invenio_rest/ext.py,line=29::CSRF validation will be enabled by default in the version 1.3.x
::warning file=/home/runner/work/test-zip-extract-repository/test-zip-extract-repository/workdir/tests/invenio-communities/original/.venv/lib/python3.14/site-packages/invenio_oaiserver/ext.py,line=169::Please specify the OAISERVER_ID_PREFIX configuration.default value is: oai:runnervmwffz4:
..........                        [ 99%]
tests/test_notifications.py .::warning file=/home/runner/work/test-zip-extract-repository/test-zip-extract-repository/workdir/tests/invenio-communities/original/.venv/lib/python3.14/site-packages/invenio_rest/ext.py,line=29::CSRF validation will be enabled by default in the version 1.3.x
::warning file=/home/runner/work/test-zip-extract-repository/test-zip-extract-repository/workdir/tests/invenio-communities/original/.venv/lib/python3.14/site-packages/invenio_oaiserver/ext.py,line=169::Please specify the OAISERVER_ID_PREFIX configuration.default value is: oai:runnervmwffz4:
                                            [100%]

=============================== warnings summary ===============================
.venv/lib/python3.14/site-packages/edtf/parser/grammar.py:9
  /home/runner/work/test-zip-extract-repository/test-zip-extract-repository/workdir/tests/invenio-communities/original/.venv/lib/python3.14/site-packages/edtf/parser/grammar.py:9: PyparsingDeprecationWarning: 'enablePackrat' deprecated - use 'enable_packrat'
    pyparsing.ParserElement.enablePackrat()

.venv/lib/python3.14/site-packages/edtf/parser/grammar.py:52
  /home/runner/work/test-zip-extract-repository/test-zip-extract-repository/workdir/tests/invenio-communities/original/.venv/lib/python3.14/site-packages/edtf/parser/grammar.py:52: PyparsingDeprecationWarning: 'oneOf' deprecated - use 'one_of'
    oneThru12 = oneOf(["%.2d" % i for i in range(1, 13)])

.venv/lib/python3.14/site-packages/edtf/parser/grammar.py:53
  /home/runner/work/test-zip-extract-repository/test-zip-extract-repository/workdir/tests/invenio-communities/original/.venv/lib/python3.14/site-packages/edtf/parser/grammar.py:53: PyparsingDeprecationWarning: 'oneOf' deprecated - use 'one_of'
    oneThru13 = oneOf(["%.2d" % i for i in range(1, 14)])

.venv/lib/python3.14/site-packages/edtf/parser/grammar.py:54
  /home/runner/work/test-zip-extract-repository/test-zip-extract-repository/workdir/tests/invenio-communities/original/.venv/lib/python3.14/site-packages/edtf/parser/grammar.py:54: PyparsingDeprecationWarning: 'oneOf' deprecated - use 'one_of'
    oneThru23 = oneOf(["%.2d" % i for i in range(1, 24)])

.venv/lib/python3.14/site-packages/edtf/parser/grammar.py:55
  /home/runner/work/test-zip-extract-repository/test-zip-extract-repository/workdir/tests/invenio-communities/original/.venv/lib/python3.14/site-packages/edtf/parser/grammar.py:55: PyparsingDeprecationWarning: 'oneOf' deprecated - use 'one_of'
    zeroThru23 = oneOf(["%.2d" % i for i in range(0, 24)])

.venv/lib/python3.14/site-packages/edtf/parser/grammar.py:56
  /home/runner/work/test-zip-extract-repository/test-zip-extract-repository/workdir/tests/invenio-communities/original/.venv/lib/python3.14/site-packages/edtf/parser/grammar.py:56: PyparsingDeprecationWarning: 'oneOf' deprecated - use 'one_of'
    oneThru29 = oneOf(["%.2d" % i for i in range(1, 30)])

.venv/lib/python3.14/site-packages/edtf/parser/grammar.py:57
  /home/runner/work/test-zip-extract-repository/test-zip-extract-repository/workdir/tests/invenio-communities/original/.venv/lib/python3.14/site-packages/edtf/parser/grammar.py:57: PyparsingDeprecationWarning: 'oneOf' deprecated - use 'one_of'
    oneThru30 = oneOf(["%.2d" % i for i in range(1, 31)])

.venv/lib/python3.14/site-packages/edtf/parser/grammar.py:58
  /home/runner/work/test-zip-extract-repository/test-zip-extract-repository/workdir/tests/invenio-communities/original/.venv/lib/python3.14/site-packages/edtf/parser/grammar.py:58: PyparsingDeprecationWarning: 'oneOf' deprecated - use 'one_of'
    oneThru31 = oneOf(["%.2d" % i for i in range(1, 32)])

.venv/lib/python3.14/site-packages/edtf/parser/grammar.py:59
  /home/runner/work/test-zip-extract-repository/test-zip-extract-repository/workdir/tests/invenio-communities/original/.venv/lib/python3.14/site-packages/edtf/parser/grammar.py:59: PyparsingDeprecationWarning: 'oneOf' deprecated - use 'one_of'
    oneThru59 = oneOf(["%.2d" % i for i in range(1, 60)])

.venv/lib/python3.14/site-packages/edtf/parser/grammar.py:60
  /home/runner/work/test-zip-extract-repository/test-zip-extract-repository/workdir/tests/invenio-communities/original/.venv/lib/python3.14/site-packages/edtf/parser/grammar.py:60: PyparsingDeprecationWarning: 'oneOf' deprecated - use 'one_of'
    zeroThru59 = oneOf(["%.2d" % i for i in range(0, 60)])

.venv/lib/python3.14/site-packages/edtf/parser/grammar.py:63
  /home/runner/work/test-zip-extract-repository/test-zip-extract-repository/workdir/tests/invenio-communities/original/.venv/lib/python3.14/site-packages/edtf/parser/grammar.py:63: PyparsingDeprecationWarning: 'excludeChars' argument is deprecated, use 'exclude_chars'
    positiveDigit = Word(nums, exact=1, excludeChars="0")

.venv/lib/python3.14/site-packages/edtf/parser/grammar.py:73
  /home/runner/work/test-zip-extract-repository/test-zip-extract-repository/workdir/tests/invenio-communities/original/.venv/lib/python3.14/site-packages/edtf/parser/grammar.py:73: PyparsingDeprecationWarning: 'oneOf' deprecated - use 'one_of'
    (oneOf("01 03 05 07 08 10 12")("month") + "-" + oneThru31("day"))

.venv/lib/python3.14/site-packages/edtf/parser/grammar.py:74
  /home/runner/work/test-zip-extract-repository/test-zip-extract-repository/workdir/tests/invenio-communities/original/.venv/lib/python3.14/site-packages/edtf/parser/grammar.py:74: PyparsingDeprecationWarning: 'oneOf' deprecated - use 'one_of'
    ^ (oneOf("04 06 09 11")("month") + "-" + oneThru30("day"))

.venv/lib/python3.14/site-packages/edtf/parser/parser_classes.py:103: 19 warnings
  /home/runner/work/test-zip-extract-repository/test-zip-extract-repository/workdir/tests/invenio-communities/original/.venv/lib/python3.14/site-packages/edtf/parser/parser_classes.py:103: PyparsingDeprecationWarning: 'addParseAction' deprecated - use 'add_parse_action'
    p.addParseAction(cls.parse_action)

.venv/lib/python3.14/site-packages/edtf/parser/grammar.py:119
  /home/runner/work/test-zip-extract-repository/test-zip-extract-repository/workdir/tests/invenio-communities/original/.venv/lib/python3.14/site-packages/edtf/parser/grammar.py:119: PyparsingDeprecationWarning: 'oneOf' deprecated - use 'one_of'
    UASymbol = Combine(oneOf("? ~ %"))

.venv/lib/python3.14/site-packages/edtf/parser/grammar.py:122
  /home/runner/work/test-zip-extract-repository/test-zip-extract-repository/workdir/tests/invenio-communities/original/.venv/lib/python3.14/site-packages/edtf/parser/grammar.py:122: PyparsingDeprecationWarning: 'oneOf' deprecated - use 'one_of'
    seasonNumber = oneOf("21 22 23 24")

.venv/lib/python3.14/site-packages/edtf/parser/grammar.py:155
  /home/runner/work/test-zip-extract-repository/test-zip-extract-repository/workdir/tests/invenio-communities/original/.venv/lib/python3.14/site-packages/edtf/parser/grammar.py:155: PyparsingDeprecationWarning: 'addParseAction' deprecated - use 'add_parse_action'
    l1Start.addParseAction(f)

.venv/lib/python3.14/site-packages/edtf/parser/grammar.py:157
  /home/runner/work/test-zip-extract-repository/test-zip-extract-repository/workdir/tests/invenio-communities/original/.venv/lib/python3.14/site-packages/edtf/parser/grammar.py:157: PyparsingDeprecationWarning: 'addParseAction' deprecated - use 'add_parse_action'
    l1End.addParseAction(f)

.venv/lib/python3.14/site-packages/edtf/parser/grammar.py:199
  /home/runner/work/test-zip-extract-repository/test-zip-extract-repository/workdir/tests/invenio-communities/original/.venv/lib/python3.14/site-packages/edtf/parser/grammar.py:199: PyparsingDeprecationWarning: 'oneOf' deprecated - use 'one_of'
    monthWithX = Combine(oneOf("0X 1X") ^ ("X" + digitOrX))("month")

.venv/lib/python3.14/site-packages/edtf/parser/grammar.py:303
.venv/lib/python3.14/site-packages/edtf/parser/grammar.py:303
  /home/runner/work/test-zip-extract-repository/test-zip-extract-repository/workdir/tests/invenio-communities/original/.venv/lib/python3.14/site-packages/edtf/parser/grammar.py:303: PyparsingDeprecationWarning: 'addParseAction' deprecated - use 'add_parse_action'
    earlier = L("..").addParseAction(f)("lower") + date("upper").addParseAction(f)

.venv/lib/python3.14/site-packages/edtf/parser/grammar.py:304
.venv/lib/python3.14/site-packages/edtf/parser/grammar.py:304
  /home/runner/work/test-zip-extract-repository/test-zip-extract-repository/workdir/tests/invenio-communities/original/.venv/lib/python3.14/site-packages/edtf/parser/grammar.py:304: PyparsingDeprecationWarning: 'addParseAction' deprecated - use 'add_parse_action'
    later = date("lower").addParseAction(f) + L("..").addParseAction(f)("upper")

.venv/lib/python3.14/site-packages/edtf/parser/grammar.py:325
  /home/runner/work/test-zip-extract-repository/test-zip-extract-repository/workdir/tests/invenio-communities/original/.venv/lib/python3.14/site-packages/edtf/parser/grammar.py:325: PyparsingDeprecationWarning: 'oneOf' deprecated - use 'one_of'
    seasonL2Number = oneOf("21 22 23 24 25 26 27 28 29 30 31 32 33 34 35 36 37 38 39 40 41")

.venv/lib/python3.14/site-packages/invenio_vocabularies/config.py:15
  /home/runner/work/test-zip-extract-repository/test-zip-extract-repository/workdir/tests/invenio-communities/original/.venv/lib/python3.14/site-packages/invenio_vocabularies/config.py:15: DeprecationWarning: Implicit imports (e.g., 'import idutils; idutils.function;') might be removed in the next major version. Please use explicit imports (e.g., 'from idutils import function;') instead.
    from idutils import is_doi, is_gnd, is_isni, is_orcid, is_ror, is_url

tests/communities/test_cli.py: 1 warning
tests/communities/test_community_ui_serializer.py: 1 warning
tests/communities/test_components.py: 1 warning
tests/communities/test_parent_community.py: 1 warning
tests/communities/test_permissions.py: 1 warning
tests/communities/test_relations_organizations.py: 1 warning
tests/communities/test_relations_types.py: 1 warning
tests/communities/test_resources.py: 1 warning
tests/communities/test_services.py: 1 warning
tests/communities/test_subcommunities.py: 1 warning
tests/communities/test_tombstone.py: 1 warning
tests/communities/test_ui.py: 1 warning
tests/members/test_members_components.py: 1 warning
tests/members/test_members_no_groups.py: 1 warning
tests/members/test_members_notifications.py: 1 warning
tests/members/test_members_resource.py: 1 warning
tests/members/test_members_services.py: 1 warning
tests/records/test_mockrecords_api.py: 1 warning
tests/test_notifications.py: 1 warning
  /home/runner/work/test-zip-extract-repository/test-zip-extract-repository/workdir/tests/invenio-communities/original/.venv/lib/python3.14/site-packages/invenio_rest/ext.py:29: FutureWarning: CSRF validation will be enabled by default in the version 1.3.x
    self.init_app(app)

tests/communities/test_cli.py: 1 warning
tests/communities/test_community_ui_serializer.py: 1 warning
tests/communities/test_components.py: 1 warning
tests/communities/test_parent_community.py: 1 warning
tests/communities/test_permissions.py: 1 warning
tests/communities/test_relations_organizations.py: 1 warning
tests/communities/test_relations_types.py: 1 warning
tests/communities/test_resources.py: 1 warning
tests/communities/test_services.py: 1 warning
tests/communities/test_subcommunities.py: 1 warning
tests/communities/test_tombstone.py: 1 warning
tests/communities/test_ui.py: 1 warning
tests/members/test_members_components.py: 1 warning
tests/members/test_members_no_groups.py: 1 warning
tests/members/test_members_notifications.py: 1 warning
tests/members/test_members_resource.py: 1 warning
tests/members/test_members_services.py: 1 warning
tests/records/test_mockrecords_api.py: 1 warning
tests/test_notifications.py: 1 warning
  /home/runner/work/test-zip-extract-repository/test-zip-extract-repository/workdir/tests/invenio-communities/original/.venv/lib/python3.14/site-packages/invenio_oaiserver/ext.py:169: UserWarning: Please specify the OAISERVER_ID_PREFIX configuration.default value is: oai:runnervmwffz4:
    warnings.warn(

tests/records/test_mockrecords_api.py::test_record_create_empty
  /home/runner/work/test-zip-extract-repository/test-zip-extract-repository/workdir/tests/invenio-communities/original/.venv/lib/python3.14/site-packages/invenio_search/ext.py:128: UserWarning: OpenSearch v2 mappings files not found, falling back to Elasticsearch v7 mappings for module tests.records.mock_module.mappings. Please add the missing OpenSearch os-v2 mappings.
    warnings.warn(

-- Docs: https://docs.pytest.org/en/stable/how-to/capture-warnings.html
================================ tests coverage ================================
_______________ coverage: platform linux, python 3.14.2-final-0 ________________

Name                                                                             Stmts   Miss  Cover   Missing
--------------------------------------------------------------------------------------------------------------
invenio_communities/__init__.py                                                      4      0   100%
invenio_communities/administration/__init__.py                                       0      0   100%
invenio_communities/administration/communities.py                                   42      1    98%   78
invenio_communities/alembic/02cd82910727_update_role_id_type_upgrade.py             13      5    62%   33-55, 67
invenio_communities/alembic/5b478fe7ef7f_create_featured_communities_table.py       12      2    83%   24, 54
invenio_communities/alembic/5c68d45c80f0_add_deletion_status_to_communities.py      27     18    33%   22-43, 49-62, 67
invenio_communities/alembic/37b21951084c_update_role_id_type_downgrade.py           13      5    62%   22, 27-51
invenio_communities/alembic/72b37bb4119c_create_indeces_for_bucket_id.py            11      4    64%   21-27, 37-40
invenio_communities/alembic/90642d415317_create_communities_branch.py                8      2    75%   20, 25
invenio_communities/alembic/__init__.py                                              0      0   100%
invenio_communities/alembic/a3f5a8635cbb_remove_version_table.py                    22     12    45%   24-40, 48-111
invenio_communities/alembic/c3feb26c7041_change_datetime_types.py                   15      8    47%   25-34, 41-50
invenio_communities/alembic/de9c14cbb0b2_create_communities_tables.py               24     14    42%   25-171, 178-193
invenio_communities/alembic/f701a32e6fbe_create_communities_members_table.py        14      4    71%   24-65, 75-76
invenio_communities/alembic/fbe746957cfc_create_member_tables.py                    36     26    28%   27-147, 157-196
invenio_communities/cache/__init__.py                                                0      0   100%
invenio_communities/cache/cache.py                                                  18      0   100%
invenio_communities/cache/redis.py                                                  29      1    97%   64
invenio_communities/cli.py                                                          76     21    72%   47-49, 56-62, 69-74, 99-100, 108-112, 124-126
invenio_communities/communities/__init__.py                                          3      0   100%
invenio_communities/communities/dumpers/__init__.py                                  0      0   100%
invenio_communities/communities/dumpers/featured.py                                 16      0   100%
invenio_communities/communities/entity_resolvers.py                                 32      9    72%   35-48, 69, 80
invenio_communities/communities/records/__init__.py                                  0      0   100%
invenio_communities/communities/records/api.py                                      45      0   100%
invenio_communities/communities/records/jsonschemas/__init__.py                      0      0   100%
invenio_communities/communities/records/mappings/__init__.py                         0      0   100%
invenio_communities/communities/records/mappings/os-v1/__init__.py                   0      0   100%
invenio_communities/communities/records/mappings/os-v2/__init__.py                   0      0   100%
invenio_communities/communities/records/mappings/v7/__init__.py                      0      0   100%
invenio_communities/communities/records/models.py                                   22      0   100%
invenio_communities/communities/records/systemfields/__init__.py                     0      0   100%
invenio_communities/communities/records/systemfields/access.py                     148     14    91%   136, 148, 154, 159, 170, 182, 194, 240, 264, 284-291, 304
invenio_communities/communities/records/systemfields/children.py                    50      3    94%   31, 74, 77
invenio_communities/communities/records/systemfields/deletion_status.py             59      6    90%   57, 61, 70, 75-78
invenio_communities/communities/records/systemfields/is_verified.py                 11      0   100%
invenio_communities/communities/records/systemfields/parent_community.py            53      2    96%   63-64
invenio_communities/communities/records/systemfields/pidslug.py                     44      3    93%   41, 51, 67
invenio_communities/communities/records/systemfields/tombstone.py                   96      4    96%   44, 140, 146, 178
invenio_communities/communities/resources/__init__.py                                3      0   100%
invenio_communities/communities/resources/args.py                                    5      0   100%
invenio_communities/communities/resources/config.py                                 21      0   100%
invenio_communities/communities/resources/resource.py                               91      6    93%   73-78, 89-96, 162-168
invenio_communities/communities/resources/serializer.py                              5      0   100%
invenio_communities/communities/resources/ui_schema.py                              76     17    78%   35-36, 51-62, 124-128, 135
invenio_communities/communities/schema.py                                          124      0   100%
invenio_communities/communities/services/__init__.py                                 4      0   100%
invenio_communities/communities/services/components.py                             188     10    95%   46, 57, 65, 80, 257, 283-284, 327, 331, 348
invenio_communities/communities/services/config.py                                  52      2    96%   81-85
invenio_communities/communities/services/facets.py                                   6      0   100%
invenio_communities/communities/services/links.py                                   34      1    97%   75
invenio_communities/communities/services/results.py                                 45      4    91%   76, 80, 100, 119
invenio_communities/communities/services/search_params.py                           14      1    93%   27
invenio_communities/communities/services/service.py                                258     21    92%   127, 305-306, 473, 480, 520-547, 634-638, 674-680, 716
invenio_communities/communities/services/sort.py                                    10      2    80%   32-33
invenio_communities/communities/services/uow.py                                     14      0   100%
invenio_communities/config.py                                                       50      0   100%
invenio_communities/errors.py                                                       29      1    97%   66
invenio_communities/ext.py                                                          73     10    86%   138-139, 144-189
invenio_communities/fixtures/__init__.py                                             0      0   100%
invenio_communities/fixtures/demo.py                                                 5      0   100%
invenio_communities/fixtures/tasks.py                                               42     13    69%   38-39, 42-43, 45-50, 76-79
invenio_communities/generators.py                                                  182     25    86%   74, 105-110, 150-151, 219-224, 228-229, 233-234, 254, 258, 281, 291, 295, 309, 365, 379, 397
invenio_communities/members/__init__.py                                              4      0   100%
invenio_communities/members/errors.py                                                3      0   100%
invenio_communities/members/records/__init__.py                                      3      0   100%
invenio_communities/members/records/api.py                                          94      2    98%   98-101
invenio_communities/members/records/mappings/__init__.py                             0      0   100%
invenio_communities/members/records/mappings/os-v1/__init__.py                       0      0   100%
invenio_communities/members/records/mappings/os-v2/__init__.py                       0      0   100%
invenio_communities/members/records/mappings/v7/__init__.py                          0      0   100%
invenio_communities/members/records/models.py                                       55      2    96%   100-101
invenio_communities/members/resources/__init__.py                                    3      0   100%
invenio_communities/members/resources/config.py                                     13      0   100%
invenio_communities/members/resources/resource.py                                   57      0   100%
invenio_communities/members/services/__init__.py                                     3      0   100%
invenio_communities/members/services/components.py                                  45      9    80%   34, 37, 41-48, 69
invenio_communities/members/services/config.py                                      46      0   100%
invenio_communities/members/services/facets.py                                       7      0   100%
invenio_communities/members/services/fields.py                                      22      8    64%   38-45
invenio_communities/members/services/request.py                                     53      0   100%
invenio_communities/members/services/schemas.py                                     82      0   100%
invenio_communities/members/services/service.py                                    239      9    96%   352, 546, 711, 715, 719, 723, 828, 833, 839
invenio_communities/notifications/__init__.py                                        0      0   100%
invenio_communities/notifications/builders.py                                       85      1    99%   309
invenio_communities/notifications/generators.py                                     28      1    96%   51
invenio_communities/permissions.py                                                  49      0   100%
invenio_communities/proxies.py                                                       8      0   100%
invenio_communities/records/__init__.py                                              0      0   100%
invenio_communities/records/records/__init__.py                                      0      0   100%
invenio_communities/records/records/models.py                                       17      0   100%
invenio_communities/records/records/systemfields/__init__.py                         2      0   100%
invenio_communities/records/records/systemfields/communities/__init__.py             0      0   100%
invenio_communities/records/records/systemfields/communities/context.py              4      1    75%   28
invenio_communities/records/records/systemfields/communities/field.py               40     14    65%   59, 64-111, 115-118
invenio_communities/records/records/systemfields/communities/manager.py             99      2    98%   167, 208
invenio_communities/requests/user_moderation/__init__.py                             2      0   100%
invenio_communities/requests/user_moderation/actions.py                             40     28    30%   32-60, 70-85, 95-99, 108-117
invenio_communities/requests/user_moderation/tasks.py                               16      8    50%   19-25, 31-35
invenio_communities/roles.py                                                        61      1    98%   80
invenio_communities/searchapp.py                                                     5      1    80%   18
invenio_communities/subcommunities/__init__.py                                       3      0   100%
invenio_communities/subcommunities/resources/__init__.py                             3      0   100%
invenio_communities/subcommunities/resources/config.py                              20      0   100%
invenio_communities/subcommunities/resources/resource.py                            18      0   100%
invenio_communities/subcommunities/services/__init__.py                              4      0   100%
invenio_communities/subcommunities/services/config.py                               22      0   100%
invenio_communities/subcommunities/services/errors.py                                2      0   100%
invenio_communities/subcommunities/services/request.py                              67     16    76%   50-57, 96-108, 116-128, 137-144, 187, 200
invenio_communities/subcommunities/services/schema.py                               16      1    94%   49
invenio_communities/subcommunities/services/service.py                              62     11    82%   45, 55, 84, 119, 136, 166-175
invenio_communities/tasks.py                                                         5      1    80%   22
invenio_communities/utils.py                                                        55      5    91%   107, 110-113
invenio_communities/views/__init__.py                                                3      0   100%
invenio_communities/views/api.py                                                    11      0   100%
invenio_communities/views/communities.py                                           172    107    38%   169, 179-191, 196, 201, 209-210, 218-219, 231-260, 269-277, 296-309, 329-334, 346-371, 388-392, 404-414, 433-437, 455-459, 471-475, 489-492, 505-509, 522-525, 537-546
invenio_communities/views/decorators.py                                             27     10    63%   28-38, 51-57
invenio_communities/views/template_loader.py                                        24      2    92%   46-47
invenio_communities/views/ui.py                                                     84     34    60%   54, 59-70, 81-84, 89, 100-103, 108-111, 116-123, 243-245, 250-260
invenio_communities/webpack.py                                                       2      0   100%
--------------------------------------------------------------------------------------------------------------
TOTAL                                                                             4059    551    86%
=========== 257 passed, 1 skipped, 82 warnings in 173.59s (0:02:53) ============
 Container docker_services_cli-opensearch-1  Stopping
 Container docker_services_cli-postgresql-1  Stopping
 Container docker_services_cli-redis-1  Stopping
 Container docker_services_cli-redis-1  Stopped
 Container docker_services_cli-redis-1  Removing
 Container docker_services_cli-redis-1  Removed
 Container docker_services_cli-postgresql-1  Stopped
 Container docker_services_cli-postgresql-1  Removing
 Container docker_services_cli-opensearch-1  Stopped
 Container docker_services_cli-opensearch-1  Removing
 Container docker_services_cli-opensearch-1  Removed
 Container docker_services_cli-postgresql-1  Removed
 Network docker_services_cli_default  Removing
 Network docker_services_cli_default  Removed
