running extract_messages
extracting messages from invenio_oaiserver/__init__.py (encoding="utf-8")
extracting messages from invenio_oaiserver/admin.py (encoding="utf-8")
extracting messages from invenio_oaiserver/config.py (encoding="utf-8")
extracting messages from invenio_oaiserver/errors.py (encoding="utf-8")
extracting messages from invenio_oaiserver/ext.py (encoding="utf-8")
extracting messages from invenio_oaiserver/fetchers.py (encoding="utf-8")
extracting messages from invenio_oaiserver/minters.py (encoding="utf-8")
extracting messages from invenio_oaiserver/models.py (encoding="utf-8")
extracting messages from invenio_oaiserver/percolator.py (encoding="utf-8")
extracting messages from invenio_oaiserver/provider.py (encoding="utf-8")
extracting messages from invenio_oaiserver/proxies.py (encoding="utf-8")
extracting messages from invenio_oaiserver/query.py (encoding="utf-8")
extracting messages from invenio_oaiserver/receivers.py (encoding="utf-8")
extracting messages from invenio_oaiserver/response.py (encoding="utf-8")
extracting messages from invenio_oaiserver/resumption_token.py (encoding="utf-8")
extracting messages from invenio_oaiserver/utils.py (encoding="utf-8")
extracting messages from invenio_oaiserver/verbs.py (encoding="utf-8")
extracting messages from invenio_oaiserver/alembic/5d25c1981985_add_system_created_field.py (encoding="utf-8")
extracting messages from invenio_oaiserver/alembic/759d47cbdba7_create_oaiserver_branch.py (encoding="utf-8")
extracting messages from invenio_oaiserver/alembic/e655021de0de_create_oiaserver_tables.py (encoding="utf-8")
extracting messages from invenio_oaiserver/alembic/f9b1e3f7d3b1_change_datetime_types.py (encoding="utf-8")
extracting messages from invenio_oaiserver/schemas/__init__.py (encoding="utf-8")
extracting messages from invenio_oaiserver/search/__init__.py (encoding="utf-8")
extracting messages from invenio_oaiserver/search/component_templates/__init__.py (encoding="utf-8")
extracting messages from invenio_oaiserver/search/component_templates/os-v2/__init__.py (encoding="utf-8")
extracting messages from invenio_oaiserver/search/component_templates/v7/__init__.py (encoding="utf-8")
extracting messages from invenio_oaiserver/views/__init__.py (encoding="utf-8")
extracting messages from invenio_oaiserver/views/server.py (encoding="utf-8")
writing PO template file to /dev/null
 rabbitmq Pulling 
 opensearch Pulling 
 postgresql Pulling 
 20043066d3d5 Pulling fs layer 
 3fadc669ef11 Pulling fs layer 
 7084ac8f4ab6 Pulling fs layer 
 beb0d870d438 Pulling fs layer 
 d63c4408fdb7 Pulling fs layer 
 efa05c660812 Pulling fs layer 
 f4e7f62f4b80 Pulling fs layer 
 5e1c03b67a78 Pulling fs layer 
 14e6209d5fa8 Pulling fs layer 
 d686b50ce172 Pulling fs layer 
 beb0d870d438 Waiting 
 d63c4408fdb7 Waiting 
 f4e7f62f4b80 Waiting 
 efa05c660812 Waiting 
 5e1c03b67a78 Waiting 
 d686b50ce172 Waiting 
 14e6209d5fa8 Waiting 
 f9dd052e142d Pulling fs layer 
 e8c6d4883897 Pulling fs layer 
 648eb81b3252 Pulling fs layer 
 eb77aa907276 Pulling fs layer 
 4f4fb700ef54 Pulling fs layer 
 0ffa8f8aba1e Pulling fs layer 
 f9dd052e142d Waiting 
 2e81b9cb93cd Pulling fs layer 
 e8c6d4883897 Waiting 
 4f4fb700ef54 Waiting 
 648eb81b3252 Waiting 
 eb77aa907276 Waiting 
 0ffa8f8aba1e Waiting 
 2e81b9cb93cd Waiting 
 b0a0cf830b12 Pulling fs layer 
 dda3d8fbd5ed Pulling fs layer 
 283a477db7bb Pulling fs layer 
 91d2729fa4d5 Pulling fs layer 
 dda3d8fbd5ed Waiting 
 9739ced65621 Pulling fs layer 
 ae3bb1b347a4 Pulling fs layer 
 f8406d9c00ea Pulling fs layer 
 b0a0cf830b12 Waiting 
 c199bff16b05 Pulling fs layer 
 e0d55fdb4d15 Pulling fs layer 
 c1cb13b19080 Pulling fs layer 
 873532e5f8c7 Pulling fs layer 
 283a477db7bb Waiting 
 91d2729fa4d5 Waiting 
 ae3bb1b347a4 Waiting 
 f8406d9c00ea Waiting 
 050d9f8c3b1c Pulling fs layer 
 710e142705f8 Pulling fs layer 
 cb628c265f09 Pulling fs layer 
 9739ced65621 Waiting 
 c1cb13b19080 Waiting 
 873532e5f8c7 Waiting 
 050d9f8c3b1c Waiting 
 710e142705f8 Waiting 
 cb628c265f09 Waiting 
 c199bff16b05 Waiting 
 e0d55fdb4d15 Waiting 
 7084ac8f4ab6 Downloading [>                                                  ]  75.62kB/7.468MB
 20043066d3d5 Downloading [>                                                  ]  298.8kB/29.72MB
 3fadc669ef11 Downloading [>                                                  ]  446.3kB/43.48MB
 7084ac8f4ab6 Downloading [===========================================>       ]   6.48MB/7.468MB
 7084ac8f4ab6 Verifying Checksum 
 7084ac8f4ab6 Download complete 
 20043066d3d5 Downloading [=================>                                 ]  10.22MB/29.72MB
 3fadc669ef11 Downloading [================>                                  ]  14.17MB/43.48MB
 20043066d3d5 Verifying Checksum 
 20043066d3d5 Download complete 
 3fadc669ef11 Downloading [=========================================>         ]  35.84MB/43.48MB
 20043066d3d5 Extracting [>                                                  ]  327.7kB/29.72MB
 3fadc669ef11 Verifying Checksum 
 3fadc669ef11 Download complete 
 beb0d870d438 Downloading [===>                                               ]     720B/9.462kB
 beb0d870d438 Downloading [==================================================>]  9.462kB/9.462kB
 beb0d870d438 Verifying Checksum 
 beb0d870d438 Download complete 
 20043066d3d5 Extracting [==========>                                        ]  6.226MB/29.72MB
 20043066d3d5 Extracting [===============>                                   ]  9.503MB/29.72MB
 d63c4408fdb7 Downloading [>                                                  ]  213.7kB/21.31MB
 efa05c660812 Downloading [==================================================>]     189B/189B
 efa05c660812 Verifying Checksum 
 efa05c660812 Download complete 
 20043066d3d5 Extracting [===========================>                       ]  16.06MB/29.72MB
 f4e7f62f4b80 Download complete 
 d63c4408fdb7 Downloading [=========================>                         ]  10.86MB/21.31MB
 d63c4408fdb7 Verifying Checksum 
 d63c4408fdb7 Download complete 
 20043066d3d5 Extracting [=======================================>           ]  23.59MB/29.72MB
 5e1c03b67a78 Download complete 
 20043066d3d5 Extracting [==========================================>        ]  25.56MB/29.72MB
 14e6209d5fa8 Downloading [===========================================>       ]     721B/833B
 14e6209d5fa8 Downloading [==================================================>]     833B/833B
 14e6209d5fa8 Download complete 
 d686b50ce172 Downloading [>                                                  ]  126.6kB/12.47MB
 20043066d3d5 Extracting [===============================================>   ]  28.18MB/29.72MB
 d686b50ce172 Downloading [===========================>                       ]  6.948MB/12.47MB
 d686b50ce172 Verifying Checksum 
 d686b50ce172 Download complete 
 20043066d3d5 Extracting [=================================================> ]  29.49MB/29.72MB
 f9dd052e142d Downloading [>                                                  ]  528.2kB/52.33MB
 e8c6d4883897 Downloading [>                                                  ]  44.88kB/4.398MB
 20043066d3d5 Extracting [==================================================>]  29.72MB/29.72MB
 f9dd052e142d Downloading [================>                                  ]  16.88MB/52.33MB
 20043066d3d5 Pull complete 
 e8c6d4883897 Downloading [===================================>               ]  3.112MB/4.398MB
 3fadc669ef11 Extracting [>                                                  ]  458.8kB/43.48MB
 e8c6d4883897 Verifying Checksum 
 e8c6d4883897 Download complete 
 f9dd052e142d Downloading [=======================================>           ]  41.23MB/52.33MB
 648eb81b3252 Downloading [=======================>                           ]     720B/1.561kB
 648eb81b3252 Downloading [==================================================>]  1.561kB/1.561kB
 648eb81b3252 Verifying Checksum 
 648eb81b3252 Download complete 
 3fadc669ef11 Extracting [==========>                                        ]  8.716MB/43.48MB
 f9dd052e142d Verifying Checksum 
 f9dd052e142d Download complete 
 f9dd052e142d Extracting [>                                                  ]  524.3kB/52.33MB
 3fadc669ef11 Extracting [==================>                                ]  16.52MB/43.48MB
 f9dd052e142d Extracting [=>                                                 ]  1.573MB/52.33MB
 3fadc669ef11 Extracting [===========================>                       ]  24.31MB/43.48MB
 eb77aa907276 Downloading [>                                                  ]  532.5kB/907.7MB
 4f4fb700ef54 Downloading [==================================================>]      32B/32B
 4f4fb700ef54 Download complete 
 0ffa8f8aba1e Downloading [==================================================>]     226B/226B
 0ffa8f8aba1e Verifying Checksum 
 0ffa8f8aba1e Download complete 
 3fadc669ef11 Extracting [==================================>                ]  30.28MB/43.48MB
 f9dd052e142d Extracting [====>                                              ]  4.719MB/52.33MB
 eb77aa907276 Downloading [>                                                  ]  15.04MB/907.7MB
 3fadc669ef11 Extracting [========================================>          ]  35.32MB/43.48MB
 f9dd052e142d Extracting [=====>                                             ]  5.243MB/52.33MB
 eb77aa907276 Downloading [==>                                                ]  39.67MB/907.7MB
 2e81b9cb93cd Downloading [===================>                               ]     708B/1.859kB
 2e81b9cb93cd Downloading [==================================================>]  1.859kB/1.859kB
 2e81b9cb93cd Verifying Checksum 
 2e81b9cb93cd Download complete 
 3fadc669ef11 Extracting [================================================>  ]  42.21MB/43.48MB
 f9dd052e142d Extracting [========>                                          ]  8.913MB/52.33MB
 3fadc669ef11 Extracting [==================================================>]  43.48MB/43.48MB
 eb77aa907276 Downloading [===>                                               ]  64.82MB/907.7MB
 b0a0cf830b12 Downloading [>                                                  ]  299.1kB/29.15MB
 eb77aa907276 Downloading [====>                                              ]  88.88MB/907.7MB
 f9dd052e142d Extracting [=============>                                     ]  13.63MB/52.33MB
 b0a0cf830b12 Downloading [=====================>                             ]  12.44MB/29.15MB
 eb77aa907276 Downloading [======>                                            ]    113MB/907.7MB
 f9dd052e142d Extracting [==================>                                ]   19.4MB/52.33MB
 b0a0cf830b12 Verifying Checksum 
 b0a0cf830b12 Download complete 
 dda3d8fbd5ed Downloading [==============================>                    ]     720B/1.165kB
 dda3d8fbd5ed Downloading [==================================================>]  1.165kB/1.165kB
 dda3d8fbd5ed Verifying Checksum 
 dda3d8fbd5ed Download complete 
 eb77aa907276 Downloading [=======>                                           ]  138.2MB/907.7MB
 f9dd052e142d Extracting [=========================>                         ]  26.21MB/52.33MB
 91d2729fa4d5 Downloading [>                                                  ]  15.73kB/1.45MB
 283a477db7bb Downloading [>                                                  ]  46.24kB/4.533MB
 eb77aa907276 Downloading [=======>                                           ]    143MB/907.7MB
 f9dd052e142d Extracting [=========================>                         ]  26.74MB/52.33MB
 91d2729fa4d5 Verifying Checksum 
 91d2729fa4d5 Download complete 
 eb77aa907276 Downloading [=========>                                         ]  163.4MB/907.7MB
 283a477db7bb Downloading [============>                                      ]  1.089MB/4.533MB
 f9dd052e142d Extracting [===========================>                       ]  28.31MB/52.33MB
 283a477db7bb Verifying Checksum 
 283a477db7bb Download complete 
 b0a0cf830b12 Extracting [>                                                  ]  294.9kB/29.15MB
 eb77aa907276 Downloading [==========>                                        ]    187MB/907.7MB
 b0a0cf830b12 Extracting [=======>                                           ]  4.424MB/29.15MB
 f9dd052e142d Extracting [============================>                      ]  29.36MB/52.33MB
 eb77aa907276 Downloading [===========>                                       ]  211.1MB/907.7MB
 9739ced65621 Downloading [>                                                  ]  84.15kB/8.069MB
 b0a0cf830b12 Extracting [==============>                                    ]  8.552MB/29.15MB
 eb77aa907276 Downloading [============>                                      ]    233MB/907.7MB
 ae3bb1b347a4 Downloading [>                                                  ]  12.99kB/1.196MB
 9739ced65621 Downloading [=====================>                             ]  3.473MB/8.069MB
 f9dd052e142d Extracting [=============================>                     ]  30.41MB/52.33MB
 9739ced65621 Verifying Checksum 
 9739ced65621 Download complete 
 b0a0cf830b12 Extracting [=================>                                 ]  10.32MB/29.15MB
 ae3bb1b347a4 Downloading [==================================================>]  1.196MB/1.196MB
 ae3bb1b347a4 Verifying Checksum 
 ae3bb1b347a4 Download complete 
 eb77aa907276 Downloading [==============>                                    ]    255MB/907.7MB
 b0a0cf830b12 Extracting [========================>                          ]  14.45MB/29.15MB
 eb77aa907276 Downloading [===============>                                   ]  277.5MB/907.7MB
 f9dd052e142d Extracting [===============================>                   ]  33.03MB/52.33MB
 b0a0cf830b12 Extracting [===================================>               ]  20.64MB/29.15MB
 eb77aa907276 Downloading [================>                                  ]  299.4MB/907.7MB
 f8406d9c00ea Downloading [==================================================>]     116B/116B
 f8406d9c00ea Download complete 
 c199bff16b05 Downloading [===========>                                       ]     719B/3.145kB
 c199bff16b05 Downloading [==================================================>]  3.145kB/3.145kB
 c199bff16b05 Verifying Checksum 
 c199bff16b05 Download complete 
 f9dd052e142d Extracting [=================================>                 ]   34.6MB/52.33MB
 b0a0cf830b12 Extracting [=========================================>         ]  24.48MB/29.15MB
 eb77aa907276 Downloading [=================>                                 ]  321.3MB/907.7MB
 eb77aa907276 Downloading [==================>                                ]  342.7MB/907.7MB
 f9dd052e142d Extracting [==================================>                ]  36.18MB/52.33MB
 eb77aa907276 Downloading [===================>                               ]  358.7MB/907.7MB
 c1cb13b19080 Downloading [===>                                               ]     688B/9.925kB
 c1cb13b19080 Downloading [==================================================>]  9.925kB/9.925kB
 c1cb13b19080 Verifying Checksum 
 c1cb13b19080 Download complete 
 e0d55fdb4d15 Downloading [>                                                  ]  528.2kB/109MB
 f9dd052e142d Extracting [===================================>               ]   36.7MB/52.33MB
 eb77aa907276 Downloading [=====================>                             ]  381.2MB/907.7MB
 e0d55fdb4d15 Downloading [====>                                              ]  9.118MB/109MB
 eb77aa907276 Downloading [======================>                            ]  404.8MB/907.7MB
 b0a0cf830b12 Extracting [==========================================>        ]  24.77MB/29.15MB
 f9dd052e142d Extracting [====================================>              ]  37.75MB/52.33MB
 e0d55fdb4d15 Downloading [==============>                                    ]  32.08MB/109MB
 eb77aa907276 Downloading [=======================>                           ]  425.1MB/907.7MB
 873532e5f8c7 Downloading [==================================================>]     128B/128B
 873532e5f8c7 Verifying Checksum 
 873532e5f8c7 Download complete 
 b0a0cf830b12 Extracting [==============================================>    ]  26.84MB/29.15MB
 f9dd052e142d Extracting [======================================>            ]  39.85MB/52.33MB
 e0d55fdb4d15 Downloading [========================>                          ]  52.46MB/109MB
 eb77aa907276 Downloading [========================>                          ]  447.6MB/907.7MB
 e0d55fdb4d15 Downloading [==================================>                ]  75.91MB/109MB
 eb77aa907276 Downloading [=========================>                         ]    468MB/907.7MB
 f9dd052e142d Extracting [======================================>            ]  40.37MB/52.33MB
 b0a0cf830b12 Extracting [===============================================>   ]  27.72MB/29.15MB
 050d9f8c3b1c Downloading [==================================================>]     169B/169B
 050d9f8c3b1c Verifying Checksum 
 050d9f8c3b1c Download complete 
 e0d55fdb4d15 Downloading [=============================================>     ]   99.4MB/109MB
 eb77aa907276 Downloading [==========================>                        ]  489.9MB/907.7MB
 e0d55fdb4d15 Verifying Checksum 
 e0d55fdb4d15 Download complete 
 f9dd052e142d Extracting [========================================>          ]  42.47MB/52.33MB
 eb77aa907276 Downloading [============================>                      ]  508.7MB/907.7MB
 710e142705f8 Downloading [======>                                            ]     720B/5.421kB
 710e142705f8 Downloading [==================================================>]  5.421kB/5.421kB
 710e142705f8 Verifying Checksum 
 710e142705f8 Download complete 
 f9dd052e142d Extracting [==========================================>        ]  44.04MB/52.33MB
 eb77aa907276 Downloading [=============================>                     ]  527.4MB/907.7MB
 cb628c265f09 Downloading [==================================================>]     184B/184B
 cb628c265f09 Verifying Checksum 
 cb628c265f09 Download complete 
 eb77aa907276 Downloading [==============================>                    ]  548.8MB/907.7MB
 f9dd052e142d Extracting [============================================>      ]  46.66MB/52.33MB
 3fadc669ef11 Pull complete 
 7084ac8f4ab6 Extracting [>                                                  ]   98.3kB/7.468MB
 eb77aa907276 Downloading [===============================>                   ]  574.5MB/907.7MB
 f9dd052e142d Extracting [==============================================>    ]  48.23MB/52.33MB
 7084ac8f4ab6 Extracting [===========>                                       ]  1.671MB/7.468MB
 b0a0cf830b12 Extracting [================================================>  ]  28.31MB/29.15MB
 eb77aa907276 Downloading [================================>                  ]    598MB/907.7MB
 7084ac8f4ab6 Extracting [========================================>          ]  5.997MB/7.468MB
 7084ac8f4ab6 Extracting [==================================================>]  7.468MB/7.468MB
 eb77aa907276 Downloading [==================================>                ]  618.4MB/907.7MB
 b0a0cf830b12 Extracting [==================================================>]  29.15MB/29.15MB
 eb77aa907276 Downloading [===================================>               ]  638.7MB/907.7MB
 eb77aa907276 Downloading [====================================>              ]  659.6MB/907.7MB
 eb77aa907276 Downloading [=====================================>             ]    681MB/907.7MB
 f9dd052e142d Extracting [=================================================> ]  51.38MB/52.33MB
 eb77aa907276 Downloading [======================================>            ]  695.5MB/907.7MB
 eb77aa907276 Downloading [======================================>            ]  699.2MB/907.7MB
 b0a0cf830b12 Pull complete 
 eb77aa907276 Downloading [======================================>            ]  703.5MB/907.7MB
 eb77aa907276 Downloading [=======================================>           ]  713.1MB/907.7MB
 dda3d8fbd5ed Extracting [==================================================>]  1.165kB/1.165kB
 dda3d8fbd5ed Extracting [==================================================>]  1.165kB/1.165kB
 eb77aa907276 Downloading [========================================>          ]  726.5MB/907.7MB
 eb77aa907276 Downloading [=========================================>         ]  751.1MB/907.7MB
 f9dd052e142d Extracting [=================================================> ]   51.9MB/52.33MB
 eb77aa907276 Downloading [==========================================>        ]  762.8MB/907.7MB
 f9dd052e142d Extracting [==================================================>]  52.33MB/52.33MB
 f9dd052e142d Pull complete 
 e8c6d4883897 Extracting [>                                                  ]  65.54kB/4.398MB
 eb77aa907276 Downloading [==========================================>        ]    780MB/907.7MB
 e8c6d4883897 Extracting [==>                                                ]  262.1kB/4.398MB
 eb77aa907276 Downloading [===========================================>       ]  786.4MB/907.7MB
 e8c6d4883897 Extracting [=========>                                         ]    852kB/4.398MB
 eb77aa907276 Downloading [===========================================>       ]  794.9MB/907.7MB
 eb77aa907276 Downloading [============================================>      ]  801.4MB/907.7MB
 eb77aa907276 Downloading [============================================>      ]  805.1MB/907.7MB
 eb77aa907276 Downloading [============================================>      ]  814.3MB/907.7MB
 e8c6d4883897 Extracting [==============>                                    ]  1.311MB/4.398MB
 dda3d8fbd5ed Pull complete 
 7084ac8f4ab6 Pull complete 
 283a477db7bb Extracting [>                                                  ]  65.54kB/4.533MB
 beb0d870d438 Extracting [==================================================>]  9.462kB/9.462kB
 beb0d870d438 Extracting [==================================================>]  9.462kB/9.462kB
 beb0d870d438 Pull complete 
 eb77aa907276 Downloading [=============================================>     ]  831.5MB/907.7MB
 e8c6d4883897 Extracting [============================>                      ]   2.49MB/4.398MB
 d63c4408fdb7 Extracting [>                                                  ]  229.4kB/21.31MB
 283a477db7bb Extracting [=======================================>           ]  3.539MB/4.533MB
 283a477db7bb Extracting [==================================================>]  4.533MB/4.533MB
 eb77aa907276 Downloading [==============================================>    ]  850.3MB/907.7MB
 d63c4408fdb7 Extracting [======>                                            ]  2.982MB/21.31MB
 e8c6d4883897 Extracting [=====================================>             ]  3.277MB/4.398MB
 283a477db7bb Pull complete 
 91d2729fa4d5 Extracting [=>                                                 ]  32.77kB/1.45MB
 eb77aa907276 Downloading [================================================>  ]  872.8MB/907.7MB
 91d2729fa4d5 Extracting [==================================================>]   1.45MB/1.45MB
 d63c4408fdb7 Extracting [==============>                                    ]  6.193MB/21.31MB
 e8c6d4883897 Extracting [========================================>          ]  3.539MB/4.398MB
 91d2729fa4d5 Pull complete 
 9739ced65621 Extracting [>                                                  ]   98.3kB/8.069MB
 e8c6d4883897 Extracting [==================================================>]  4.398MB/4.398MB
 e8c6d4883897 Pull complete 
 648eb81b3252 Extracting [==================================================>]  1.561kB/1.561kB
 648eb81b3252 Extracting [==================================================>]  1.561kB/1.561kB
 eb77aa907276 Downloading [=================================================> ]  896.9MB/907.7MB
 d63c4408fdb7 Extracting [===================>                               ]  8.487MB/21.31MB
 648eb81b3252 Pull complete 
 eb77aa907276 Verifying Checksum 
 eb77aa907276 Download complete 
 9739ced65621 Extracting [==================>                                ]  3.047MB/8.069MB
 eb77aa907276 Extracting [>                                                  ]  557.1kB/907.7MB
 d63c4408fdb7 Extracting [==========================>                        ]  11.47MB/21.31MB
 9739ced65621 Extracting [=============================>                     ]  4.719MB/8.069MB
 eb77aa907276 Extracting [>                                                  ]  17.27MB/907.7MB
 d63c4408fdb7 Extracting [=================================>                 ]  14.45MB/21.31MB
 9739ced65621 Extracting [=====================================>             ]  6.095MB/8.069MB
 eb77aa907276 Extracting [=>                                                 ]  33.98MB/907.7MB
 d63c4408fdb7 Extracting [=====================================>             ]  15.83MB/21.31MB
 9739ced65621 Extracting [==================================================>]  8.069MB/8.069MB
 eb77aa907276 Extracting [==>                                                ]  49.02MB/907.7MB
 9739ced65621 Pull complete 
 ae3bb1b347a4 Extracting [=>                                                 ]  32.77kB/1.196MB
 d63c4408fdb7 Extracting [========================================>          ]   17.2MB/21.31MB
 ae3bb1b347a4 Extracting [==================================================>]  1.196MB/1.196MB
 ae3bb1b347a4 Extracting [==================================================>]  1.196MB/1.196MB
 eb77aa907276 Extracting [===>                                               ]  65.73MB/907.7MB
 d63c4408fdb7 Extracting [===========================================>       ]  18.58MB/21.31MB
 ae3bb1b347a4 Pull complete 
 f8406d9c00ea Extracting [==================================================>]     116B/116B
 f8406d9c00ea Extracting [==================================================>]     116B/116B
 f8406d9c00ea Pull complete 
 c199bff16b05 Extracting [==================================================>]  3.145kB/3.145kB
 c199bff16b05 Extracting [==================================================>]  3.145kB/3.145kB
 c199bff16b05 Pull complete 
 eb77aa907276 Extracting [====>                                              ]  80.77MB/907.7MB
 e0d55fdb4d15 Extracting [>                                                  ]  557.1kB/109MB
 eb77aa907276 Extracting [====>                                              ]  85.23MB/907.7MB
 e0d55fdb4d15 Extracting [==>                                                ]  6.128MB/109MB
 eb77aa907276 Extracting [=====>                                             ]  93.03MB/907.7MB
 d63c4408fdb7 Extracting [================================================>  ]  20.87MB/21.31MB
 d63c4408fdb7 Extracting [==================================================>]  21.31MB/21.31MB
 e0d55fdb4d15 Extracting [====>                                              ]  8.913MB/109MB
 eb77aa907276 Extracting [=====>                                             ]  99.16MB/907.7MB
 d63c4408fdb7 Pull complete 
 efa05c660812 Extracting [==================================================>]     189B/189B
 efa05c660812 Extracting [==================================================>]     189B/189B
 efa05c660812 Pull complete 
 f4e7f62f4b80 Extracting [==================================================>]     109B/109B
 f4e7f62f4b80 Extracting [==================================================>]     109B/109B
 f4e7f62f4b80 Pull complete 
 5e1c03b67a78 Extracting [==================================================>]     620B/620B
 5e1c03b67a78 Extracting [==================================================>]     620B/620B
 5e1c03b67a78 Pull complete 
 14e6209d5fa8 Extracting [==================================================>]     833B/833B
 14e6209d5fa8 Extracting [==================================================>]     833B/833B
 e0d55fdb4d15 Extracting [=====>                                             ]   11.7MB/109MB
 eb77aa907276 Extracting [=====>                                             ]  104.7MB/907.7MB
 14e6209d5fa8 Pull complete 
 d686b50ce172 Extracting [>                                                  ]  131.1kB/12.47MB
 e0d55fdb4d15 Extracting [======>                                            ]  14.48MB/109MB
 eb77aa907276 Extracting [======>                                            ]  111.4MB/907.7MB
 d686b50ce172 Extracting [===============>                                   ]  3.801MB/12.47MB
 e0d55fdb4d15 Extracting [=======>                                           ]  17.27MB/109MB
 eb77aa907276 Extracting [======>                                            ]  118.1MB/907.7MB
 d686b50ce172 Extracting [=======================>                           ]  5.898MB/12.47MB
 eb77aa907276 Extracting [======>                                            ]  124.8MB/907.7MB
 e0d55fdb4d15 Extracting [=========>                                         ]  21.73MB/109MB
 d686b50ce172 Extracting [==========================>                        ]  6.685MB/12.47MB
 eb77aa907276 Extracting [=======>                                           ]  130.9MB/907.7MB
 e0d55fdb4d15 Extracting [===========>                                       ]  25.07MB/109MB
 d686b50ce172 Extracting [================================>                  ]  7.995MB/12.47MB
 eb77aa907276 Extracting [=======>                                           ]  136.5MB/907.7MB
 e0d55fdb4d15 Extracting [=============>                                     ]  29.52MB/109MB
 d686b50ce172 Extracting [=======================================>           ]   9.83MB/12.47MB
 e0d55fdb4d15 Extracting [================>                                  ]  36.77MB/109MB
 eb77aa907276 Extracting [=======>                                           ]  141.5MB/907.7MB
 d686b50ce172 Extracting [===========================================>       ]  10.75MB/12.47MB
 e0d55fdb4d15 Extracting [===================>                               ]  43.45MB/109MB
 eb77aa907276 Extracting [========>                                          ]  146.5MB/907.7MB
 d686b50ce172 Extracting [=================================================> ]  12.45MB/12.47MB
 d686b50ce172 Extracting [==================================================>]  12.47MB/12.47MB
 e0d55fdb4d15 Extracting [=======================>                           ]  50.69MB/109MB
 eb77aa907276 Extracting [========>                                          ]  152.1MB/907.7MB
 e0d55fdb4d15 Extracting [========================>                          ]  53.48MB/109MB
 eb77aa907276 Extracting [========>                                          ]  158.2MB/907.7MB
 e0d55fdb4d15 Extracting [==========================>                        ]  57.38MB/109MB
 eb77aa907276 Extracting [=========>                                         ]  171.6MB/907.7MB
 eb77aa907276 Extracting [==========>                                        ]  187.7MB/907.7MB
 e0d55fdb4d15 Extracting [===========================>                       ]  59.05MB/109MB
 eb77aa907276 Extracting [===========>                                       ]    205MB/907.7MB
 e0d55fdb4d15 Extracting [==============================>                    ]  66.29MB/109MB
 eb77aa907276 Extracting [===========>                                       ]    215MB/907.7MB
 e0d55fdb4d15 Extracting [=================================>                 ]  74.09MB/109MB
 d686b50ce172 Pull complete 
 rabbitmq Pulled 
 eb77aa907276 Extracting [============>                                      ]  225.6MB/907.7MB
 e0d55fdb4d15 Extracting [=====================================>             ]  81.33MB/109MB
 eb77aa907276 Extracting [============>                                      ]    234MB/907.7MB
 e0d55fdb4d15 Extracting [=========================================>         ]  89.69MB/109MB
 eb77aa907276 Extracting [=============>                                     ]  242.3MB/907.7MB
 e0d55fdb4d15 Extracting [==========================================>        ]  93.03MB/109MB
 eb77aa907276 Extracting [==============>                                    ]  255.7MB/907.7MB
 e0d55fdb4d15 Extracting [============================================>      ]  96.93MB/109MB
 eb77aa907276 Extracting [===============>                                   ]  274.6MB/907.7MB
 e0d55fdb4d15 Extracting [=============================================>     ]  99.71MB/109MB
 eb77aa907276 Extracting [================>                                  ]  295.2MB/907.7MB
 eb77aa907276 Extracting [=================>                                 ]  312.5MB/907.7MB
 e0d55fdb4d15 Extracting [===============================================>   ]  103.1MB/109MB
 eb77aa907276 Extracting [==================>                                ]  330.9MB/907.7MB
 e0d55fdb4d15 Extracting [===============================================>   ]  104.2MB/109MB
 eb77aa907276 Extracting [===================>                               ]  348.7MB/907.7MB
 e0d55fdb4d15 Extracting [================================================>  ]  105.8MB/109MB
 eb77aa907276 Extracting [===================>                               ]    361MB/907.7MB
 eb77aa907276 Extracting [====================>                              ]  367.7MB/907.7MB
 eb77aa907276 Extracting [====================>                              ]  374.3MB/907.7MB
 e0d55fdb4d15 Extracting [=================================================> ]  107.5MB/109MB
 eb77aa907276 Extracting [=====================>                             ]  393.3MB/907.7MB
 e0d55fdb4d15 Extracting [=================================================> ]  108.6MB/109MB
 eb77aa907276 Extracting [======================>                            ]  412.8MB/907.7MB
 e0d55fdb4d15 Extracting [==================================================>]    109MB/109MB
 eb77aa907276 Extracting [=======================>                           ]  435.1MB/907.7MB
 eb77aa907276 Extracting [=========================>                         ]  463.5MB/907.7MB
 eb77aa907276 Extracting [===========================>                       ]  490.8MB/907.7MB
 eb77aa907276 Extracting [============================>                      ]  519.2MB/907.7MB
 eb77aa907276 Extracting [==============================>                    ]  545.4MB/907.7MB
 eb77aa907276 Extracting [===============================>                   ]  573.2MB/907.7MB
 eb77aa907276 Extracting [===============================>                   ]    576MB/907.7MB
 eb77aa907276 Extracting [=================================>                 ]  599.9MB/907.7MB
 eb77aa907276 Extracting [==================================>                ]  624.5MB/907.7MB
 eb77aa907276 Extracting [===================================>               ]  651.2MB/907.7MB
 eb77aa907276 Extracting [=====================================>             ]  679.1MB/907.7MB
 eb77aa907276 Extracting [======================================>            ]  706.9MB/907.7MB
 eb77aa907276 Extracting [========================================>          ]  731.4MB/907.7MB
 eb77aa907276 Extracting [=========================================>         ]  752.6MB/907.7MB
 e0d55fdb4d15 Pull complete 
 c1cb13b19080 Extracting [==================================================>]  9.925kB/9.925kB
 c1cb13b19080 Extracting [==================================================>]  9.925kB/9.925kB
 eb77aa907276 Extracting [==========================================>        ]  772.6MB/907.7MB
 eb77aa907276 Extracting [===========================================>       ]  792.7MB/907.7MB
 eb77aa907276 Extracting [============================================>      ]  801.6MB/907.7MB
 eb77aa907276 Extracting [=============================================>     ]  821.7MB/907.7MB
 c1cb13b19080 Pull complete 
 873532e5f8c7 Extracting [==================================================>]     128B/128B
 873532e5f8c7 Extracting [==================================================>]     128B/128B
 eb77aa907276 Extracting [==============================================>    ]  835.6MB/907.7MB
 873532e5f8c7 Pull complete 
 050d9f8c3b1c Extracting [==================================================>]     169B/169B
 050d9f8c3b1c Extracting [==================================================>]     169B/169B
 050d9f8c3b1c Pull complete 
 710e142705f8 Extracting [==================================================>]  5.421kB/5.421kB
 710e142705f8 Extracting [==================================================>]  5.421kB/5.421kB
 710e142705f8 Pull complete 
 cb628c265f09 Extracting [==================================================>]     184B/184B
 cb628c265f09 Extracting [==================================================>]     184B/184B
 cb628c265f09 Pull complete 
 postgresql Pulled 
 eb77aa907276 Extracting [===============================================>   ]    854MB/907.7MB
 eb77aa907276 Extracting [================================================>  ]  875.1MB/907.7MB
 eb77aa907276 Extracting [=================================================> ]  897.4MB/907.7MB
 eb77aa907276 Extracting [==================================================>]  907.7MB/907.7MB
 eb77aa907276 Pull complete 
 4f4fb700ef54 Extracting [==================================================>]      32B/32B
 4f4fb700ef54 Extracting [==================================================>]      32B/32B
 4f4fb700ef54 Pull complete 
 0ffa8f8aba1e Extracting [==================================================>]     226B/226B
 0ffa8f8aba1e Extracting [==================================================>]     226B/226B
 0ffa8f8aba1e Pull complete 
 2e81b9cb93cd Extracting [==================================================>]  1.859kB/1.859kB
 2e81b9cb93cd Extracting [==================================================>]  1.859kB/1.859kB
 2e81b9cb93cd Pull complete 
 opensearch Pulled 
 Network docker_services_cli_default  Creating
 Network docker_services_cli_default  Created
 Container docker_services_cli-postgresql-1  Creating
 Container docker_services_cli-rabbitmq-1  Creating
 Container docker_services_cli-opensearch-1  Creating
 Container docker_services_cli-rabbitmq-1  Created
 Container docker_services_cli-opensearch-1  Created
 Container docker_services_cli-postgresql-1  Created
 Container docker_services_cli-rabbitmq-1  Starting
 Container docker_services_cli-opensearch-1  Starting
 Container docker_services_cli-postgresql-1  Starting
 Container docker_services_cli-postgresql-1  Started
 Container docker_services_cli-rabbitmq-1  Started
 Container docker_services_cli-opensearch-1  Started
::warning file=/home/runner/work/test-zip-extract-repository/test-zip-extract-repository/workdir/tests/invenio-oaiserver/original/.venv/lib/python3.14/site-packages/webargs/compat.py,line=8::The '__version__' attribute is deprecated and will be removed in in a future version. Use feature detection or 'importlib.metadata.version("marshmallow")' instead.
::warning file=/home/runner/work/test-zip-extract-repository/test-zip-extract-repository/workdir/tests/invenio-oaiserver/original/.venv/lib/python3.14/site-packages/webargs/compat.py,line=8::distutils Version classes are deprecated. Use packaging.version instead.
::warning file=/home/runner/work/test-zip-extract-repository/test-zip-extract-repository/workdir/tests/invenio-oaiserver/original/.venv/lib/python3.14/site-packages/webargs/__init__.py,line=13::distutils Version classes are deprecated. Use packaging.version instead.
============================= test session starts ==============================
platform linux -- Python 3.14.2, pytest-8.4.2, pluggy-1.6.0
rootdir: /home/runner/work/test-zip-extract-repository/test-zip-extract-repository/workdir/tests/invenio-oaiserver/original
configfile: setup.cfg
testpaths: tests, invenio_oaiserver
plugins: github-actions-annotate-failures-0.3.0, black-0.6.0, pycodestyle-2.5.0, flask-1.3.0, isort-4.0.0, cov-7.0.0, invenio-4.0.0, pydocstyle-2.4.0
collected 34 items
::warning file=/home/runner/work/test-zip-extract-repository/test-zip-extract-repository/workdir/tests/invenio-oaiserver/original/.venv/lib/python3.14/site-packages/flask_admin/contrib/__init__.py,line=2::pkg_resources is deprecated as an API. See https://setuptools.pypa.io/en/latest/pkg_resources.html. The pkg_resources package is slated for removal as early as 2025-11-30. Refrain from using this package or pin to Setuptools<81.
::warning file=/home/runner/work/test-zip-extract-repository/test-zip-extract-repository/workdir/tests/invenio-oaiserver/original/.venv/lib/python3.14/site-packages/pkg_resources/__init__.py,line=3148::Deprecated call to `pkg_resources.declare_namespace('sphinxcontrib')`.%0AImplementing implicit namespace packages (as specified in PEP 420) is preferred to `pkg_resources.declare_namespace`. See https://setuptools.pypa.io/en/latest/references/keywords.html#keyword-namespace-packages
::warning file=/home/runner/work/test-zip-extract-repository/test-zip-extract-repository/workdir/tests/invenio-oaiserver/original/.venv/lib/python3.14/site-packages/flask_admin/contrib/__init__.py,line=2::Deprecated call to `pkg_resources.declare_namespace('flask_admin.contrib')`.%0AImplementing implicit namespace packages (as specified in PEP 420) is preferred to `pkg_resources.declare_namespace`. See https://setuptools.pypa.io/en/latest/references/keywords.html#keyword-namespace-packages
::warning file=/home/runner/work/test-zip-extract-repository/test-zip-extract-repository/workdir/tests/invenio-oaiserver/original/.venv/lib/python3.14/site-packages/pkg_resources/__init__.py,line=2560::Deprecated call to `pkg_resources.declare_namespace('flask_admin')`.%0AImplementing implicit namespace packages (as specified in PEP 420) is preferred to `pkg_resources.declare_namespace`. See https://setuptools.pypa.io/en/latest/references/keywords.html#keyword-namespace-packages

tests/test_admin.py .::warning file=/home/runner/work/test-zip-extract-repository/test-zip-extract-repository/workdir/tests/invenio-oaiserver/original/.venv/lib/python3.14/site-packages/flask_admin/contrib/sqla/view.py,line=1119::The Query.get() method is considered legacy as of the 1.x series of SQLAlchemy and becomes a legacy construct in 2.0. The method is now available as Session.get() (deprecated since: 2.0)
                                                    [  2%]
tests/test_app.py ..                                                     [  8%]
tests/test_invenio_oaiserver.py ..::warning file=/home/runner/work/test-zip-extract-repository/test-zip-extract-repository/workdir/tests/invenio-oaiserver/original/invenio_oaiserver/ext.py,line=169::Please specify the OAISERVER_ID_PREFIX configuration.default value is: oai:runnervmwffz4:
...s                                   [ 26%]
tests/test_percolator.py ..::warning file=/home/runner/work/test-zip-extract-repository/test-zip-extract-repository/workdir/tests/invenio-oaiserver/original/.venv/lib/python3.14/site-packages/invenio_records/api.py,line=334::nested transaction already deassociated from connection
.::warning file=/home/runner/work/test-zip-extract-repository/test-zip-extract-repository/workdir/tests/invenio-oaiserver/original/.venv/lib/python3.14/site-packages/invenio_records/api.py,line=334::nested transaction already deassociated from connection
.::warning file=/home/runner/work/test-zip-extract-repository/test-zip-extract-repository/workdir/tests/invenio-oaiserver/original/.venv/lib/python3.14/site-packages/invenio_records/api.py,line=334::nested transaction already deassociated from connection
                                            [ 38%]
tests/test_verbs.py ....::warning file=/home/runner/work/test-zip-extract-repository/test-zip-extract-repository/workdir/tests/invenio-oaiserver/original/.venv/lib/python3.14/site-packages/invenio_records/api.py,line=334::nested transaction already deassociated from connection
.::warning file=/home/runner/work/test-zip-extract-repository/test-zip-extract-repository/workdir/tests/invenio-oaiserver/original/.venv/lib/python3.14/site-packages/invenio_records/api.py,line=334::nested transaction already deassociated from connection
::warning file=/home/runner/work/test-zip-extract-repository/test-zip-extract-repository/workdir/tests/invenio-oaiserver/original/tests/test_verbs.py,line=263::nested transaction already deassociated from connection
....::warning file=/home/runner/work/test-zip-extract-repository/test-zip-extract-repository/workdir/tests/invenio-oaiserver/original/.venv/lib/python3.14/site-packages/invenio_records/api.py,line=334::nested transaction already deassociated from connection
::warning file=/home/runner/work/test-zip-extract-repository/test-zip-extract-repository/workdir/tests/invenio-oaiserver/original/tests/test_verbs.py,line=366::nested transaction already deassociated from connection
.......::warning file=/home/runner/work/test-zip-extract-repository/test-zip-extract-repository/workdir/tests/invenio-oaiserver/original/.venv/lib/python3.14/site-packages/invenio_records/api.py,line=334::nested transaction already deassociated from connection
::warning file=/home/runner/work/test-zip-extract-repository/test-zip-extract-repository/workdir/tests/invenio-oaiserver/original/tests/test_verbs.py,line=600::nested transaction already deassociated from connection
::warning file=/home/runner/work/test-zip-extract-repository/test-zip-extract-repository/workdir/tests/invenio-oaiserver/original/invenio_oaiserver/resumption_token.py,line=43::Schema().dump().data and Schema().dump().errors as well as Schema().load().data and Schema().loads().dataattributes are deprecated in marshmallow v3.x.
::warning file=/home/runner/work/test-zip-extract-repository/test-zip-extract-repository/workdir/tests/invenio-oaiserver/original/invenio_oaiserver/resumption_token.py,line=69::Schema().dump().data and Schema().dump().errors as well as Schema().load().data and Schema().loads().dataattributes are deprecated in marshmallow v3.x.
::warning file=/home/runner/work/test-zip-extract-repository/test-zip-extract-repository/workdir/tests/invenio-oaiserver/original/invenio_oaiserver/resumption_token.py,line=83::Schema().dump().data and Schema().dump().errors as well as Schema().load().data and Schema().loads().dataattributes are deprecated in marshmallow v3.x.
::warning file=/home/runner/work/test-zip-extract-repository/test-zip-extract-repository/workdir/tests/invenio-oaiserver/original/invenio_oaiserver/resumption_token.py,line=84::Schema().dump().data and Schema().dump().errors as well as Schema().load().data and Schema().loads().dataattributes are deprecated in marshmallow v3.x.
::warning file=/home/runner/work/test-zip-extract-repository/test-zip-extract-repository/workdir/tests/invenio-oaiserver/original/invenio_oaiserver/resumption_token.py,line=43::Schema().dump().data and Schema().dump().errors as well as Schema().load().data and Schema().loads().dataattributes are deprecated in marshmallow v3.x.
::warning file=/home/runner/work/test-zip-extract-repository/test-zip-extract-repository/workdir/tests/invenio-oaiserver/original/invenio_oaiserver/resumption_token.py,line=69::Schema().dump().data and Schema().dump().errors as well as Schema().load().data and Schema().loads().dataattributes are deprecated in marshmallow v3.x.
::warning file=/home/runner/work/test-zip-extract-repository/test-zip-extract-repository/workdir/tests/invenio-oaiserver/original/invenio_oaiserver/resumption_token.py,line=83::Schema().dump().data and Schema().dump().errors as well as Schema().load().data and Schema().loads().dataattributes are deprecated in marshmallow v3.x.
::warning file=/home/runner/work/test-zip-extract-repository/test-zip-extract-repository/workdir/tests/invenio-oaiserver/original/invenio_oaiserver/resumption_token.py,line=84::Schema().dump().data and Schema().dump().errors as well as Schema().load().data and Schema().loads().dataattributes are deprecated in marshmallow v3.x.
::warning file=/home/runner/work/test-zip-extract-repository/test-zip-extract-repository/workdir/tests/invenio-oaiserver/original/invenio_oaiserver/resumption_token.py,line=43::Schema().dump().data and Schema().dump().errors as well as Schema().load().data and Schema().loads().dataattributes are deprecated in marshmallow v3.x.
::warning file=/home/runner/work/test-zip-extract-repository/test-zip-extract-repository/workdir/tests/invenio-oaiserver/original/invenio_oaiserver/resumption_token.py,line=69::Schema().dump().data and Schema().dump().errors as well as Schema().load().data and Schema().loads().dataattributes are deprecated in marshmallow v3.x.
::warning file=/home/runner/work/test-zip-extract-repository/test-zip-extract-repository/workdir/tests/invenio-oaiserver/original/invenio_oaiserver/resumption_token.py,line=83::Schema().dump().data and Schema().dump().errors as well as Schema().load().data and Schema().loads().dataattributes are deprecated in marshmallow v3.x.
::warning file=/home/runner/work/test-zip-extract-repository/test-zip-extract-repository/workdir/tests/invenio-oaiserver/original/invenio_oaiserver/resumption_token.py,line=84::Schema().dump().data and Schema().dump().errors as well as Schema().load().data and Schema().loads().dataattributes are deprecated in marshmallow v3.x.
::warning file=/home/runner/work/test-zip-extract-repository/test-zip-extract-repository/workdir/tests/invenio-oaiserver/original/invenio_oaiserver/resumption_token.py,line=43::Schema().dump().data and Schema().dump().errors as well as Schema().load().data and Schema().loads().dataattributes are deprecated in marshmallow v3.x.
::warning file=/home/runner/work/test-zip-extract-repository/test-zip-extract-repository/workdir/tests/invenio-oaiserver/original/invenio_oaiserver/resumption_token.py,line=69::Schema().dump().data and Schema().dump().errors as well as Schema().load().data and Schema().loads().dataattributes are deprecated in marshmallow v3.x.
::warning file=/home/runner/work/test-zip-extract-repository/test-zip-extract-repository/workdir/tests/invenio-oaiserver/original/invenio_oaiserver/resumption_token.py,line=83::Schema().dump().data and Schema().dump().errors as well as Schema().load().data and Schema().loads().dataattributes are deprecated in marshmallow v3.x.
::warning file=/home/runner/work/test-zip-extract-repository/test-zip-extract-repository/workdir/tests/invenio-oaiserver/original/invenio_oaiserver/resumption_token.py,line=84::Schema().dump().data and Schema().dump().errors as well as Schema().load().data and Schema().loads().dataattributes are deprecated in marshmallow v3.x.
::warning file=/home/runner/work/test-zip-extract-repository/test-zip-extract-repository/workdir/tests/invenio-oaiserver/original/invenio_oaiserver/resumption_token.py,line=43::Schema().dump().data and Schema().dump().errors as well as Schema().load().data and Schema().loads().dataattributes are deprecated in marshmallow v3.x.
::warning file=/home/runner/work/test-zip-extract-repository/test-zip-extract-repository/workdir/tests/invenio-oaiserver/original/invenio_oaiserver/resumption_token.py,line=43::Schema().dump().data and Schema().dump().errors as well as Schema().load().data and Schema().loads().dataattributes are deprecated in marshmallow v3.x.
::warning file=/home/runner/work/test-zip-extract-repository/test-zip-extract-repository/workdir/tests/invenio-oaiserver/original/invenio_oaiserver/resumption_token.py,line=69::Schema().dump().data and Schema().dump().errors as well as Schema().load().data and Schema().loads().dataattributes are deprecated in marshmallow v3.x.
::warning file=/home/runner/work/test-zip-extract-repository/test-zip-extract-repository/workdir/tests/invenio-oaiserver/original/invenio_oaiserver/resumption_token.py,line=83::Schema().dump().data and Schema().dump().errors as well as Schema().load().data and Schema().loads().dataattributes are deprecated in marshmallow v3.x.
::warning file=/home/runner/work/test-zip-extract-repository/test-zip-extract-repository/workdir/tests/invenio-oaiserver/original/invenio_oaiserver/resumption_token.py,line=84::Schema().dump().data and Schema().dump().errors as well as Schema().load().data and Schema().loads().dataattributes are deprecated in marshmallow v3.x.
::warning file=/home/runner/work/test-zip-extract-repository/test-zip-extract-repository/workdir/tests/invenio-oaiserver/original/invenio_oaiserver/resumption_token.py,line=43::Schema().dump().data and Schema().dump().errors as well as Schema().load().data and Schema().loads().dataattributes are deprecated in marshmallow v3.x.
.::warning file=/home/runner/work/test-zip-extract-repository/test-zip-extract-repository/workdir/tests/invenio-oaiserver/original/.venv/lib/python3.14/site-packages/invenio_records/api.py,line=334::nested transaction already deassociated from connection
::warning file=/home/runner/work/test-zip-extract-repository/test-zip-extract-repository/workdir/tests/invenio-oaiserver/original/tests/test_verbs.py,line=910::nested transaction already deassociated from connection
.::warning file=/home/runner/work/test-zip-extract-repository/test-zip-extract-repository/workdir/tests/invenio-oaiserver/original/.venv/lib/python3.14/site-packages/invenio_records/api.py,line=334::nested transaction already deassociated from connection
.::warning file=/home/runner/work/test-zip-extract-repository/test-zip-extract-repository/workdir/tests/invenio-oaiserver/original/.venv/lib/python3.14/site-packages/invenio_records/api.py,line=334::nested transaction already deassociated from connection
.::warning file=/home/runner/work/test-zip-extract-repository/test-zip-extract-repository/workdir/tests/invenio-oaiserver/original/invenio_oaiserver/resumption_token.py,line=43::Schema().dump().data and Schema().dump().errors as well as Schema().load().data and Schema().loads().dataattributes are deprecated in marshmallow v3.x.
::warning file=/home/runner/work/test-zip-extract-repository/test-zip-extract-repository/workdir/tests/invenio-oaiserver/original/invenio_oaiserver/resumption_token.py,line=69::Schema().dump().data and Schema().dump().errors as well as Schema().load().data and Schema().loads().dataattributes are deprecated in marshmallow v3.x.
::warning file=/home/runner/work/test-zip-extract-repository/test-zip-extract-repository/workdir/tests/invenio-oaiserver/original/invenio_oaiserver/resumption_token.py,line=83::Schema().dump().data and Schema().dump().errors as well as Schema().load().data and Schema().loads().dataattributes are deprecated in marshmallow v3.x.
::warning file=/home/runner/work/test-zip-extract-repository/test-zip-extract-repository/workdir/tests/invenio-oaiserver/original/invenio_oaiserver/resumption_token.py,line=84::Schema().dump().data and Schema().dump().errors as well as Schema().load().data and Schema().loads().dataattributes are deprecated in marshmallow v3.x.
::warning file=/home/runner/work/test-zip-extract-repository/test-zip-extract-repository/workdir/tests/invenio-oaiserver/original/invenio_oaiserver/resumption_token.py,line=43::Schema().dump().data and Schema().dump().errors as well as Schema().load().data and Schema().loads().dataattributes are deprecated in marshmallow v3.x.
::warning file=/home/runner/work/test-zip-extract-repository/test-zip-extract-repository/workdir/tests/invenio-oaiserver/original/invenio_oaiserver/resumption_token.py,line=69::Schema().dump().data and Schema().dump().errors as well as Schema().load().data and Schema().loads().dataattributes are deprecated in marshmallow v3.x.
::warning file=/home/runner/work/test-zip-extract-repository/test-zip-extract-repository/workdir/tests/invenio-oaiserver/original/invenio_oaiserver/resumption_token.py,line=83::Schema().dump().data and Schema().dump().errors as well as Schema().load().data and Schema().loads().dataattributes are deprecated in marshmallow v3.x.
::warning file=/home/runner/work/test-zip-extract-repository/test-zip-extract-repository/workdir/tests/invenio-oaiserver/original/invenio_oaiserver/resumption_token.py,line=84::Schema().dump().data and Schema().dump().errors as well as Schema().load().data and Schema().loads().dataattributes are deprecated in marshmallow v3.x.
.                                [100%]

=============================== warnings summary ===============================
.venv/lib/python3.14/site-packages/webargs/compat.py:8
  /home/runner/work/test-zip-extract-repository/test-zip-extract-repository/workdir/tests/invenio-oaiserver/original/.venv/lib/python3.14/site-packages/webargs/compat.py:8: DeprecationWarning: The '__version__' attribute is deprecated and will be removed in in a future version. Use feature detection or 'importlib.metadata.version("marshmallow")' instead.
    MARSHMALLOW_VERSION_INFO = tuple(LooseVersion(ma.__version__).version)  # type: tuple

.venv/lib/python3.14/site-packages/webargs/compat.py:8
  /home/runner/work/test-zip-extract-repository/test-zip-extract-repository/workdir/tests/invenio-oaiserver/original/.venv/lib/python3.14/site-packages/webargs/compat.py:8: DeprecationWarning: distutils Version classes are deprecated. Use packaging.version instead.
    MARSHMALLOW_VERSION_INFO = tuple(LooseVersion(ma.__version__).version)  # type: tuple

.venv/lib/python3.14/site-packages/webargs/__init__.py:13
  /home/runner/work/test-zip-extract-repository/test-zip-extract-repository/workdir/tests/invenio-oaiserver/original/.venv/lib/python3.14/site-packages/webargs/__init__.py:13: DeprecationWarning: distutils Version classes are deprecated. Use packaging.version instead.
    __version_info__ = tuple(LooseVersion(__version__).version)

.venv/lib/python3.14/site-packages/flask_admin/contrib/__init__.py:2
  /home/runner/work/test-zip-extract-repository/test-zip-extract-repository/workdir/tests/invenio-oaiserver/original/.venv/lib/python3.14/site-packages/flask_admin/contrib/__init__.py:2: UserWarning: pkg_resources is deprecated as an API. See https://setuptools.pypa.io/en/latest/pkg_resources.html. The pkg_resources package is slated for removal as early as 2025-11-30. Refrain from using this package or pin to Setuptools<81.
    __import__('pkg_resources').declare_namespace(__name__)

.venv/lib/python3.14/site-packages/pkg_resources/__init__.py:3148
  /home/runner/work/test-zip-extract-repository/test-zip-extract-repository/workdir/tests/invenio-oaiserver/original/.venv/lib/python3.14/site-packages/pkg_resources/__init__.py:3148: DeprecationWarning: Deprecated call to `pkg_resources.declare_namespace('sphinxcontrib')`.
  Implementing implicit namespace packages (as specified in PEP 420) is preferred to `pkg_resources.declare_namespace`. See https://setuptools.pypa.io/en/latest/references/keywords.html#keyword-namespace-packages
    declare_namespace(pkg)

.venv/lib/python3.14/site-packages/flask_admin/contrib/__init__.py:2
  /home/runner/work/test-zip-extract-repository/test-zip-extract-repository/workdir/tests/invenio-oaiserver/original/.venv/lib/python3.14/site-packages/flask_admin/contrib/__init__.py:2: DeprecationWarning: Deprecated call to `pkg_resources.declare_namespace('flask_admin.contrib')`.
  Implementing implicit namespace packages (as specified in PEP 420) is preferred to `pkg_resources.declare_namespace`. See https://setuptools.pypa.io/en/latest/references/keywords.html#keyword-namespace-packages
    __import__('pkg_resources').declare_namespace(__name__)

.venv/lib/python3.14/site-packages/pkg_resources/__init__.py:2560
  /home/runner/work/test-zip-extract-repository/test-zip-extract-repository/workdir/tests/invenio-oaiserver/original/.venv/lib/python3.14/site-packages/pkg_resources/__init__.py:2560: DeprecationWarning: Deprecated call to `pkg_resources.declare_namespace('flask_admin')`.
  Implementing implicit namespace packages (as specified in PEP 420) is preferred to `pkg_resources.declare_namespace`. See https://setuptools.pypa.io/en/latest/references/keywords.html#keyword-namespace-packages
    declare_namespace(parent)

tests/test_admin.py::test_admin
  /home/runner/work/test-zip-extract-repository/test-zip-extract-repository/workdir/tests/invenio-oaiserver/original/.venv/lib/python3.14/site-packages/flask_admin/contrib/sqla/view.py:1119: LegacyAPIWarning: The Query.get() method is considered legacy as of the 1.x series of SQLAlchemy and becomes a legacy construct in 2.0. The method is now available as Session.get() (deprecated since: 2.0) (Background on SQLAlchemy 2.0 at: https://sqlalche.me/e/b8d9)
    return self.session.query(self.model).get(tools.iterdecode(id))

tests/test_invenio_oaiserver.py::test_init
  /home/runner/work/test-zip-extract-repository/test-zip-extract-repository/workdir/tests/invenio-oaiserver/original/invenio_oaiserver/ext.py:169: UserWarning: Please specify the OAISERVER_ID_PREFIX configuration.default value is: oai:runnervmwffz4:
    warnings.warn(

tests/test_percolator.py: 3 warnings
tests/test_verbs.py: 7 warnings
  /home/runner/work/test-zip-extract-repository/test-zip-extract-repository/workdir/tests/invenio-oaiserver/original/.venv/lib/python3.14/site-packages/invenio_records/api.py:334: SAWarning: nested transaction already deassociated from connection
    with db.session.begin_nested():

tests/test_verbs.py::test_getrecord
  /home/runner/work/test-zip-extract-repository/test-zip-extract-repository/workdir/tests/invenio-oaiserver/original/tests/test_verbs.py:263: SAWarning: nested transaction already deassociated from connection
    with db.session.begin_nested():

tests/test_verbs.py::test_listmetadataformats_record
  /home/runner/work/test-zip-extract-repository/test-zip-extract-repository/workdir/tests/invenio-oaiserver/original/tests/test_verbs.py:366: SAWarning: nested transaction already deassociated from connection
    with db.session.begin_nested():

tests/test_verbs.py::test_listrecords
  /home/runner/work/test-zip-extract-repository/test-zip-extract-repository/workdir/tests/invenio-oaiserver/original/tests/test_verbs.py:600: SAWarning: nested transaction already deassociated from connection
    with db.session.begin_nested():

tests/test_verbs.py::test_listrecords
tests/test_verbs.py::test_listrecords
tests/test_verbs.py::test_listrecords
tests/test_verbs.py::test_listrecords
tests/test_verbs.py::test_listrecords
tests/test_verbs.py::test_listrecords
tests/test_verbs.py::test_listrecords
tests/test_verbs.py::test_list_sets_long
tests/test_verbs.py::test_list_sets_long
  /home/runner/work/test-zip-extract-repository/test-zip-extract-repository/workdir/tests/invenio-oaiserver/original/invenio_oaiserver/resumption_token.py:43: PendingDeprecationWarning: Schema().dump().data and Schema().dump().errors as well as Schema().load().data and Schema().loads().dataattributes are deprecated in marshmallow v3.x.
    kwargs=schema.dump(schema_kwargs).data,

tests/test_verbs.py::test_listrecords
tests/test_verbs.py::test_listrecords
tests/test_verbs.py::test_listrecords
tests/test_verbs.py::test_listrecords
tests/test_verbs.py::test_listrecords
tests/test_verbs.py::test_list_sets_long
tests/test_verbs.py::test_list_sets_long
  /home/runner/work/test-zip-extract-repository/test-zip-extract-repository/workdir/tests/invenio-oaiserver/original/invenio_oaiserver/resumption_token.py:69: PendingDeprecationWarning: Schema().dump().data and Schema().dump().errors as well as Schema().load().data and Schema().loads().dataattributes are deprecated in marshmallow v3.x.
    result["kwargs"] = _schema_from_verb(data["verb"]).load(schema_kwargs).data

tests/test_verbs.py::test_listrecords
tests/test_verbs.py::test_listrecords
tests/test_verbs.py::test_listrecords
tests/test_verbs.py::test_listrecords
tests/test_verbs.py::test_listrecords
tests/test_verbs.py::test_list_sets_long
tests/test_verbs.py::test_list_sets_long
  /home/runner/work/test-zip-extract-repository/test-zip-extract-repository/workdir/tests/invenio-oaiserver/original/invenio_oaiserver/resumption_token.py:83: PendingDeprecationWarning: Schema().dump().data and Schema().dump().errors as well as Schema().load().data and Schema().loads().dataattributes are deprecated in marshmallow v3.x.
    result.data.get("resumptionToken", {}).update(

tests/test_verbs.py::test_listrecords
tests/test_verbs.py::test_listrecords
tests/test_verbs.py::test_listrecords
tests/test_verbs.py::test_listrecords
tests/test_verbs.py::test_listrecords
tests/test_verbs.py::test_list_sets_long
tests/test_verbs.py::test_list_sets_long
  /home/runner/work/test-zip-extract-repository/test-zip-extract-repository/workdir/tests/invenio-oaiserver/original/invenio_oaiserver/resumption_token.py:84: PendingDeprecationWarning: Schema().dump().data and Schema().dump().errors as well as Schema().load().data and Schema().loads().dataattributes are deprecated in marshmallow v3.x.
    result.data.get("resumptionToken", {}).get("kwargs", {})

tests/test_verbs.py::test_listidentifiers
  /home/runner/work/test-zip-extract-repository/test-zip-extract-repository/workdir/tests/invenio-oaiserver/original/tests/test_verbs.py:910: SAWarning: nested transaction already deassociated from connection
    with db.session.begin_nested():

-- Docs: https://docs.pytest.org/en/stable/how-to/capture-warnings.html
================================ tests coverage ================================
_______________ coverage: platform linux, python 3.14.2-final-0 ________________

Name                                                                 Stmts   Miss  Cover   Missing
--------------------------------------------------------------------------------------------------
invenio_oaiserver/__init__.py                                            4      0   100%
invenio_oaiserver/admin.py                                              21      3    86%   52-54
invenio_oaiserver/alembic/5d25c1981985_add_system_created_field.py      10      2    80%   22, 36
invenio_oaiserver/alembic/759d47cbdba7_create_oaiserver_branch.py       10      2    80%   23, 28
invenio_oaiserver/alembic/e655021de0de_create_oiaserver_tables.py       12      4    67%   23-35, 42-43
invenio_oaiserver/alembic/f9b1e3f7d3b1_change_datetime_types.py         13      6    54%   25-27, 32-34
invenio_oaiserver/config.py                                             54      0   100%
invenio_oaiserver/errors.py                                              3      0   100%
invenio_oaiserver/ext.py                                                78      4    95%   76-77, 83-84
invenio_oaiserver/fetchers.py                                           17      2    88%   30, 44
invenio_oaiserver/minters.py                                            13      0   100%
invenio_oaiserver/models.py                                             23      1    96%   82
invenio_oaiserver/percolator.py                                         72      9    88%   69, 77-78, 91, 118-139, 146, 178
invenio_oaiserver/provider.py                                           16      0   100%
invenio_oaiserver/proxies.py                                             4      0   100%
invenio_oaiserver/query.py                                              61      1    98%   27
invenio_oaiserver/receivers.py                                           8      1    88%   28
invenio_oaiserver/response.py                                          176      4    98%   148-152, 245
invenio_oaiserver/resumption_token.py                                   35      0   100%
invenio_oaiserver/schemas/__init__.py                                    0      0   100%
invenio_oaiserver/search/__init__.py                                     0      0   100%
invenio_oaiserver/search/component_templates/__init__.py                 0      0   100%
invenio_oaiserver/search/component_templates/os-v2/__init__.py           0      0   100%
invenio_oaiserver/search/component_templates/v7/__init__.py              0      0   100%
invenio_oaiserver/utils.py                                              83      3    96%   55, 82, 185
invenio_oaiserver/verbs.py                                              71      5    93%   51-53, 60, 67
invenio_oaiserver/views/__init__.py                                      0      0   100%
invenio_oaiserver/views/server.py                                       45      7    84%   48-55, 77
--------------------------------------------------------------------------------------------------
TOTAL                                                                  829     54    93%
================= 33 passed, 1 skipped, 53 warnings in 16.87s ==================
 Container docker_services_cli-opensearch-1  Stopping
 Container docker_services_cli-rabbitmq-1  Stopping
 Container docker_services_cli-postgresql-1  Stopping
 Container docker_services_cli-postgresql-1  Stopped
 Container docker_services_cli-postgresql-1  Removing
 Container docker_services_cli-postgresql-1  Removed
 Container docker_services_cli-opensearch-1  Stopped
 Container docker_services_cli-opensearch-1  Removing
 Container docker_services_cli-opensearch-1  Removed
 Container docker_services_cli-rabbitmq-1  Stopped
 Container docker_services_cli-rabbitmq-1  Removing
 Container docker_services_cli-rabbitmq-1  Removed
 Network docker_services_cli_default  Removing
 Network docker_services_cli_default  Removed
