 redis Pulling 
 postgresql Pulling 
 opensearch Pulling 
 b0a0cf830b12 Pulling fs layer 
 dda3d8fbd5ed Pulling fs layer 
 283a477db7bb Pulling fs layer 
 91d2729fa4d5 Pulling fs layer 
 9739ced65621 Pulling fs layer 
 ae3bb1b347a4 Pulling fs layer 
 f8406d9c00ea Pulling fs layer 
 c199bff16b05 Pulling fs layer 
 e0d55fdb4d15 Pulling fs layer 
 c1cb13b19080 Pulling fs layer 
 873532e5f8c7 Pulling fs layer 
 050d9f8c3b1c Pulling fs layer 
 710e142705f8 Pulling fs layer 
 cb628c265f09 Pulling fs layer 
 9739ced65621 Waiting 
 ae3bb1b347a4 Waiting 
 f8406d9c00ea Waiting 
 c199bff16b05 Waiting 
 e0d55fdb4d15 Waiting 
 c1cb13b19080 Waiting 
 91d2729fa4d5 Waiting 
 cb628c265f09 Waiting 
 873532e5f8c7 Waiting 
 710e142705f8 Waiting 
 050d9f8c3b1c Waiting 
 f9dd052e142d Pulling fs layer 
 e8c6d4883897 Pulling fs layer 
 648eb81b3252 Pulling fs layer 
 eb77aa907276 Pulling fs layer 
 4f4fb700ef54 Pulling fs layer 
 0ffa8f8aba1e Pulling fs layer 
 2e81b9cb93cd Pulling fs layer 
 f9dd052e142d Waiting 
 4f4fb700ef54 Waiting 
 e8c6d4883897 Waiting 
 eb77aa907276 Waiting 
 648eb81b3252 Waiting 
 4831516dd0cb Pulling fs layer 
 47a60771af96 Pulling fs layer 
 7b28be0c8c4d Pulling fs layer 
 edcaff0d5e7e Pulling fs layer 
 22dca8215bc4 Pulling fs layer 
 bbf018d6d4b8 Pulling fs layer 
 4f4fb700ef54 Pulling fs layer 
 c5761dea9b0e Pulling fs layer 
 22dca8215bc4 Waiting 
 4831516dd0cb Waiting 
 bbf018d6d4b8 Waiting 
 4f4fb700ef54 Waiting 
 47a60771af96 Waiting 
 c5761dea9b0e Waiting 
 7b28be0c8c4d Waiting 
 edcaff0d5e7e Waiting 
 283a477db7bb Downloading [>                                                  ]  46.48kB/4.533MB
 dda3d8fbd5ed Downloading [==============================>                    ]     721B/1.165kB
 dda3d8fbd5ed Downloading [==================================================>]  1.165kB/1.165kB
 dda3d8fbd5ed Verifying Checksum 
 dda3d8fbd5ed Download complete 
 b0a0cf830b12 Downloading [>                                                  ]  305.2kB/29.15MB
 283a477db7bb Downloading [===============================>                   ]   2.82MB/4.533MB
 283a477db7bb Verifying Checksum 
 283a477db7bb Download complete 
 b0a0cf830b12 Downloading [==================>                                ]  10.69MB/29.15MB
 b0a0cf830b12 Downloading [==================================================>]  29.15MB/29.15MB
 b0a0cf830b12 Download complete 
 b0a0cf830b12 Extracting [>                                                  ]  294.9kB/29.15MB
 91d2729fa4d5 Downloading [>                                                  ]  15.73kB/1.45MB
 b0a0cf830b12 Extracting [============>                                      ]  7.373MB/29.15MB
 91d2729fa4d5 Verifying Checksum 
 91d2729fa4d5 Download complete 
 9739ced65621 Downloading [>                                                  ]   84.3kB/8.069MB
 b0a0cf830b12 Extracting [===================>                               ]   11.5MB/29.15MB
 ae3bb1b347a4 Downloading [>                                                  ]  12.08kB/1.196MB
 9739ced65621 Downloading [=========================>                         ]  4.121MB/8.069MB
 9739ced65621 Verifying Checksum 
 9739ced65621 Download complete 
 ae3bb1b347a4 Downloading [==================================================>]  1.196MB/1.196MB
 ae3bb1b347a4 Verifying Checksum 
 ae3bb1b347a4 Download complete 
 b0a0cf830b12 Extracting [==================================>                ]  20.05MB/29.15MB
 f8406d9c00ea Downloading [==================================================>]     116B/116B
 f8406d9c00ea Verifying Checksum 
 f8406d9c00ea Download complete 
 b0a0cf830b12 Extracting [==========================================>        ]  24.77MB/29.15MB
 c199bff16b05 Downloading [===========>                                       ]     720B/3.145kB
 c199bff16b05 Downloading [==================================================>]  3.145kB/3.145kB
 c199bff16b05 Verifying Checksum 
 c199bff16b05 Download complete 
 e0d55fdb4d15 Downloading [>                                                  ]  528.1kB/109MB
 b0a0cf830b12 Extracting [================================================>  ]  28.02MB/29.15MB
 c1cb13b19080 Downloading [===>                                               ]     688B/9.925kB
 c1cb13b19080 Downloading [==================================================>]  9.925kB/9.925kB
 c1cb13b19080 Verifying Checksum 
 c1cb13b19080 Download complete 
 e0d55fdb4d15 Downloading [======>                                            ]  13.95MB/109MB
 873532e5f8c7 Downloading [==================================================>]     128B/128B
 873532e5f8c7 Verifying Checksum 
 873532e5f8c7 Download complete 
 b0a0cf830b12 Extracting [================================================>  ]  28.31MB/29.15MB
 e0d55fdb4d15 Downloading [================>                                  ]  36.99MB/109MB
 b0a0cf830b12 Extracting [==================================================>]  29.15MB/29.15MB
 050d9f8c3b1c Download complete 
 b0a0cf830b12 Pull complete 
 dda3d8fbd5ed Extracting [==================================================>]  1.165kB/1.165kB
 dda3d8fbd5ed Extracting [==================================================>]  1.165kB/1.165kB
 e0d55fdb4d15 Downloading [==========================>                        ]  56.82MB/109MB
 e0d55fdb4d15 Downloading [====================================>              ]  79.34MB/109MB
 e0d55fdb4d15 Downloading [===============================================>   ]    103MB/109MB
 cb628c265f09 Downloading [==================================================>]     184B/184B
 cb628c265f09 Verifying Checksum 
 cb628c265f09 Download complete 
 e0d55fdb4d15 Verifying Checksum 
 e0d55fdb4d15 Download complete 
 710e142705f8 Downloading [======>                                            ]     720B/5.421kB
 710e142705f8 Downloading [==================================================>]  5.421kB/5.421kB
 710e142705f8 Download complete 
 e8c6d4883897 Downloading [>                                                  ]  44.95kB/4.398MB
 dda3d8fbd5ed Pull complete 
 283a477db7bb Extracting [>                                                  ]  65.54kB/4.533MB
 648eb81b3252 Downloading [=======================>                           ]     720B/1.561kB
 648eb81b3252 Download complete 
 f9dd052e142d Downloading [>                                                  ]  532.5kB/52.33MB
 283a477db7bb Extracting [==================================================>]  4.533MB/4.533MB
 e8c6d4883897 Downloading [================================>                  ]  2.856MB/4.398MB
 e8c6d4883897 Verifying Checksum 
 e8c6d4883897 Download complete 
 283a477db7bb Pull complete 
 91d2729fa4d5 Extracting [=>                                                 ]  32.77kB/1.45MB
 91d2729fa4d5 Extracting [==================================================>]   1.45MB/1.45MB
 f9dd052e142d Downloading [==============>                                    ]  14.77MB/52.33MB
 91d2729fa4d5 Pull complete 
 9739ced65621 Extracting [>                                                  ]   98.3kB/8.069MB
 f9dd052e142d Downloading [===================================>               ]     37MB/52.33MB
 9739ced65621 Extracting [==========================>                        ]  4.227MB/8.069MB
 eb77aa907276 Downloading [>                                                  ]  528.2kB/907.7MB
 f9dd052e142d Downloading [==================================================>]  52.33MB/52.33MB
 f9dd052e142d Download complete 
 f9dd052e142d Extracting [>                                                  ]  524.3kB/52.33MB
 4f4fb700ef54 Downloading [==================================================>]      32B/32B
 4f4fb700ef54 Verifying Checksum 
 4f4fb700ef54 Download complete 
 9739ced65621 Extracting [======================================>            ]  6.291MB/8.069MB
 eb77aa907276 Downloading [>                                                  ]  15.08MB/907.7MB
 9739ced65621 Extracting [==================================================>]  8.069MB/8.069MB
 9739ced65621 Pull complete 
 f9dd052e142d Extracting [==>                                                ]  2.621MB/52.33MB
 ae3bb1b347a4 Extracting [=>                                                 ]  32.77kB/1.196MB
 ae3bb1b347a4 Extracting [==================================================>]  1.196MB/1.196MB
 ae3bb1b347a4 Extracting [==================================================>]  1.196MB/1.196MB
 eb77aa907276 Downloading [==>                                                ]  39.24MB/907.7MB
 ae3bb1b347a4 Pull complete 
 f8406d9c00ea Extracting [==================================================>]     116B/116B
 f8406d9c00ea Extracting [==================================================>]     116B/116B
 f8406d9c00ea Pull complete 
 c199bff16b05 Extracting [==================================================>]  3.145kB/3.145kB
 c199bff16b05 Extracting [==================================================>]  3.145kB/3.145kB
 c199bff16b05 Pull complete 
 0ffa8f8aba1e Downloading [==================================================>]     226B/226B
 0ffa8f8aba1e Verifying Checksum 
 0ffa8f8aba1e Download complete 
 f9dd052e142d Extracting [====>                                              ]  4.719MB/52.33MB
 2e81b9cb93cd Downloading [====================================>              ]  1.369kB/1.859kB
 2e81b9cb93cd Downloading [==================================================>]  1.859kB/1.859kB
 2e81b9cb93cd Verifying Checksum 
 2e81b9cb93cd Download complete 
 eb77aa907276 Downloading [===>                                               ]  63.33MB/907.7MB
 e0d55fdb4d15 Extracting [>                                                  ]  557.1kB/109MB
 f9dd052e142d Extracting [=====>                                             ]  5.767MB/52.33MB
 eb77aa907276 Downloading [====>                                              ]  87.95MB/907.7MB
 e0d55fdb4d15 Extracting [===>                                               ]  6.685MB/109MB
 f9dd052e142d Extracting [============>                                      ]  12.58MB/52.33MB
 eb77aa907276 Downloading [======>                                            ]  109.3MB/907.7MB
 47a60771af96 Downloading [================================>                  ]     719B/1.105kB
 47a60771af96 Downloading [==================================================>]  1.105kB/1.105kB
 47a60771af96 Verifying Checksum 
 47a60771af96 Download complete 
 e0d55fdb4d15 Extracting [====>                                              ]   9.47MB/109MB
 4831516dd0cb Downloading [>                                                  ]    293kB/28.23MB
 f9dd052e142d Extracting [=================>                                 ]  18.35MB/52.33MB
 eb77aa907276 Downloading [=======>                                           ]  131.4MB/907.7MB
 e0d55fdb4d15 Extracting [======>                                            ]  13.37MB/109MB
 4831516dd0cb Downloading [==================>                                ]  10.58MB/28.23MB
 f9dd052e142d Extracting [=======================>                           ]  24.12MB/52.33MB
 eb77aa907276 Downloading [========>                                          ]    156MB/907.7MB
 4831516dd0cb Verifying Checksum 
 4831516dd0cb Download complete 
 7b28be0c8c4d Downloading [=======================================>           ]     688B/874B
 7b28be0c8c4d Downloading [==================================================>]     874B/874B
 7b28be0c8c4d Verifying Checksum 
 7b28be0c8c4d Download complete 
 e0d55fdb4d15 Extracting [=======>                                           ]  16.71MB/109MB
 4831516dd0cb Extracting [>                                                  ]  294.9kB/28.23MB
 eb77aa907276 Downloading [=========>                                         ]    179MB/907.7MB
 f9dd052e142d Extracting [==========================>                        ]  27.26MB/52.33MB
 e0d55fdb4d15 Extracting [=========>                                         ]  20.05MB/109MB
 4831516dd0cb Extracting [=======>                                           ]  4.129MB/28.23MB
 eb77aa907276 Downloading [===========>                                       ]  202.5MB/907.7MB
 f9dd052e142d Extracting [===========================>                       ]  28.84MB/52.33MB
 edcaff0d5e7e Downloading [>                                                  ]  15.57kB/1.438MB
 4831516dd0cb Extracting [==============>                                    ]  8.258MB/28.23MB
 e0d55fdb4d15 Extracting [==========>                                        ]  23.95MB/109MB
 eb77aa907276 Downloading [============>                                      ]    225MB/907.7MB
 22dca8215bc4 Downloading [>                                                  ]  155.3kB/15.35MB
 edcaff0d5e7e Downloading [==================================================>]  1.438MB/1.438MB
 edcaff0d5e7e Verifying Checksum 
 edcaff0d5e7e Download complete 
 e0d55fdb4d15 Extracting [============>                                      ]  27.85MB/109MB
 eb77aa907276 Downloading [=============>                                     ]  248.1MB/907.7MB
 4831516dd0cb Extracting [=================>                                 ]  10.03MB/28.23MB
 f9dd052e142d Extracting [============================>                      ]  29.88MB/52.33MB
 22dca8215bc4 Downloading [=======================>                           ]   7.17MB/15.35MB
 22dca8215bc4 Verifying Checksum 
 22dca8215bc4 Download complete 
 e0d55fdb4d15 Extracting [===============>                                   ]  32.87MB/109MB
 eb77aa907276 Downloading [==============>                                    ]  270.1MB/907.7MB
 4831516dd0cb Extracting [======================>                            ]  12.68MB/28.23MB
 f9dd052e142d Extracting [=============================>                     ]  30.41MB/52.33MB
 e0d55fdb4d15 Extracting [=================>                                 ]  38.44MB/109MB
 eb77aa907276 Downloading [================>                                  ]  294.2MB/907.7MB
 4831516dd0cb Extracting [===============================>                   ]  17.99MB/28.23MB
 bbf018d6d4b8 Downloading [==================================================>]      97B/97B
 bbf018d6d4b8 Verifying Checksum 
 bbf018d6d4b8 Download complete 
 e0d55fdb4d15 Extracting [===================>                               ]  43.45MB/109MB
 eb77aa907276 Downloading [=================>                                 ]  318.4MB/907.7MB
 4f4fb700ef54 Downloading [==================================================>]      32B/32B
 4f4fb700ef54 Verifying Checksum 
 4f4fb700ef54 Download complete 
 4831516dd0cb Extracting [=======================================>           ]  22.41MB/28.23MB
 f9dd052e142d Extracting [===============================>                   ]  33.03MB/52.33MB
 eb77aa907276 Downloading [==================>                                ]  342.4MB/907.7MB
 e0d55fdb4d15 Extracting [======================>                            ]  49.58MB/109MB
 c5761dea9b0e Downloading [==================================================>]     573B/573B
 c5761dea9b0e Verifying Checksum 
 c5761dea9b0e Download complete 
 f9dd052e142d Extracting [=================================>                 ]   34.6MB/52.33MB
 eb77aa907276 Downloading [====================>                              ]  366.5MB/907.7MB
 e0d55fdb4d15 Extracting [========================>                          ]  52.36MB/109MB
 4831516dd0cb Extracting [==========================================>        ]  23.89MB/28.23MB
 eb77aa907276 Downloading [=====================>                             ]  382.1MB/907.7MB
 e0d55fdb4d15 Extracting [=========================>                         ]  55.71MB/109MB
 f9dd052e142d Extracting [===================================>               ]   36.7MB/52.33MB
 eb77aa907276 Downloading [======================>                            ]  406.8MB/907.7MB
 4831516dd0cb Extracting [===============================================>   ]  26.84MB/28.23MB
 e0d55fdb4d15 Extracting [===========================>                       ]   59.6MB/109MB
 f9dd052e142d Extracting [====================================>              ]  38.27MB/52.33MB
 eb77aa907276 Downloading [=======================>                           ]  430.4MB/907.7MB
 e0d55fdb4d15 Extracting [==============================>                    ]  66.29MB/109MB
 f9dd052e142d Extracting [======================================>            ]  40.37MB/52.33MB
 eb77aa907276 Downloading [========================>                          ]  452.3MB/907.7MB
 e0d55fdb4d15 Extracting [=================================>                 ]  72.97MB/109MB
 f9dd052e142d Extracting [========================================>          ]  42.47MB/52.33MB
 eb77aa907276 Downloading [==========================>                        ]  475.3MB/907.7MB
 e0d55fdb4d15 Extracting [====================================>              ]   79.1MB/109MB
 f9dd052e142d Extracting [===========================================>       ]  45.09MB/52.33MB
 eb77aa907276 Downloading [===========================>                       ]  499.5MB/907.7MB
 4831516dd0cb Extracting [================================================>  ]  27.43MB/28.23MB
 e0d55fdb4d15 Extracting [=======================================>           ]  85.23MB/109MB
 eb77aa907276 Downloading [============================>                      ]  520.9MB/907.7MB
 f9dd052e142d Extracting [=============================================>     ]  47.71MB/52.33MB
 e0d55fdb4d15 Extracting [=========================================>         ]  91.36MB/109MB
 4831516dd0cb Extracting [==================================================>]  28.23MB/28.23MB
 4831516dd0cb Pull complete 
 47a60771af96 Extracting [==================================================>]  1.105kB/1.105kB
 47a60771af96 Extracting [==================================================>]  1.105kB/1.105kB
 eb77aa907276 Downloading [=============================>                     ]  541.7MB/907.7MB
 e0d55fdb4d15 Extracting [==========================================>        ]  93.03MB/109MB
 eb77aa907276 Downloading [===============================>                   ]  565.8MB/907.7MB
 eb77aa907276 Downloading [================================>                  ]    583MB/907.7MB
 e0d55fdb4d15 Extracting [============================================>      ]  96.93MB/109MB
 f9dd052e142d Extracting [=================================================> ]  51.38MB/52.33MB
 eb77aa907276 Downloading [================================>                  ]  598.6MB/907.7MB
 eb77aa907276 Downloading [=================================>                 ]  602.3MB/907.7MB
 e0d55fdb4d15 Extracting [============================================>      ]  97.48MB/109MB
 eb77aa907276 Downloading [=================================>                 ]  616.2MB/907.7MB
 eb77aa907276 Downloading [==================================>                ]  618.3MB/907.7MB
 e0d55fdb4d15 Extracting [============================================>      ]  98.04MB/109MB
 eb77aa907276 Downloading [==================================>                ]  625.3MB/907.7MB
 f9dd052e142d Extracting [=================================================> ]   51.9MB/52.33MB
 f9dd052e142d Extracting [==================================================>]  52.33MB/52.33MB
 eb77aa907276 Downloading [===================================>               ]  644.5MB/907.7MB
 e0d55fdb4d15 Extracting [=============================================>     ]   98.6MB/109MB
 eb77aa907276 Downloading [====================================>              ]  664.3MB/907.7MB
 f9dd052e142d Pull complete 
 e8c6d4883897 Extracting [>                                                  ]  65.54kB/4.398MB
 e0d55fdb4d15 Extracting [=============================================>     ]  99.16MB/109MB
 eb77aa907276 Downloading [=====================================>             ]  680.9MB/907.7MB
 eb77aa907276 Downloading [======================================>            ]  704.5MB/907.7MB
 e0d55fdb4d15 Extracting [==============================================>    ]  100.3MB/109MB
 eb77aa907276 Downloading [=======================================>           ]  724.3MB/907.7MB
 eb77aa907276 Downloading [=======================================>           ]  724.8MB/907.7MB
 e8c6d4883897 Extracting [==>                                                ]  262.1kB/4.398MB
 eb77aa907276 Downloading [========================================>          ]  733.4MB/907.7MB
 e0d55fdb4d15 Extracting [==============================================>    ]  100.8MB/109MB
 eb77aa907276 Downloading [=========================================>         ]  745.7MB/907.7MB
 e0d55fdb4d15 Extracting [==============================================>    ]  101.4MB/109MB
 eb77aa907276 Downloading [=========================================>         ]  750.5MB/907.7MB
 e8c6d4883897 Extracting [========>                                          ]  720.9kB/4.398MB
 eb77aa907276 Downloading [==========================================>        ]    772MB/907.7MB
 e8c6d4883897 Extracting [=========>                                         ]    852kB/4.398MB
 eb77aa907276 Downloading [===========================================>       ]  788.1MB/907.7MB
 e0d55fdb4d15 Extracting [==============================================>    ]  101.9MB/109MB
 eb77aa907276 Downloading [===========================================>       ]  796.1MB/907.7MB
 e8c6d4883897 Extracting [==================>                                ]  1.638MB/4.398MB
 eb77aa907276 Downloading [============================================>      ]  806.2MB/907.7MB
 eb77aa907276 Downloading [============================================>      ]  814.3MB/907.7MB
 eb77aa907276 Downloading [=============================================>     ]  826.1MB/907.7MB
 e8c6d4883897 Extracting [====================>                              ]  1.769MB/4.398MB
 eb77aa907276 Downloading [=============================================>     ]  830.4MB/907.7MB
 eb77aa907276 Downloading [==============================================>    ]  843.8MB/907.7MB
 e8c6d4883897 Extracting [=====================>                             ]  1.901MB/4.398MB
 e0d55fdb4d15 Extracting [===============================================>   ]  103.1MB/109MB
 47a60771af96 Pull complete 
 7b28be0c8c4d Extracting [==================================================>]     874B/874B
 7b28be0c8c4d Extracting [==================================================>]     874B/874B
 eb77aa907276 Downloading [===============================================>   ]  860.4MB/907.7MB
 e8c6d4883897 Extracting [==========================>                        ]  2.294MB/4.398MB
 eb77aa907276 Downloading [===============================================>   ]  863.7MB/907.7MB
 e8c6d4883897 Extracting [==========================>                        ]  2.359MB/4.398MB
 e0d55fdb4d15 Extracting [===============================================>   ]  103.6MB/109MB
 7b28be0c8c4d Pull complete 
 edcaff0d5e7e Extracting [=>                                                 ]  32.77kB/1.438MB
 edcaff0d5e7e Extracting [==================================================>]  1.438MB/1.438MB
 eb77aa907276 Downloading [================================================>  ]    877MB/907.7MB
 edcaff0d5e7e Pull complete 
 22dca8215bc4 Extracting [>                                                  ]  163.8kB/15.35MB
 e8c6d4883897 Extracting [=====================================>             ]  3.277MB/4.398MB
 e0d55fdb4d15 Extracting [================================================>  ]  104.7MB/109MB
 eb77aa907276 Downloading [=================================================> ]  899.6MB/907.7MB
 22dca8215bc4 Extracting [===================>                               ]  5.898MB/15.35MB
 eb77aa907276 Verifying Checksum 
 eb77aa907276 Download complete 
 e8c6d4883897 Extracting [================================================>  ]   4.26MB/4.398MB
 e8c6d4883897 Extracting [==================================================>]  4.398MB/4.398MB
 e8c6d4883897 Pull complete 
 648eb81b3252 Extracting [==================================================>]  1.561kB/1.561kB
 648eb81b3252 Extracting [==================================================>]  1.561kB/1.561kB
 e0d55fdb4d15 Extracting [================================================>  ]  105.8MB/109MB
 648eb81b3252 Pull complete 
 22dca8215bc4 Extracting [=======================================>           ]  12.12MB/15.35MB
 eb77aa907276 Extracting [>                                                  ]  557.1kB/907.7MB
 22dca8215bc4 Extracting [==================================================>]  15.35MB/15.35MB
 22dca8215bc4 Pull complete 
 bbf018d6d4b8 Extracting [==================================================>]      97B/97B
 bbf018d6d4b8 Extracting [==================================================>]      97B/97B
 bbf018d6d4b8 Pull complete 
 4f4fb700ef54 Extracting [==================================================>]      32B/32B
 4f4fb700ef54 Extracting [==================================================>]      32B/32B
 4f4fb700ef54 Pull complete 
 c5761dea9b0e Extracting [==================================================>]     573B/573B
 c5761dea9b0e Extracting [==================================================>]     573B/573B
 c5761dea9b0e Pull complete 
 redis Pulled 
 eb77aa907276 Extracting [>                                                  ]  16.15MB/907.7MB
 eb77aa907276 Extracting [==>                                                ]  39.55MB/907.7MB
 e0d55fdb4d15 Extracting [=================================================> ]  107.5MB/109MB
 eb77aa907276 Extracting [===>                                               ]  62.39MB/907.7MB
 e0d55fdb4d15 Extracting [==================================================>]    109MB/109MB
 e0d55fdb4d15 Pull complete 
 c1cb13b19080 Extracting [==================================================>]  9.925kB/9.925kB
 c1cb13b19080 Extracting [==================================================>]  9.925kB/9.925kB
 c1cb13b19080 Pull complete 
 873532e5f8c7 Extracting [==================================================>]     128B/128B
 873532e5f8c7 Extracting [==================================================>]     128B/128B
 873532e5f8c7 Pull complete 
 050d9f8c3b1c Extracting [==================================================>]     169B/169B
 050d9f8c3b1c Extracting [==================================================>]     169B/169B
 050d9f8c3b1c Pull complete 
 710e142705f8 Extracting [==================================================>]  5.421kB/5.421kB
 710e142705f8 Extracting [==================================================>]  5.421kB/5.421kB
 eb77aa907276 Extracting [====>                                              ]  81.89MB/907.7MB
 710e142705f8 Pull complete 
 cb628c265f09 Extracting [==================================================>]     184B/184B
 cb628c265f09 Extracting [==================================================>]     184B/184B
 cb628c265f09 Pull complete 
 postgresql Pulled 
 eb77aa907276 Extracting [=====>                                             ]  94.14MB/907.7MB
 eb77aa907276 Extracting [=====>                                             ]  103.1MB/907.7MB
 eb77aa907276 Extracting [======>                                            ]  112.5MB/907.7MB
 eb77aa907276 Extracting [======>                                            ]  121.4MB/907.7MB
 eb77aa907276 Extracting [=======>                                           ]  130.4MB/907.7MB
 eb77aa907276 Extracting [=======>                                           ]  138.7MB/907.7MB
 eb77aa907276 Extracting [========>                                          ]  145.9MB/907.7MB
 eb77aa907276 Extracting [========>                                          ]  154.9MB/907.7MB
 eb77aa907276 Extracting [=========>                                         ]  169.9MB/907.7MB
 eb77aa907276 Extracting [==========>                                        ]  192.7MB/907.7MB
 eb77aa907276 Extracting [===========>                                       ]  211.1MB/907.7MB
 eb77aa907276 Extracting [============>                                      ]  222.8MB/907.7MB
 eb77aa907276 Extracting [============>                                      ]  232.8MB/907.7MB
 eb77aa907276 Extracting [=============>                                     ]  242.9MB/907.7MB
 eb77aa907276 Extracting [==============>                                    ]  262.4MB/907.7MB
 eb77aa907276 Extracting [===============>                                   ]  284.1MB/907.7MB
 eb77aa907276 Extracting [=================>                                 ]  310.3MB/907.7MB
 eb77aa907276 Extracting [==================>                                ]  333.1MB/907.7MB
 eb77aa907276 Extracting [===================>                               ]  354.8MB/907.7MB
 eb77aa907276 Extracting [====================>                              ]  364.9MB/907.7MB
 eb77aa907276 Extracting [====================>                              ]  372.7MB/907.7MB
 eb77aa907276 Extracting [=====================>                             ]  392.2MB/907.7MB
 eb77aa907276 Extracting [=======================>                           ]  417.8MB/907.7MB
 eb77aa907276 Extracting [========================>                          ]  447.3MB/907.7MB
 eb77aa907276 Extracting [==========================>                        ]    478MB/907.7MB
 eb77aa907276 Extracting [============================>                      ]  508.6MB/907.7MB
 eb77aa907276 Extracting [=============================>                     ]  538.1MB/907.7MB
 eb77aa907276 Extracting [===============================>                   ]  570.4MB/907.7MB
 eb77aa907276 Extracting [================================>                  ]  597.2MB/907.7MB
 eb77aa907276 Extracting [==================================>                ]    625MB/907.7MB
 eb77aa907276 Extracting [====================================>              ]  655.7MB/907.7MB
 eb77aa907276 Extracting [=====================================>             ]  685.7MB/907.7MB
 eb77aa907276 Extracting [=======================================>           ]  713.6MB/907.7MB
 eb77aa907276 Extracting [========================================>          ]    742MB/907.7MB
 eb77aa907276 Extracting [==========================================>        ]  764.8MB/907.7MB
 eb77aa907276 Extracting [===========================================>       ]  787.7MB/907.7MB
 eb77aa907276 Extracting [============================================>      ]  809.4MB/907.7MB
 eb77aa907276 Extracting [=============================================>     ]  832.2MB/907.7MB
 eb77aa907276 Extracting [===============================================>   ]  854.5MB/907.7MB
 eb77aa907276 Extracting [================================================>  ]  877.4MB/907.7MB
 eb77aa907276 Extracting [=================================================> ]  901.3MB/907.7MB
 eb77aa907276 Extracting [==================================================>]  907.7MB/907.7MB
 eb77aa907276 Pull complete 
 4f4fb700ef54 Extracting [==================================================>]      32B/32B
 4f4fb700ef54 Extracting [==================================================>]      32B/32B
 4f4fb700ef54 Pull complete 
 0ffa8f8aba1e Extracting [==================================================>]     226B/226B
 0ffa8f8aba1e Extracting [==================================================>]     226B/226B
 0ffa8f8aba1e Pull complete 
 2e81b9cb93cd Extracting [==================================================>]  1.859kB/1.859kB
 2e81b9cb93cd Extracting [==================================================>]  1.859kB/1.859kB
 2e81b9cb93cd Pull complete 
 opensearch Pulled 
 Network docker_services_cli_default  Creating
 Network docker_services_cli_default  Created
 Container docker_services_cli-opensearch-1  Creating
 Container docker_services_cli-postgresql-1  Creating
 Container docker_services_cli-redis-1  Creating
 Container docker_services_cli-opensearch-1  Created
 Container docker_services_cli-redis-1  Created
 Container docker_services_cli-postgresql-1  Created
 Container docker_services_cli-opensearch-1  Starting
 Container docker_services_cli-redis-1  Starting
 Container docker_services_cli-postgresql-1  Starting
 Container docker_services_cli-redis-1  Started
 Container docker_services_cli-postgresql-1  Started
 Container docker_services_cli-opensearch-1  Started
============================= test session starts ==============================
platform linux -- Python 3.14.2, pytest-8.4.2, pluggy-1.6.0
rootdir: /home/runner/work/test-zip-extract-repository/test-zip-extract-repository/workdir/tests/invenio-github/original
configfile: setup.cfg
testpaths: tests, invenio_github
plugins: github-actions-annotate-failures-0.3.0, black-0.6.0, pycodestyle-2.5.0, flask-1.3.0, isort-4.0.0, cov-7.0.0, invenio-4.0.0, mock-3.15.1, pydocstyle-2.4.0
collected 18 items

tests/test_alembic.py .                                                  [  5%]
tests/test_api.py .::warning file=/home/runner/work/test-zip-extract-repository/test-zip-extract-repository/workdir/tests/invenio-github/original/.venv/lib/python3.14/site-packages/invenio_rest/ext.py,line=29::CSRF validation will be enabled by default in the version 1.3.x
::warning file=/home/runner/work/test-zip-extract-repository/test-zip-extract-repository/workdir/tests/invenio-github/original/.venv/lib/python3.14/site-packages/flask_caching/__init__.py,line=145::Using the initialization functions in flask_caching.backend is deprecated.  Use the a full path to backend classes directly.
........                                              [ 55%]
tests/test_invenio_github.py ..                                          [ 66%]
tests/test_models.py .::warning file=/home/runner/work/test-zip-extract-repository/test-zip-extract-repository/workdir/tests/invenio-github/original/.venv/lib/python3.14/site-packages/invenio_rest/ext.py,line=29::CSRF validation will be enabled by default in the version 1.3.x
::warning file=/home/runner/work/test-zip-extract-repository/test-zip-extract-repository/workdir/tests/invenio-github/original/.venv/lib/python3.14/site-packages/flask_caching/__init__.py,line=145::Using the initialization functions in flask_caching.backend is deprecated.  Use the a full path to backend classes directly.
                                                   [ 72%]
tests/test_tasks.py .::warning file=/home/runner/work/test-zip-extract-repository/test-zip-extract-repository/workdir/tests/invenio-github/original/.venv/lib/python3.14/site-packages/invenio_rest/ext.py,line=29::CSRF validation will be enabled by default in the version 1.3.x
::warning file=/home/runner/work/test-zip-extract-repository/test-zip-extract-repository/workdir/tests/invenio-github/original/.venv/lib/python3.14/site-packages/flask_caching/__init__.py,line=145::Using the initialization functions in flask_caching.backend is deprecated.  Use the a full path to backend classes directly.
.                                                   [ 83%]
tests/test_views.py .::warning file=/home/runner/work/test-zip-extract-repository/test-zip-extract-repository/workdir/tests/invenio-github/original/.venv/lib/python3.14/site-packages/invenio_rest/ext.py,line=29::CSRF validation will be enabled by default in the version 1.3.x
::warning file=/home/runner/work/test-zip-extract-repository/test-zip-extract-repository/workdir/tests/invenio-github/original/.venv/lib/python3.14/site-packages/flask_caching/__init__.py,line=145::Using the initialization functions in flask_caching.backend is deprecated.  Use the a full path to backend classes directly.
                                                    [ 88%]
tests/test_webhook.py .::warning file=/home/runner/work/test-zip-extract-repository/test-zip-extract-repository/workdir/tests/invenio-github/original/.venv/lib/python3.14/site-packages/invenio_rest/ext.py,line=29::CSRF validation will be enabled by default in the version 1.3.x
::warning file=/home/runner/work/test-zip-extract-repository/test-zip-extract-repository/workdir/tests/invenio-github/original/.venv/lib/python3.14/site-packages/flask_caching/__init__.py,line=145::Using the initialization functions in flask_caching.backend is deprecated.  Use the a full path to backend classes directly.
.                                                 [100%]

=============================== warnings summary ===============================
tests/test_api.py::test_github_api_create_hook
tests/test_models.py::test_repository_unbound
tests/test_tasks.py::test_real_process_release_task
tests/test_views.py::test_api_init_user
tests/test_webhook.py::test_webhook_post
  /home/runner/work/test-zip-extract-repository/test-zip-extract-repository/workdir/tests/invenio-github/original/.venv/lib/python3.14/site-packages/invenio_rest/ext.py:29: FutureWarning: CSRF validation will be enabled by default in the version 1.3.x
    self.init_app(app)

tests/test_api.py::test_github_api_create_hook
tests/test_models.py::test_repository_unbound
tests/test_tasks.py::test_real_process_release_task
tests/test_views.py::test_api_init_user
tests/test_webhook.py::test_webhook_post
  /home/runner/work/test-zip-extract-repository/test-zip-extract-repository/workdir/tests/invenio-github/original/.venv/lib/python3.14/site-packages/flask_caching/__init__.py:145: DeprecationWarning: Using the initialization functions in flask_caching.backend is deprecated.  Use the a full path to backend classes directly.
    self._set_cache(app, config)

-- Docs: https://docs.pytest.org/en/stable/how-to/capture-warnings.html
================================ tests coverage ================================
_______________ coverage: platform linux, python 3.14.2-final-0 ________________

Name                                                           Stmts   Miss  Cover   Missing
--------------------------------------------------------------------------------------------
invenio_github/__init__.py                                         3      0   100%
invenio_github/alembic/2f62e6442a08_change_datetime_types.py      13      0   100%
invenio_github/alembic/5a5428312b2b_create_github_branch.py       10      0   100%
invenio_github/alembic/b0eaee37b545_create_github_tables.py       20      0   100%
invenio_github/api.py                                            358    151    58%   74, 79-83, 88-96, 118-125, 138, 150, 155, 240-245, 263-269, 293, 298-303, 332, 343, 347-363, 367-371, 375-383, 387-402, 407, 412, 416-419, 433-439, 446-453, 458-460, 465-470, 475-480, 494, 524-530, 535-538, 548-551, 562-583, 591-597, 603-604, 608, 622, 642-650, 653, 664, 668, 672, 687-689, 695-699, 711, 715, 721, 727, 732
invenio_github/config.py                                          31      0   100%
invenio_github/errors.py                                          63     23    63%   42-46, 56-57, 78-80, 90-91, 101-102, 112-113, 123-124, 134-135, 145, 155, 165
invenio_github/ext.py                                             38      6    84%   55, 62-63, 87, 92-93
invenio_github/models.py                                          95      8    92%   92, 97, 102, 107, 198-199, 203, 261
invenio_github/proxies.py                                          3      0   100%
invenio_github/receivers.py                                       41      7    83%   67, 80, 99, 107-108, 110-111
invenio_github/tasks.py                                           87     37    57%   44-47, 52-53, 58-59, 76-95, 113-118, 137-145, 148
invenio_github/utils.py                                           19      9    53%   42-45, 55-59
invenio_github/views/__init__.py                                   0      0   100%
invenio_github/views/badge.py                                     48     32    33%   51-68, 75-92, 100-111, 118-125
invenio_github/views/github.py                                   130     74    43%   46-50, 89-104, 114-139, 156-164, 176-178, 194-220, 235-263
invenio_github/webpack.py                                          2      2     0%   9-11
--------------------------------------------------------------------------------------------
TOTAL                                                            961    349    64%
======================= 18 passed, 10 warnings in 9.46s ========================
 Container docker_services_cli-redis-1  Stopping
 Container docker_services_cli-opensearch-1  Stopping
 Container docker_services_cli-postgresql-1  Stopping
 Container docker_services_cli-postgresql-1  Stopped
 Container docker_services_cli-postgresql-1  Removing
 Container docker_services_cli-postgresql-1  Removed
 Container docker_services_cli-redis-1  Stopped
 Container docker_services_cli-redis-1  Removing
 Container docker_services_cli-redis-1  Removed
 Container docker_services_cli-opensearch-1  Stopped
 Container docker_services_cli-opensearch-1  Removing
 Container docker_services_cli-opensearch-1  Removed
 Network docker_services_cli_default  Removing
 Network docker_services_cli_default  Removed
