 redis Pulling 
 4831516dd0cb Pulling fs layer 
 47a60771af96 Pulling fs layer 
 7b28be0c8c4d Pulling fs layer 
 edcaff0d5e7e Pulling fs layer 
 22dca8215bc4 Pulling fs layer 
 bbf018d6d4b8 Pulling fs layer 
 4f4fb700ef54 Pulling fs layer 
 c5761dea9b0e Pulling fs layer 
 edcaff0d5e7e Waiting 
 22dca8215bc4 Waiting 
 bbf018d6d4b8 Waiting 
 4f4fb700ef54 Waiting 
 c5761dea9b0e Waiting 
 7b28be0c8c4d Downloading [=======================================>           ]     688B/874B
 7b28be0c8c4d Downloading [==================================================>]     874B/874B
 7b28be0c8c4d Verifying Checksum 
 7b28be0c8c4d Download complete 
 47a60771af96 Downloading [================================>                  ]     719B/1.105kB
 47a60771af96 Downloading [==================================================>]  1.105kB/1.105kB
 47a60771af96 Verifying Checksum 
 47a60771af96 Download complete 
 4831516dd0cb Downloading [>                                                  ]  287.7kB/28.23MB
 edcaff0d5e7e Downloading [>                                                  ]  15.57kB/1.438MB
 4831516dd0cb Downloading [===============================================>   ]  26.94MB/28.23MB
 22dca8215bc4 Downloading [>                                                  ]  155.6kB/15.35MB
 4831516dd0cb Download complete 
 edcaff0d5e7e Downloading [==================================================>]  1.438MB/1.438MB
 edcaff0d5e7e Verifying Checksum 
 edcaff0d5e7e Download complete 
 4831516dd0cb Extracting [>                                                  ]  294.9kB/28.23MB
 22dca8215bc4 Verifying Checksum 
 22dca8215bc4 Download complete 
 4f4fb700ef54 Downloading [==================================================>]      32B/32B
 4f4fb700ef54 Verifying Checksum 
 4f4fb700ef54 Download complete 
 bbf018d6d4b8 Downloading [==================================================>]      97B/97B
 bbf018d6d4b8 Verifying Checksum 
 bbf018d6d4b8 Download complete 
 4831516dd0cb Extracting [==========>                                        ]  5.898MB/28.23MB
 c5761dea9b0e Downloading [==================================================>]     573B/573B
 c5761dea9b0e Verifying Checksum 
 c5761dea9b0e Download complete 
 4831516dd0cb Extracting [=================>                                 ]  9.732MB/28.23MB
 4831516dd0cb Extracting [=========================>                         ]  14.45MB/28.23MB
 4831516dd0cb Extracting [========================================>          ]  22.71MB/28.23MB
 4831516dd0cb Extracting [==========================================>        ]  23.89MB/28.23MB
 4831516dd0cb Extracting [===============================================>   ]  26.84MB/28.23MB
 4831516dd0cb Extracting [================================================>  ]  27.43MB/28.23MB
 4831516dd0cb Extracting [==================================================>]  28.23MB/28.23MB
 4831516dd0cb Pull complete 
 47a60771af96 Extracting [==================================================>]  1.105kB/1.105kB
 47a60771af96 Extracting [==================================================>]  1.105kB/1.105kB
 47a60771af96 Pull complete 
 7b28be0c8c4d Extracting [==================================================>]     874B/874B
 7b28be0c8c4d Extracting [==================================================>]     874B/874B
 7b28be0c8c4d Pull complete 
 edcaff0d5e7e Extracting [=>                                                 ]  32.77kB/1.438MB
 edcaff0d5e7e Extracting [==================================================>]  1.438MB/1.438MB
 edcaff0d5e7e Extracting [==================================================>]  1.438MB/1.438MB
 edcaff0d5e7e Pull complete 
 22dca8215bc4 Extracting [>                                                  ]  163.8kB/15.35MB
 22dca8215bc4 Extracting [==========================>                        ]  8.028MB/15.35MB
 22dca8215bc4 Extracting [==================================================>]  15.35MB/15.35MB
 22dca8215bc4 Pull complete 
 bbf018d6d4b8 Extracting [==================================================>]      97B/97B
 bbf018d6d4b8 Extracting [==================================================>]      97B/97B
 bbf018d6d4b8 Pull complete 
 4f4fb700ef54 Extracting [==================================================>]      32B/32B
 4f4fb700ef54 Extracting [==================================================>]      32B/32B
 4f4fb700ef54 Pull complete 
 c5761dea9b0e Extracting [==================================================>]     573B/573B
 c5761dea9b0e Extracting [==================================================>]     573B/573B
 c5761dea9b0e Pull complete 
 redis Pulled 
 Network docker_services_cli_default  Creating
 Network docker_services_cli_default  Created
 Container docker_services_cli-redis-1  Creating
 Container docker_services_cli-redis-1  Created
 Container docker_services_cli-redis-1  Starting
 Container docker_services_cli-redis-1  Started
============================= test session starts ==============================
platform linux -- Python 3.14.2, pytest-8.4.2, pluggy-1.6.0
rootdir: /home/runner/work/test-zip-extract-repository/test-zip-extract-repository/workdir/tests/invenio-cache/original
configfile: setup.cfg
testpaths: tests, invenio_cache
plugins: github-actions-annotate-failures-0.3.0, black-0.6.0, pycodestyle-2.5.0, flask-1.3.0, isort-4.0.0, cov-7.0.0, invenio-4.0.0, mock-3.15.1, pydocstyle-2.4.0
collected 15 items

tests/test_bccache.py .::warning file=/home/runner/work/test-zip-extract-repository/test-zip-extract-repository/workdir/tests/invenio-cache/original/.venv/lib/python3.14/site-packages/flask_caching/__init__.py,line=145::Using the initialization functions in flask_caching.backend is deprecated.  Use the a full path to backend classes directly.
                                                  [  6%]
tests/test_decorator.py .::warning file=/home/runner/work/test-zip-extract-repository/test-zip-extract-repository/workdir/tests/invenio-cache/original/.venv/lib/python3.14/site-packages/flask_caching/__init__.py,line=145::Using the initialization functions in flask_caching.backend is deprecated.  Use the a full path to backend classes directly.
.                                               [ 20%]
tests/test_invenio_cache.py ..::warning file=/home/runner/work/test-zip-extract-repository/test-zip-extract-repository/workdir/tests/invenio-cache/original/.venv/lib/python3.14/site-packages/flask_caching/__init__.py,line=145::Using the initialization functions in flask_caching.backend is deprecated.  Use the a full path to backend classes directly.
::warning file=/home/runner/work/test-zip-extract-repository/test-zip-extract-repository/workdir/tests/invenio-cache/original/.venv/lib/python3.14/site-packages/flask_caching/__init__.py,line=145::Using the initialization functions in flask_caching.backend is deprecated.  Use the a full path to backend classes directly.
.::warning file=/home/runner/work/test-zip-extract-repository/test-zip-extract-repository/workdir/tests/invenio-cache/original/.venv/lib/python3.14/site-packages/flask_caching/__init__.py,line=145::Using the initialization functions in flask_caching.backend is deprecated.  Use the a full path to backend classes directly.
.::warning file=/home/runner/work/test-zip-extract-repository/test-zip-extract-repository/workdir/tests/invenio-cache/original/.venv/lib/python3.14/site-packages/flask_caching/__init__.py,line=145::Using the initialization functions in flask_caching.backend is deprecated.  Use the a full path to backend classes directly.
.::warning file=/home/runner/work/test-zip-extract-repository/test-zip-extract-repository/workdir/tests/invenio-cache/original/.venv/lib/python3.14/site-packages/flask_caching/__init__.py,line=145::Using the initialization functions in flask_caching.backend is deprecated.  Use the a full path to backend classes directly.
..                                      [ 66%]
tests/test_locks.py .::warning file=/home/runner/work/test-zip-extract-repository/test-zip-extract-repository/workdir/tests/invenio-cache/original/.venv/lib/python3.14/site-packages/flask_caching/__init__.py,line=145::Using the initialization functions in flask_caching.backend is deprecated.  Use the a full path to backend classes directly.
.::warning file=/home/runner/work/test-zip-extract-repository/test-zip-extract-repository/workdir/tests/invenio-cache/original/.venv/lib/python3.14/site-packages/flask_caching/__init__.py,line=145::Using the initialization functions in flask_caching.backend is deprecated.  Use the a full path to backend classes directly.
.::warning file=/home/runner/work/test-zip-extract-repository/test-zip-extract-repository/workdir/tests/invenio-cache/original/.venv/lib/python3.14/site-packages/flask_caching/__init__.py,line=145::Using the initialization functions in flask_caching.backend is deprecated.  Use the a full path to backend classes directly.
.::warning file=/home/runner/work/test-zip-extract-repository/test-zip-extract-repository/workdir/tests/invenio-cache/original/.venv/lib/python3.14/site-packages/flask_caching/__init__.py,line=145::Using the initialization functions in flask_caching.backend is deprecated.  Use the a full path to backend classes directly.
                                                 [ 93%]
invenio_cache/__init__.py .::warning file=/home/runner/work/test-zip-extract-repository/test-zip-extract-repository/workdir/tests/invenio-cache/original/.venv/lib/python3.14/site-packages/flask_caching/__init__.py,line=145::Using the initialization functions in flask_caching.backend is deprecated.  Use the a full path to backend classes directly.
                                              [100%]

=============================== warnings summary ===============================
tests/test_bccache.py: 1 warning
tests/test_decorator.py: 1 warning
tests/test_invenio_cache.py: 5 warnings
tests/test_locks.py: 4 warnings
invenio_cache/__init__.py: 1 warning
  /home/runner/work/test-zip-extract-repository/test-zip-extract-repository/workdir/tests/invenio-cache/original/.venv/lib/python3.14/site-packages/flask_caching/__init__.py:145: DeprecationWarning: Using the initialization functions in flask_caching.backend is deprecated.  Use the a full path to backend classes directly.
    self._set_cache(app, config)

-- Docs: https://docs.pytest.org/en/stable/how-to/capture-warnings.html
================================ tests coverage ================================
_______________ coverage: platform linux, python 3.14.2-final-0 ________________

Name                          Stmts   Miss  Cover   Missing
-----------------------------------------------------------
invenio_cache/__init__.py         7      0   100%
invenio_cache/_compat.py          4      0   100%
invenio_cache/bccache.py          7      0   100%
invenio_cache/config.py           8      0   100%
invenio_cache/decorators.py      46      0   100%
invenio_cache/errors.py          14      1    93%   21
invenio_cache/ext.py             28      0   100%
invenio_cache/lock.py            70     11    84%   70, 80, 84, 88, 92, 157, 206, 214-219, 222
invenio_cache/proxies.py          7      0   100%
-----------------------------------------------------------
TOTAL                           191     12    94%
======================= 15 passed, 12 warnings in 0.57s ========================
 Container docker_services_cli-redis-1  Stopping
 Container docker_services_cli-redis-1  Stopped
 Container docker_services_cli-redis-1  Removing
 Container docker_services_cli-redis-1  Removed
 Network docker_services_cli_default  Removing
 Network docker_services_cli_default  Removed
