 redis Pulling 
 rabbitmq Pulling 
 20043066d3d5 Pulling fs layer 
 3fadc669ef11 Pulling fs layer 
 7084ac8f4ab6 Pulling fs layer 
 beb0d870d438 Pulling fs layer 
 d63c4408fdb7 Pulling fs layer 
 efa05c660812 Pulling fs layer 
 f4e7f62f4b80 Pulling fs layer 
 5e1c03b67a78 Pulling fs layer 
 14e6209d5fa8 Pulling fs layer 
 d686b50ce172 Pulling fs layer 
 f4e7f62f4b80 Waiting 
 5e1c03b67a78 Waiting 
 beb0d870d438 Waiting 
 14e6209d5fa8 Waiting 
 d63c4408fdb7 Waiting 
 efa05c660812 Waiting 
 d686b50ce172 Waiting 
 4831516dd0cb Pulling fs layer 
 47a60771af96 Pulling fs layer 
 7b28be0c8c4d Pulling fs layer 
 edcaff0d5e7e Pulling fs layer 
 22dca8215bc4 Pulling fs layer 
 bbf018d6d4b8 Pulling fs layer 
 4831516dd0cb Waiting 
 4f4fb700ef54 Pulling fs layer 
 c5761dea9b0e Pulling fs layer 
 47a60771af96 Waiting 
 7b28be0c8c4d Waiting 
 22dca8215bc4 Waiting 
 4f4fb700ef54 Waiting 
 c5761dea9b0e Waiting 
 bbf018d6d4b8 Waiting 
 edcaff0d5e7e Waiting 
 7084ac8f4ab6 Downloading [>                                                  ]  76.41kB/7.468MB
 20043066d3d5 Downloading [>                                                  ]  298.8kB/29.72MB
 3fadc669ef11 Downloading [>                                                  ]  441.6kB/43.48MB
 7084ac8f4ab6 Verifying Checksum 
 7084ac8f4ab6 Download complete 
 20043066d3d5 Downloading [===============================================>   ]  28.28MB/29.72MB
 3fadc669ef11 Downloading [==========================>                        ]     23MB/43.48MB
 20043066d3d5 Verifying Checksum 
 20043066d3d5 Download complete 
 beb0d870d438 Downloading [===>                                               ]     720B/9.462kB
 beb0d870d438 Downloading [==================================================>]  9.462kB/9.462kB
 beb0d870d438 Verifying Checksum 
 beb0d870d438 Download complete 
 20043066d3d5 Extracting [>                                                  ]  327.7kB/29.72MB
 3fadc669ef11 Verifying Checksum 
 3fadc669ef11 Download complete 
 d63c4408fdb7 Downloading [>                                                  ]  214.7kB/21.31MB
 efa05c660812 Downloading [==================================================>]     189B/189B
 efa05c660812 Verifying Checksum 
 efa05c660812 Download complete 
 20043066d3d5 Extracting [===========>                                       ]  6.554MB/29.72MB
 d63c4408fdb7 Verifying Checksum 
 d63c4408fdb7 Download complete 
 f4e7f62f4b80 Downloading [==================================================>]     109B/109B
 f4e7f62f4b80 Verifying Checksum 
 f4e7f62f4b80 Download complete 
 20043066d3d5 Extracting [=================>                                 ]  10.49MB/29.72MB
 5e1c03b67a78 Downloading [==================================================>]     620B/620B
 5e1c03b67a78 Verifying Checksum 
 5e1c03b67a78 Download complete 
 14e6209d5fa8 Downloading [===========================================>       ]     721B/833B
 14e6209d5fa8 Downloading [==================================================>]     833B/833B
 14e6209d5fa8 Verifying Checksum 
 14e6209d5fa8 Download complete 
 d686b50ce172 Downloading [>                                                  ]  126.4kB/12.47MB
 d686b50ce172 Verifying Checksum 
 d686b50ce172 Download complete 
 20043066d3d5 Extracting [===============================>                   ]  18.68MB/29.72MB
 4831516dd0cb Downloading [>                                                  ]  282.4kB/28.23MB
 47a60771af96 Downloading [================================>                  ]     719B/1.105kB
 47a60771af96 Downloading [==================================================>]  1.105kB/1.105kB
 47a60771af96 Verifying Checksum 
 47a60771af96 Download complete 
 7b28be0c8c4d Downloading [=======================================>           ]     688B/874B
 7b28be0c8c4d Downloading [==================================================>]     874B/874B
 7b28be0c8c4d Verifying Checksum 
 7b28be0c8c4d Download complete 
 4831516dd0cb Downloading [=================================================> ]  28.21MB/28.23MB
 4831516dd0cb Verifying Checksum 
 4831516dd0cb Download complete 
 20043066d3d5 Extracting [==========================================>        ]  25.23MB/29.72MB
 4831516dd0cb Extracting [>                                                  ]  294.9kB/28.23MB
 edcaff0d5e7e Downloading [>                                                  ]  15.74kB/1.438MB
 edcaff0d5e7e Downloading [==================================================>]  1.438MB/1.438MB
 edcaff0d5e7e Verifying Checksum 
 edcaff0d5e7e Download complete 
 22dca8215bc4 Downloading [>                                                  ]  156.1kB/15.35MB
 bbf018d6d4b8 Downloading [==================================================>]      97B/97B
 bbf018d6d4b8 Verifying Checksum 
 bbf018d6d4b8 Download complete 
 20043066d3d5 Extracting [==========================================>        ]  25.56MB/29.72MB
 4831516dd0cb Extracting [===========>                                       ]  6.488MB/28.23MB
 4f4fb700ef54 Downloading [==================================================>]      32B/32B
 4f4fb700ef54 Verifying Checksum 
 4f4fb700ef54 Download complete 
 22dca8215bc4 Verifying Checksum 
 22dca8215bc4 Download complete 
 4831516dd0cb Extracting [=================>                                 ]  9.732MB/28.23MB
 20043066d3d5 Extracting [===============================================>   ]  28.18MB/29.72MB
 c5761dea9b0e Downloading [==================================================>]     573B/573B
 c5761dea9b0e Verifying Checksum 
 c5761dea9b0e Download complete 
 4831516dd0cb Extracting [==========================>                        ]  14.75MB/28.23MB
 20043066d3d5 Extracting [=================================================> ]  29.49MB/29.72MB
 20043066d3d5 Extracting [==================================================>]  29.72MB/29.72MB
 4831516dd0cb Extracting [========================================>          ]  22.71MB/28.23MB
 20043066d3d5 Pull complete 
 3fadc669ef11 Extracting [>                                                  ]  458.8kB/43.48MB
 4831516dd0cb Extracting [==========================================>        ]  23.89MB/28.23MB
 3fadc669ef11 Extracting [===========>                                       ]  9.634MB/43.48MB
 4831516dd0cb Extracting [===============================================>   ]  26.84MB/28.23MB
 3fadc669ef11 Extracting [====================>                              ]  17.43MB/43.48MB
 3fadc669ef11 Extracting [================================>                  ]  27.98MB/43.48MB
 4831516dd0cb Extracting [================================================>  ]  27.43MB/28.23MB
 3fadc669ef11 Extracting [==========================================>        ]  37.16MB/43.48MB
 3fadc669ef11 Extracting [==================================================>]  43.48MB/43.48MB
 4831516dd0cb Extracting [==================================================>]  28.23MB/28.23MB
 4831516dd0cb Pull complete 
 47a60771af96 Extracting [==================================================>]  1.105kB/1.105kB
 47a60771af96 Extracting [==================================================>]  1.105kB/1.105kB
 47a60771af96 Pull complete 
 3fadc669ef11 Pull complete 
 7b28be0c8c4d Extracting [==================================================>]     874B/874B
 7b28be0c8c4d Extracting [==================================================>]     874B/874B
 7084ac8f4ab6 Extracting [>                                                  ]   98.3kB/7.468MB
 7b28be0c8c4d Pull complete 
 edcaff0d5e7e Extracting [=>                                                 ]  32.77kB/1.438MB
 edcaff0d5e7e Extracting [==================================================>]  1.438MB/1.438MB
 edcaff0d5e7e Extracting [==================================================>]  1.438MB/1.438MB
 edcaff0d5e7e Pull complete 
 22dca8215bc4 Extracting [>                                                  ]  163.8kB/15.35MB
 7084ac8f4ab6 Extracting [=========================>                         ]  3.834MB/7.468MB
 7084ac8f4ab6 Extracting [==================================================>]  7.468MB/7.468MB
 7084ac8f4ab6 Extracting [==================================================>]  7.468MB/7.468MB
 22dca8215bc4 Extracting [======================>                            ]  6.881MB/15.35MB
 7084ac8f4ab6 Pull complete 
 beb0d870d438 Extracting [==================================================>]  9.462kB/9.462kB
 beb0d870d438 Extracting [==================================================>]  9.462kB/9.462kB
 beb0d870d438 Pull complete 
 d63c4408fdb7 Extracting [>                                                  ]  229.4kB/21.31MB
 22dca8215bc4 Extracting [================================================>  ]  14.75MB/15.35MB
 22dca8215bc4 Extracting [==================================================>]  15.35MB/15.35MB
 22dca8215bc4 Pull complete 
 bbf018d6d4b8 Extracting [==================================================>]      97B/97B
 bbf018d6d4b8 Extracting [==================================================>]      97B/97B
 bbf018d6d4b8 Pull complete 
 4f4fb700ef54 Extracting [==================================================>]      32B/32B
 4f4fb700ef54 Extracting [==================================================>]      32B/32B
 4f4fb700ef54 Pull complete 
 d63c4408fdb7 Extracting [===============>                                   ]  6.652MB/21.31MB
 c5761dea9b0e Extracting [==================================================>]     573B/573B
 c5761dea9b0e Extracting [==================================================>]     573B/573B
 c5761dea9b0e Pull complete 
 redis Pulled 
 d63c4408fdb7 Extracting [===========================>                       ]   11.7MB/21.31MB
 d63c4408fdb7 Extracting [======================================>            ]  16.29MB/21.31MB
 d63c4408fdb7 Extracting [==============================================>    ]  19.96MB/21.31MB
 d63c4408fdb7 Extracting [=================================================> ]   21.1MB/21.31MB
 d63c4408fdb7 Extracting [==================================================>]  21.31MB/21.31MB
 d63c4408fdb7 Pull complete 
 efa05c660812 Extracting [==================================================>]     189B/189B
 efa05c660812 Extracting [==================================================>]     189B/189B
 efa05c660812 Pull complete 
 f4e7f62f4b80 Extracting [==================================================>]     109B/109B
 f4e7f62f4b80 Extracting [==================================================>]     109B/109B
 f4e7f62f4b80 Pull complete 
 5e1c03b67a78 Extracting [==================================================>]     620B/620B
 5e1c03b67a78 Extracting [==================================================>]     620B/620B
 5e1c03b67a78 Pull complete 
 14e6209d5fa8 Extracting [==================================================>]     833B/833B
 14e6209d5fa8 Extracting [==================================================>]     833B/833B
 14e6209d5fa8 Pull complete 
 d686b50ce172 Extracting [>                                                  ]  131.1kB/12.47MB
 d686b50ce172 Extracting [=====================>                             ]  5.374MB/12.47MB
 d686b50ce172 Extracting [===========================>                       ]  6.947MB/12.47MB
 d686b50ce172 Extracting [=========================================>         ]  10.35MB/12.47MB
 d686b50ce172 Extracting [==================================================>]  12.47MB/12.47MB
 d686b50ce172 Pull complete 
 rabbitmq Pulled 
 Network docker_services_cli_default  Creating
 Network docker_services_cli_default  Created
 Container docker_services_cli-rabbitmq-1  Creating
 Container docker_services_cli-redis-1  Creating
 Container docker_services_cli-rabbitmq-1  Created
 Container docker_services_cli-redis-1  Created
 Container docker_services_cli-redis-1  Starting
 Container docker_services_cli-rabbitmq-1  Starting
 Container docker_services_cli-rabbitmq-1  Started
 Container docker_services_cli-redis-1  Started
/home/runner/work/test-zip-extract-repository/test-zip-extract-repository/workdir/tests/invenio-queues/original/.venv/lib/python3.14/site-packages/_pytest/config/__init__.py:324: PluggyTeardownRaisedWarning: A plugin raised an exception during an old-style hookwrapper teardown.
Plugin: helpconfig, Hook: pytest_cmdline_parse
AttributeError: module 'ast' has no attribute 'Str'
For more information see https://pluggy.readthedocs.io/en/stable/api_reference.html#pluggy.PluggyTeardownRaisedWarning
  config = pluginmanager.hook.pytest_cmdline_parse(
Traceback (most recent call last):
  File "<frozen runpy>", line 198, in _run_module_as_main
  File "<frozen runpy>", line 88, in _run_code
  File "/home/runner/work/test-zip-extract-repository/test-zip-extract-repository/workdir/tests/invenio-queues/original/.venv/lib/python3.14/site-packages/pytest/__main__.py", line 5, in <module>
    raise SystemExit(pytest.console_main())
                     ~~~~~~~~~~~~~~~~~~~^^
  File "/home/runner/work/test-zip-extract-repository/test-zip-extract-repository/workdir/tests/invenio-queues/original/.venv/lib/python3.14/site-packages/_pytest/config/__init__.py", line 187, in console_main
    code = main()
  File "/home/runner/work/test-zip-extract-repository/test-zip-extract-repository/workdir/tests/invenio-queues/original/.venv/lib/python3.14/site-packages/_pytest/config/__init__.py", line 145, in main
    config = _prepareconfig(args, plugins)
  File "/home/runner/work/test-zip-extract-repository/test-zip-extract-repository/workdir/tests/invenio-queues/original/.venv/lib/python3.14/site-packages/_pytest/config/__init__.py", line 324, in _prepareconfig
    config = pluginmanager.hook.pytest_cmdline_parse(
        pluginmanager=pluginmanager, args=args
    )
  File "/home/runner/work/test-zip-extract-repository/test-zip-extract-repository/workdir/tests/invenio-queues/original/.venv/lib/python3.14/site-packages/pluggy/_hooks.py", line 512, in __call__
    return self._hookexec(self.name, self._hookimpls.copy(), kwargs, firstresult)
           ~~~~~~~~~~~~~~^^^^^^^^^^^^^^^^^^^^^^^^^^^^^^^^^^^^^^^^^^^^^^^^^^^^^^^^
  File "/home/runner/work/test-zip-extract-repository/test-zip-extract-repository/workdir/tests/invenio-queues/original/.venv/lib/python3.14/site-packages/pluggy/_manager.py", line 120, in _hookexec
    return self._inner_hookexec(hook_name, methods, kwargs, firstresult)
           ~~~~~~~~~~~~~~~~~~~~^^^^^^^^^^^^^^^^^^^^^^^^^^^^^^^^^^^^^^^^^
  File "/home/runner/work/test-zip-extract-repository/test-zip-extract-repository/workdir/tests/invenio-queues/original/.venv/lib/python3.14/site-packages/pluggy/_callers.py", line 167, in _multicall
    raise exception
  File "/home/runner/work/test-zip-extract-repository/test-zip-extract-repository/workdir/tests/invenio-queues/original/.venv/lib/python3.14/site-packages/pluggy/_callers.py", line 139, in _multicall
    teardown.throw(exception)
    ~~~~~~~~~~~~~~^^^^^^^^^^^
  File "/home/runner/work/test-zip-extract-repository/test-zip-extract-repository/workdir/tests/invenio-queues/original/.venv/lib/python3.14/site-packages/pluggy/_callers.py", line 43, in run_old_style_hookwrapper
    teardown.send(result)
    ~~~~~~~~~~~~~^^^^^^^^
  File "/home/runner/work/test-zip-extract-repository/test-zip-extract-repository/workdir/tests/invenio-queues/original/.venv/lib/python3.14/site-packages/_pytest/helpconfig.py", line 102, in pytest_cmdline_parse
    config: Config = outcome.get_result()
                     ~~~~~~~~~~~~~~~~~~^^
  File "/home/runner/work/test-zip-extract-repository/test-zip-extract-repository/workdir/tests/invenio-queues/original/.venv/lib/python3.14/site-packages/pluggy/_result.py", line 103, in get_result
    raise exc.with_traceback(tb)
  File "/home/runner/work/test-zip-extract-repository/test-zip-extract-repository/workdir/tests/invenio-queues/original/.venv/lib/python3.14/site-packages/pluggy/_callers.py", line 38, in run_old_style_hookwrapper
    res = yield
          ^^^^^
  File "/home/runner/work/test-zip-extract-repository/test-zip-extract-repository/workdir/tests/invenio-queues/original/.venv/lib/python3.14/site-packages/pluggy/_callers.py", line 121, in _multicall
    res = hook_impl.function(*args)
  File "/home/runner/work/test-zip-extract-repository/test-zip-extract-repository/workdir/tests/invenio-queues/original/.venv/lib/python3.14/site-packages/_pytest/config/__init__.py", line 1017, in pytest_cmdline_parse
    self.parse(args)
    ~~~~~~~~~~^^^^^^
  File "/home/runner/work/test-zip-extract-repository/test-zip-extract-repository/workdir/tests/invenio-queues/original/.venv/lib/python3.14/site-packages/_pytest/config/__init__.py", line 1305, in parse
    self._preparse(args, addopts=addopts)
    ~~~~~~~~~~~~~~^^^^^^^^^^^^^^^^^^^^^^^
  File "/home/runner/work/test-zip-extract-repository/test-zip-extract-repository/workdir/tests/invenio-queues/original/.venv/lib/python3.14/site-packages/_pytest/config/__init__.py", line 1188, in _preparse
    self.pluginmanager.load_setuptools_entrypoints("pytest11")
    ~~~~~~~~~~~~~~~~~~~~~~~~~~~~~~~~~~~~~~~~~~~~~~^^^^^^^^^^^^
  File "/home/runner/work/test-zip-extract-repository/test-zip-extract-repository/workdir/tests/invenio-queues/original/.venv/lib/python3.14/site-packages/pluggy/_manager.py", line 416, in load_setuptools_entrypoints
    plugin = ep.load()
  File "/opt/hostedtoolcache/Python/3.14.2/x64/lib/python3.14/importlib/metadata/__init__.py", line 179, in load
    module = import_module(match.group('module'))
  File "/opt/hostedtoolcache/Python/3.14.2/x64/lib/python3.14/importlib/__init__.py", line 88, in import_module
    return _bootstrap._gcd_import(name[level:], package, level)
           ~~~~~~~~~~~~~~~~~~~~~~^^^^^^^^^^^^^^^^^^^^^^^^^^^^^^
  File "<frozen importlib._bootstrap>", line 1398, in _gcd_import
  File "<frozen importlib._bootstrap>", line 1371, in _find_and_load
  File "<frozen importlib._bootstrap>", line 1342, in _find_and_load_unlocked
  File "<frozen importlib._bootstrap>", line 938, in _load_unlocked
  File "/home/runner/work/test-zip-extract-repository/test-zip-extract-repository/workdir/tests/invenio-queues/original/.venv/lib/python3.14/site-packages/_pytest/assertion/rewrite.py", line 159, in exec_module
    source_stat, co = _rewrite_test(fn, self.config)
                      ~~~~~~~~~~~~~^^^^^^^^^^^^^^^^^
  File "/home/runner/work/test-zip-extract-repository/test-zip-extract-repository/workdir/tests/invenio-queues/original/.venv/lib/python3.14/site-packages/_pytest/assertion/rewrite.py", line 338, in _rewrite_test
    rewrite_asserts(tree, source, strfn, config)
    ~~~~~~~~~~~~~~~^^^^^^^^^^^^^^^^^^^^^^^^^^^^^
  File "/home/runner/work/test-zip-extract-repository/test-zip-extract-repository/workdir/tests/invenio-queues/original/.venv/lib/python3.14/site-packages/_pytest/assertion/rewrite.py", line 399, in rewrite_asserts
    AssertionRewriter(module_path, config, source).run(mod)
    ~~~~~~~~~~~~~~~~~~~~~~~~~~~~~~~~~~~~~~~~~~~~~~~~~~^^^^^
  File "/home/runner/work/test-zip-extract-repository/test-zip-extract-repository/workdir/tests/invenio-queues/original/.venv/lib/python3.14/site-packages/_pytest/assertion/rewrite.py", line 670, in run
    and isinstance(item.value, ast.Str)
                               ^^^^^^^
AttributeError: module 'ast' has no attribute 'Str'
 Container docker_services_cli-rabbitmq-1  Stopping
 Container docker_services_cli-redis-1  Stopping
 Container docker_services_cli-redis-1  Stopped
 Container docker_services_cli-redis-1  Removing
 Container docker_services_cli-redis-1  Removed
 Container docker_services_cli-rabbitmq-1  Stopped
 Container docker_services_cli-rabbitmq-1  Removing
 Container docker_services_cli-rabbitmq-1  Removed
 Network docker_services_cli_default  Removing
 Network docker_services_cli_default  Removed
